Component: Arm Compiler for Embedded 6.19 Tool: armlink [5e73cb00]

==============================================================================

Section Cross References

    main.o(.ARM.exidx.text.Delay) refers to main.o(.text.Delay) for [Anonymous Symbol]
    main.o(.ARM.exidx.text.initBuzzer) refers to main.o(.text.initBuzzer) for [Anonymous Symbol]
    main.o(.ARM.exidx.text.initGearSwitch) refers to main.o(.text.initGearSwitch) for [Anonymous Symbol]
    main.o(.text.gearreverseon) refers to main.o(.bss.gearReverse) for gearReverse
    main.o(.ARM.exidx.text.gearreverseon) refers to main.o(.text.gearreverseon) for [Anonymous Symbol]
    main.o(.text.gearreverseoff) refers to main.o(.bss.gearReverse) for gearReverse
    main.o(.ARM.exidx.text.gearreverseoff) refers to main.o(.text.gearreverseoff) for [Anonymous Symbol]
    main.o(.text.GearSwitchTask) refers to main.o(.bss.gearSwitchState) for gearSwitchState
    main.o(.text.GearSwitchTask) refers to main.o(.text.gearreverseoff) for gearreverseoff
    main.o(.text.GearSwitchTask) refers to main.o(.text.gearreverseon) for gearreverseon
    main.o(.text.GearSwitchTask) refers to tasks.o(.text.vTaskDelay) for vTaskDelay
    main.o(.ARM.exidx.text.GearSwitchTask) refers to main.o(.text.GearSwitchTask) for [Anonymous Symbol]
    main.o(.text.I2C_Init) refers to sysctl.o(i.SysCtlPeripheralEnable) for SysCtlPeripheralEnable
    main.o(.text.I2C_Init) refers to sysctl.o(i.SysCtlPeripheralReset) for SysCtlPeripheralReset
    main.o(.text.I2C_Init) refers to gpio.o(i.GPIOPinConfigure) for GPIOPinConfigure
    main.o(.text.I2C_Init) refers to gpio.o(i.GPIOPinTypeI2CSCL) for GPIOPinTypeI2CSCL
    main.o(.text.I2C_Init) refers to gpio.o(i.GPIOPinTypeI2C) for GPIOPinTypeI2C
    main.o(.text.I2C_Init) refers to sysctl.o(i.SysCtlClockGet) for SysCtlClockGet
    main.o(.text.I2C_Init) refers to i2c.o(i.I2CMasterInitExpClk) for I2CMasterInitExpClk
    main.o(.ARM.exidx.text.I2C_Init) refers to main.o(.text.I2C_Init) for [Anonymous Symbol]
    main.o(.text.I2CSendByte) refers to i2c.o(i.I2CMasterSlaveAddrSet) for I2CMasterSlaveAddrSet
    main.o(.text.I2CSendByte) refers to i2c.o(i.I2CMasterDataPut) for I2CMasterDataPut
    main.o(.text.I2CSendByte) refers to i2c.o(i.I2CMasterControl) for I2CMasterControl
    main.o(.text.I2CSendByte) refers to i2c.o(i.I2CMasterBusy) for I2CMasterBusy
    main.o(.ARM.exidx.text.I2CSendByte) refers to main.o(.text.I2CSendByte) for [Anonymous Symbol]
    main.o(.text.expanderWrite) refers to main.o(.text.I2CSendByte) for I2CSendByte
    main.o(.ARM.exidx.text.expanderWrite) refers to main.o(.text.expanderWrite) for [Anonymous Symbol]
    main.o(.text.pulseEnable) refers to main.o(.text.expanderWrite) for expanderWrite
    main.o(.text.pulseEnable) refers to main.o(.text.Delay) for Delay
    main.o(.ARM.exidx.text.pulseEnable) refers to main.o(.text.pulseEnable) for [Anonymous Symbol]
    main.o(.text.write4bits) refers to main.o(.text.expanderWrite) for expanderWrite
    main.o(.text.write4bits) refers to main.o(.text.pulseEnable) for pulseEnable
    main.o(.ARM.exidx.text.write4bits) refers to main.o(.text.write4bits) for [Anonymous Symbol]
    main.o(.text.send) refers to main.o(.text.write4bits) for write4bits
    main.o(.ARM.exidx.text.send) refers to main.o(.text.send) for [Anonymous Symbol]
    main.o(.text.command) refers to main.o(.text.send) for send
    main.o(.ARM.exidx.text.command) refers to main.o(.text.command) for [Anonymous Symbol]
    main.o(.text.write) refers to main.o(.text.send) for send
    main.o(.ARM.exidx.text.write) refers to main.o(.text.write) for [Anonymous Symbol]
    main.o(.text.write_string) refers to main.o(.text.write) for write
    main.o(.ARM.exidx.text.write_string) refers to main.o(.text.write_string) for [Anonymous Symbol]
    main.o(.text.display) refers to main.o(.text.command) for command
    main.o(.ARM.exidx.text.display) refers to main.o(.text.display) for [Anonymous Symbol]
    main.o(.text.configDisplay) refers to main.o(.text.command) for command
    main.o(.ARM.exidx.text.configDisplay) refers to main.o(.text.configDisplay) for [Anonymous Symbol]
    main.o(.text.clear) refers to main.o(.text.command) for command
    main.o(.text.clear) refers to main.o(.text.Delay) for Delay
    main.o(.ARM.exidx.text.clear) refers to main.o(.text.clear) for [Anonymous Symbol]
    main.o(.text.home) refers to main.o(.text.command) for command
    main.o(.text.home) refers to main.o(.text.Delay) for Delay
    main.o(.ARM.exidx.text.home) refers to main.o(.text.home) for [Anonymous Symbol]
    main.o(.text.begin) refers to main.o(.text.I2C_Init) for I2C_Init
    main.o(.text.begin) refers to main.o(.text.Delay) for Delay
    main.o(.text.begin) refers to main.o(.text.expanderWrite) for expanderWrite
    main.o(.text.begin) refers to main.o(.text.write4bits) for write4bits
    main.o(.text.begin) refers to main.o(.text.command) for command
    main.o(.text.begin) refers to main.o(.text.clear) for clear
[...]
    [Anonymous Symbol]                       0x00001774   Section        0  main.o(.text.initGearSwitch)
    [Anonymous Symbol]                       0x000017cc   Section        0  main.o(.text.initIgnitionSwitch)
    [Anonymous Symbol]                       0x00001824   Section        0  main.o(.text.initPotentiometer)
    [Anonymous Symbol]                       0x000018dc   Section        0  main.o(.text.initUltrasonicLEDs)
    [Anonymous Symbol]                       0x00001924   Section        0  main.o(.text.isDoorOpen)
    [Anonymous Symbol]                       0x00001934   Section        0  main.o(.text.main)
    [Anonymous Symbol]                       0x00001a50   Section        0  main.o(.text.print)
    prvAddCurrentTaskToDelayedList           0x00001a75   Thumb Code   270  tasks.o(.text.prvAddCurrentTaskToDelayedList)
    [Anonymous Symbol]                       0x00001a74   Section        0  tasks.o(.text.prvAddCurrentTaskToDelayedList)
    prvAddNewTaskToReadyList                 0x00001b85   Thumb Code   368  tasks.o(.text.prvAddNewTaskToReadyList)
    [Anonymous Symbol]                       0x00001b84   Section        0  tasks.o(.text.prvAddNewTaskToReadyList)
    prvCheckForValidListAndQueue             0x00001cf5   Thumb Code   126  timers.o(.text.prvCheckForValidListAndQueue)
    [Anonymous Symbol]                       0x00001cf4   Section        0  timers.o(.text.prvCheckForValidListAndQueue)
    prvCheckTasksWaitingTermination          0x00001d75   Thumb Code    90  tasks.o(.text.prvCheckTasksWaitingTermination)
    [Anonymous Symbol]                       0x00001d74   Section        0  tasks.o(.text.prvCheckTasksWaitingTermination)
    prvCopyDataFromQueue                     0x00001dd1   Thumb Code    66  queue.o(.text.prvCopyDataFromQueue)
    [Anonymous Symbol]                       0x00001dd0   Section        0  queue.o(.text.prvCopyDataFromQueue)
    prvCopyDataToQueue                       0x00001e15   Thumb Code   204  queue.o(.text.prvCopyDataToQueue)
    [Anonymous Symbol]                       0x00001e14   Section        0  queue.o(.text.prvCopyDataToQueue)
    prvCreateIdleTasks                       0x00001ee1   Thumb Code   200  tasks.o(.text.prvCreateIdleTasks)
    [Anonymous Symbol]                       0x00001ee0   Section        0  tasks.o(.text.prvCreateIdleTasks)
    prvCreateStaticTask                      0x00001fa9   Thumb Code   120  tasks.o(.text.prvCreateStaticTask)
    [Anonymous Symbol]                       0x00001fa8   Section        0  tasks.o(.text.prvCreateStaticTask)
    prvCreateTask                            0x00002021   Thumb Code   142  tasks.o(.text.prvCreateTask)
    [Anonymous Symbol]                       0x00002020   Section        0  tasks.o(.text.prvCreateTask)
    prvDeleteTCB                             0x000020b1   Thumb Code    60  tasks.o(.text.prvDeleteTCB)
    [Anonymous Symbol]                       0x000020b0   Section        0  tasks.o(.text.prvDeleteTCB)
    prvGetDisinheritPriorityAfterTimeout     0x000020ed   Thumb Code    38  queue.o(.text.prvGetDisinheritPriorityAfterTimeout)
    [Anonymous Symbol]                       0x000020ec   Section        0  queue.o(.text.prvGetDisinheritPriorityAfterTimeout)
    prvGetNextExpireTime                     0x00002115   Thumb Code    64  timers.o(.text.prvGetNextExpireTime)
    [Anonymous Symbol]                       0x00002114   Section        0  timers.o(.text.prvGetNextExpireTime)
    prvHeapInit                              0x00002155   Thumb Code   170  heap_4.o(.text.prvHeapInit)
    [Anonymous Symbol]                       0x00002154   Section        0  heap_4.o(.text.prvHeapInit)
    prvIdleTask                              0x00002201   Thumb Code    56  tasks.o(.text.prvIdleTask)
    [Anonymous Symbol]                       0x00002200   Section        0  tasks.o(.text.prvIdleTask)
    prvInitialiseMutex                       0x00002239   Thumb Code    44  queue.o(.text.prvInitialiseMutex)
    [Anonymous Symbol]                       0x00002238   Section        0  queue.o(.text.prvInitialiseMutex)
    prvInitialiseNewQueue                    0x00002265   Thumb Code    72  queue.o(.text.prvInitialiseNewQueue)
    [Anonymous Symbol]                       0x00002264   Section        0  queue.o(.text.prvInitialiseNewQueue)
    prvInitialiseNewTask                     0x000022ad   Thumb Code   230  tasks.o(.text.prvInitialiseNewTask)
    [Anonymous Symbol]                       0x000022ac   Section        0  tasks.o(.text.prvInitialiseNewTask)
    prvInitialiseTaskLists                   0x00002395   Thumb Code   142  tasks.o(.text.prvInitialiseTaskLists)
    [Anonymous Symbol]                       0x00002394   Section        0  tasks.o(.text.prvInitialiseTaskLists)
    prvInsertBlockIntoFreeList               0x00002425   Thumb Code   216  heap_4.o(.text.prvInsertBlockIntoFreeList)
    [Anonymous Symbol]                       0x00002424   Section        0  heap_4.o(.text.prvInsertBlockIntoFreeList)
    prvInsertTimerInActiveList               0x000024fd   Thumb Code   134  timers.o(.text.prvInsertTimerInActiveList)
    [Anonymous Symbol]                       0x000024fc   Section        0  timers.o(.text.prvInsertTimerInActiveList)
    prvIsQueueEmpty                          0x00002585   Thumb Code    40  queue.o(.text.prvIsQueueEmpty)
    [Anonymous Symbol]                       0x00002584   Section        0  queue.o(.text.prvIsQueueEmpty)
    prvIsQueueFull                           0x000025ad   Thumb Code    46  queue.o(.text.prvIsQueueFull)
    [Anonymous Symbol]                       0x000025ac   Section        0  queue.o(.text.prvIsQueueFull)
    prvPortStartFirstTask                    0x000025dd   Thumb Code    40  port.o(.text.prvPortStartFirstTask)
    [Anonymous Symbol]                       0x000025dc   Section        0  port.o(.text.prvPortStartFirstTask)
    prvProcessExpiredTimer                   0x00002605   Thumb Code    84  timers.o(.text.prvProcessExpiredTimer)
    [Anonymous Symbol]                       0x00002604   Section        0  timers.o(.text.prvProcessExpiredTimer)
    prvProcessReceivedCommands               0x00002659   Thumb Code   334  timers.o(.text.prvProcessReceivedCommands)
    [Anonymous Symbol]                       0x00002658   Section        0  timers.o(.text.prvProcessReceivedCommands)
    prvProcessTimerOrBlockTask               0x000027a9   Thumb Code   154  timers.o(.text.prvProcessTimerOrBlockTask)
    [Anonymous Symbol]                       0x000027a8   Section        0  timers.o(.text.prvProcessTimerOrBlockTask)
    prvReloadTimer                           0x00002845   Thumb Code    52  timers.o(.text.prvReloadTimer)
    [Anonymous Symbol]                       0x00002844   Section        0  timers.o(.text.prvReloadTimer)
    prvResetNextTaskUnblockTime              0x00002879   Thumb Code    60  tasks.o(.text.prvResetNextTaskUnblockTime)
    [Anonymous Symbol]                       0x00002878   Section        0  tasks.o(.text.prvResetNextTaskUnblockTime)
    prvSampleTimeNow                         0x000028b5   Thumb Code    68  timers.o(.text.prvSampleTimeNow)
    [Anonymous Symbol]                       0x000028b4   Section        0  timers.o(.text.prvSampleTimeNow)
    prvSwitchTimerLists                      0x000028f9   Thumb Code    82  timers.o(.text.prvSwitchTimerLists)
    [Anonymous Symbol]                       0x000028f8   Section        0  timers.o(.text.prvSwitchTimerLists)
    prvTaskExitError                         0x0000294d   Thumb Code    38  port.o(.text.prvTaskExitError)
    [Anonymous Symbol]                       0x0000294c   Section        0  port.o(.text.prvTaskExitError)
    prvTimerTask                             0x00002975   Thumb Code    30  timers.o(.text.prvTimerTask)
    [Anonymous Symbol]                       0x00002974   Section        0  timers.o(.text.prvTimerTask)
    prvUnlockQueue                           0x00002995   Thumb Code   174  queue.o(.text.prvUnlockQueue)
    [Anonymous Symbol]                       0x00002994   Section        0  queue.o(.text.prvUnlockQueue)
    [Anonymous Symbol]                       0x00002a44   Section        0  main.o(.text.pulseEnable)
    [Anonymous Symbol]                       0x00002a7c   Section        0  heap_4.o(.text.pvPortMalloc)
    [Anonymous Symbol]                       0x00002c34   Section        0  tasks.o(.text.pvTaskIncrementMutexHeldCount)
    [Anonymous Symbol]                       0x00002c58   Section        0  port.o(.text.pxPortInitialiseStack)
    [Anonymous Symbol]                       0x00002cb8   Section        0  main.o(.text.readPotentiometer)
    [Anonymous Symbol]                       0x00002d70   Section        0  main.o(.text.send)
    [Anonymous Symbol]                       0x00002db8   Section        0  main.o(.text.setCursor)
    [Anonymous Symbol]                       0x00002e08   Section        0  main.o(.text.showdoorstatus)
    [Anonymous Symbol]                       0x00002e6c   Section        0  main.o(.text.toggleDoorLock)
    [Anonymous Symbol]                       0x00002ee4   Section        0  list.o(.text.uxListRemove)
    [Anonymous Symbol]                       0x00002f2c   Section        0  tasks.o(.text.vApplicationGetIdleTaskMemory)
    [Anonymous Symbol]                       0x00002f58   Section        0  tasks.o(.text.vApplicationGetTimerTaskMemory)
    [Anonymous Symbol]                       0x00002f84   Section        0  cmsis_os2.o(.text.vApplicationStackOverflowHook)
    [Anonymous Symbol]                       0x00002f90   Section        0  list.o(.text.vListInitialise)
    [Anonymous Symbol]                       0x00002fc0   Section        0  list.o(.text.vListInitialiseItem)
    [Anonymous Symbol]                       0x00002fd0   Section        0  list.o(.text.vListInsert)
    vPortEnableVFP                           0x0000303d   Thumb Code    20  port.o(.text.vPortEnableVFP)
    [Anonymous Symbol]                       0x0000303c   Section        0  port.o(.text.vPortEnableVFP)
    [Anonymous Symbol]                       0x00003050   Section        0  port.o(.text.vPortEnterCritical)
    [Anonymous Symbol]                       0x00003080   Section        0  port.o(.text.vPortExitCritical)
    [Anonymous Symbol]                       0x000030a8   Section        0  heap_4.o(.text.vPortFree)
    [Anonymous Symbol]                       0x00003120   Section        0  port.o(.text.vPortSetupTimerInterrupt)
    [Anonymous Symbol]                       0x00003164   Section        0  queue.o(.text.vQueueWaitForMessageRestricted)
    [Anonymous Symbol]                       0x000031c8   Section        0  tasks.o(.text.vTaskDelay)
    [Anonymous Symbol]                       0x00003214   Section        0  tasks.o(.text.vTaskInternalSetTimeOutState)
    [Anonymous Symbol]                       0x00003238   Section        0  tasks.o(.text.vTaskMissedYield)
    [Anonymous Symbol]                       0x00003248   Section        0  tasks.o(.text.vTaskPlaceOnEventList)
    [Anonymous Symbol]                       0x00003270   Section        0  tasks.o(.text.vTaskPlaceOnEventListRestricted)
    [Anonymous Symbol]                       0x000032d4   Section        0  tasks.o(.text.vTaskPriorityDisinheritAfterTimeout)
    [Anonymous Symbol]                       0x0000340c   Section        0  tasks.o(.text.vTaskStartScheduler)
    [Anonymous Symbol]                       0x00003480   Section        0  tasks.o(.text.vTaskSuspendAll)
    __tagsym$$used.0                         0x00003490   Number         0  tasks.o(.text.vTaskSwitchContext)
    [Anonymous Symbol]                       0x00003490   Section        0  tasks.o(.text.vTaskSwitchContext)
    [Anonymous Symbol]                       0x000035ac   Section        0  main.o(.text.write)
    [Anonymous Symbol]                       0x000035cc   Section        0  main.o(.text.write4bits)
    [Anonymous Symbol]                       0x000035f0   Section        0  main.o(.text.write_string)
    [Anonymous Symbol]                       0x00003630   Section        0  port.o(.text.xPortStartScheduler)
    [Anonymous Symbol]                       0x0000369c   Section        0  port.o(.text.xPortSysTickHandler)
    [Anonymous Symbol]                       0x000036dc   Section        0  queue.o(.text.xQueueCreateMutex)
    [Anonymous Symbol]                       0x00003704   Section        0  queue.o(.text.xQueueGenericCreate)
    [Anonymous Symbol]                       0x0000378c   Section        0  queue.o(.text.xQueueGenericCreateStatic)
    [Anonymous Symbol]                       0x000037f8   Section        0  queue.o(.text.xQueueGenericReset)
    [Anonymous Symbol]                       0x000038c8   Section        0  queue.o(.text.xQueueGenericSend)
    [Anonymous Symbol]                       0x00003a34   Section        0  queue.o(.text.xQueueReceive)
    [Anonymous Symbol]                       0x00003b88   Section        0  queue.o(.text.xQueueSemaphoreTake)
    [Anonymous Symbol]                       0x00003d28   Section        0  tasks.o(.text.xTaskCheckForTimeOut)
    [Anonymous Symbol]                       0x00003dec   Section        0  tasks.o(.text.xTaskCreate)
    [Anonymous Symbol]                       0x00003e40   Section        0  tasks.o(.text.xTaskCreateStatic)
    [Anonymous Symbol]                       0x00003e9c   Section        0  tasks.o(.text.xTaskGetSchedulerState)
    [Anonymous Symbol]                       0x00003ed4   Section        0  tasks.o(.text.xTaskGetTickCount)
    [Anonymous Symbol]                       0x00003ee8   Section        0  tasks.o(.text.xTaskIncrementTick)
    [Anonymous Symbol]                       0x00004148   Section        0  tasks.o(.text.xTaskPriorityDisinherit)
    [Anonymous Symbol]                       0x0000423c   Section        0  tasks.o(.text.xTaskPriorityInherit)
    [Anonymous Symbol]                       0x00004398   Section        0  tasks.o(.text.xTaskRemoveFromEventList)
    [Anonymous Symbol]                       0x0000452c   Section        0  tasks.o(.text.xTaskResumeAll)
    [Anonymous Symbol]                       0x0000476c   Section        0  timers.o(.text.xTimerCreateTimerTask)
    i.GPIODirModeSet                         0x000047e4   Section        0  gpio.o(i.GPIODirModeSet)
    i.GPIOPadConfigSet                       0x0000480c   Section        0  gpio.o(i.GPIOPadConfigSet)
    i.GPIOPinConfigure                       0x0000497c   Section        0  gpio.o(i.GPIOPinConfigure)
    i.GPIOPinTypeI2C                         0x000049c0   Section        0  gpio.o(i.GPIOPinTypeI2C)
    i.GPIOPinTypeI2CSCL                      0x000049dc   Section        0  gpio.o(i.GPIOPinTypeI2CSCL)
    i.I2CMasterBusy                          0x000049f8   Section        0  i2c.o(i.I2CMasterBusy)
    i.I2CMasterControl                       0x00004a04   Section        0  i2c.o(i.I2CMasterControl)
    i.I2CMasterDataPut                       0x00004a08   Section        0  i2c.o(i.I2CMasterDataPut)
    i.I2CMasterInitExpClk                    0x00004a0c   Section        0  i2c.o(i.I2CMasterInitExpClk)
    i.I2CMasterSlaveAddrSet                  0x00004a60   Section        0  i2c.o(i.I2CMasterSlaveAddrSet)
    i.SysCtlClockGet                         0x00004a68   Section        0  sysctl.o(i.SysCtlClockGet)
    i.SysCtlPeripheralEnable                 0x00004bbc   Section        0  sysctl.o(i.SysCtlPeripheralEnable)
    i.SysCtlPeripheralReset                  0x00004be4   Section        0  sysctl.o(i.SysCtlPeripheralReset)
    i.__0snprintf                            0x00004c20   Section        0  printfa.o(i.__0snprintf)
    i.__scatterload_copy                     0x00004c54   Section       14  handlers.o(i.__scatterload_copy)
    i.__scatterload_null                     0x00004c62   Section        2  handlers.o(i.__scatterload_null)
    i.__scatterload_zeroinit                 0x00004c64   Section       14  handlers.o(i.__scatterload_zeroinit)
    _fp_digits                               0x00004c75   Thumb Code   366  printfa.o(i._fp_digits)
    i._fp_digits                             0x00004c74   Section        0  printfa.o(i._fp_digits)
    _printf_core                             0x00004df9   Thumb Code  1744  printfa.o(i._printf_core)
    i._printf_core                           0x00004df8   Section        0  printfa.o(i._printf_core)
    _printf_post_padding                     0x000054d5   Thumb Code    36  printfa.o(i._printf_post_padding)
    i._printf_post_padding                   0x000054d4   Section        0  printfa.o(i._printf_post_padding)
    _printf_pre_padding                      0x000054f9   Thumb Code    46  printfa.o(i._printf_pre_padding)
    i._printf_pre_padding                    0x000054f8   Section        0  printfa.o(i._printf_pre_padding)
    _snputc                                  0x00005527   Thumb Code    22  printfa.o(i._snputc)
    i._snputc                                0x00005526   Section        0  printfa.o(i._snputc)
    g_ppui32GPIOIntMapBlizzard               0x0000553c   Data         192  gpio.o(.constdata)
    .constdata                               0x0000553c   Section      552  gpio.o(.constdata)
    g_ppui32GPIOIntMapSnowflake              0x000055fc   Data         216  gpio.o(.constdata)
    g_pui32GPIOBaseAddrs                     0x000056d4   Data         144  gpio.o(.constdata)
    g_pui32VCOFrequencies                    0x00005764   Data           8  sysctl.o(.constdata)
    .constdata                               0x00005764   Section      596  sysctl.o(.constdata)
    g_pui32Xtals                             0x0000576c   Data         108  sysctl.o(.constdata)
    g_pppui32XTALtoVCO                       0x000057d8   Data         432  sysctl.o(.constdata)
    g_sXTALtoMEMTIM                          0x00005988   Data          48  sysctl.o(.constdata)
    .L.str                                   0x000059b8   Data           2  main.o(.rodata.str1.1)
    [Anonymous Symbol]                       0x000059b8   Section        0  main.o(.rodata.str1.1)
    .L.str.5                                 0x000059ba   Data          18  main.o(.rodata.str1.1)
    .L.str.2                                 0x000059cc   Data          12  main.o(.rodata.str1.1)
    .L.str.1                                 0x000059d8   Data          14  main.o(.rodata.str1.1)
    .L.str.3                                 0x000059e6   Data          18  main.o(.rodata.str1.1)
    .L.str.9                                 0x000059f8   Data          16  main.o(.rodata.str1.1)
    .L.str.10                                0x00005a08   Data          17  main.o(.rodata.str1.1)
    .L.str.8                                 0x00005a19   Data          17  main.o(.rodata.str1.1)
    .L.str.6                                 0x00005a2a   Data          20  main.o(.rodata.str1.1)
    .L.str.11                                0x00005a3e   Data          17  main.o(.rodata.str1.1)
    .L.str.4                                 0x00005a4f   Data          15  main.o(.rodata.str1.1)
    .L.str.7                                 0x00005a5e   Data          17  main.o(.rodata.str1.1)
    .L.str                                   0x00005a6f   Data           5  tasks.o(.rodata.str1.1)
    [Anonymous Symbol]                       0x00005a6f   Section        0  tasks.o(.rodata.str1.1)
    .L.str                                   0x00005a74   Data           8  timers.o(.rodata.str1.1)
    [Anonymous Symbol]                       0x00005a74   Section        0  timers.o(.rodata.str1.1)
    uxTopUsedPriority                        0x00005a7c   Data           4  tasks.o(.rodata.uxTopUsedPriority)
    [Anonymous Symbol]                       0x00005a7c   Section        0  tasks.o(.rodata.uxTopUsedPriority)
    uxCriticalNesting                        0x20000004   Data           4  port.o(.data.uxCriticalNesting)
    [Anonymous Symbol]                       0x20000004   Section        0  port.o(.data.uxCriticalNesting)
    prvCheckForValidListAndQueue.ucStaticTimerQueueStorage 0x2000003c   Data          80  timers.o(.bss.prvCheckForValidListAndQueue.ucStaticTimerQueueStorage)
    [Anonymous Symbol]                       0x2000003c   Section        0  timers.o(.bss.prvCheckForValidListAndQueue.ucStaticTimerQueueStorage)
    prvCheckForValidListAndQueue.xStaticTimerQueue 0x2000008c   Data          80  timers.o(.bss.prvCheckForValidListAndQueue.xStaticTimerQueue)
    [Anonymous Symbol]                       0x2000008c   Section        0  timers.o(.bss.prvCheckForValidListAndQueue.xStaticTimerQueue)
    prvSampleTimeNow.xLastTime               0x200000dc   Data           4  timers.o(.bss.prvSampleTimeNow.xLastTime)
    [Anonymous Symbol]                       0x200000dc   Section        0  timers.o(.bss.prvSampleTimeNow.xLastTime)
    __tagsym$$used.1                         0x200000e0   Number         0  tasks.o(.bss.pxCurrentTCB)
    pxCurrentTimerList                       0x200000e4   Data           4  timers.o(.bss.pxCurrentTimerList)
    [Anonymous Symbol]                       0x200000e4   Section        0  timers.o(.bss.pxCurrentTimerList)
    pxDelayedTaskList                        0x200000e8   Data           4  tasks.o(.bss.pxDelayedTaskList)
    [Anonymous Symbol]                       0x200000e8   Section        0  tasks.o(.bss.pxDelayedTaskList)
    pxEnd                                    0x200000ec   Data           4  heap_4.o(.bss.pxEnd)
    [Anonymous Symbol]                       0x200000ec   Section        0  heap_4.o(.bss.pxEnd)
    pxOverflowDelayedTaskList                0x200000f0   Data           4  tasks.o(.bss.pxOverflowDelayedTaskList)
    [Anonymous Symbol]                       0x200000f0   Section        0  tasks.o(.bss.pxOverflowDelayedTaskList)
    pxOverflowTimerList                      0x200000f4   Data           4  timers.o(.bss.pxOverflowTimerList)
    [Anonymous Symbol]                       0x200000f4   Section        0  timers.o(.bss.pxOverflowTimerList)
    pxReadyTasksLists                        0x200000f8   Data        1120  tasks.o(.bss.pxReadyTasksLists)
    [Anonymous Symbol]                       0x200000f8   Section        0  tasks.o(.bss.pxReadyTasksLists)
    ucHeap                                   0x20000560   Data        8192  heap_4.o(.bss.ucHeap)
    [Anonymous Symbol]                       0x20000560   Section        0  heap_4.o(.bss.ucHeap)
    uxCurrentNumberOfTasks                   0x20002560   Data           4  tasks.o(.bss.uxCurrentNumberOfTasks)
    [Anonymous Symbol]                       0x20002560   Section        0  tasks.o(.bss.uxCurrentNumberOfTasks)
    uxDeletedTasksWaitingCleanUp             0x20002564   Data           4  tasks.o(.bss.uxDeletedTasksWaitingCleanUp)
    [Anonymous Symbol]                       0x20002564   Section        0  tasks.o(.bss.uxDeletedTasksWaitingCleanUp)
    uxSchedulerSuspended                     0x20002568   Data           4  tasks.o(.bss.uxSchedulerSuspended)
    [Anonymous Symbol]                       0x20002568   Section        0  tasks.o(.bss.uxSchedulerSuspended)
    uxTaskNumber                             0x2000256c   Data           4  tasks.o(.bss.uxTaskNumber)
    [Anonymous Symbol]                       0x2000256c   Section        0  tasks.o(.bss.uxTaskNumber)
    uxTopReadyPriority                       0x20002570   Data           4  tasks.o(.bss.uxTopReadyPriority)
    [Anonymous Symbol]                       0x20002570   Section        0  tasks.o(.bss.uxTopReadyPriority)
    vApplicationGetIdleTaskMemory.uxIdleTaskStack 0x20002574   Data         512  tasks.o(.bss.vApplicationGetIdleTaskMemory.uxIdleTaskStack)
    [Anonymous Symbol]                       0x20002574   Section        0  tasks.o(.bss.vApplicationGetIdleTaskMemory.uxIdleTaskStack)
    vApplicationGetIdleTaskMemory.xIdleTaskTCB 0x20002774   Data          92  tasks.o(.bss.vApplicationGetIdleTaskMemory.xIdleTaskTCB)
    [Anonymous Symbol]                       0x20002774   Section        0  tasks.o(.bss.vApplicationGetIdleTaskMemory.xIdleTaskTCB)
    vApplicationGetTimerTaskMemory.uxTimerTaskStack 0x200027d0   Data         320  tasks.o(.bss.vApplicationGetTimerTaskMemory.uxTimerTaskStack)
    [Anonymous Symbol]                       0x200027d0   Section        0  tasks.o(.bss.vApplicationGetTimerTaskMemory.uxTimerTaskStack)
    vApplicationGetTimerTaskMemory.xTimerTaskTCB 0x20002910   Data          92  tasks.o(.bss.vApplicationGetTimerTaskMemory.xTimerTaskTCB)
    [Anonymous Symbol]                       0x20002910   Section        0  tasks.o(.bss.vApplicationGetTimerTaskMemory.xTimerTaskTCB)
    xActiveTimerList1                        0x2000296c   Data          20  timers.o(.bss.xActiveTimerList1)
    [Anonymous Symbol]                       0x2000296c   Section        0  timers.o(.bss.xActiveTimerList1)
    xActiveTimerList2                        0x20002980   Data          20  timers.o(.bss.xActiveTimerList2)
    [Anonymous Symbol]                       0x20002980   Section        0  timers.o(.bss.xActiveTimerList2)
    xDelayedTaskList1                        0x20002994   Data          20  tasks.o(.bss.xDelayedTaskList1)
    [Anonymous Symbol]                       0x20002994   Section        0  tasks.o(.bss.xDelayedTaskList1)
    xDelayedTaskList2                        0x200029a8   Data          20  tasks.o(.bss.xDelayedTaskList2)
    [Anonymous Symbol]                       0x200029a8   Section        0  tasks.o(.bss.xDelayedTaskList2)
    xFreeBytesRemaining                      0x200029bc   Data           4  heap_4.o(.bss.xFreeBytesRemaining)
    [Anonymous Symbol]                       0x200029bc   Section        0  heap_4.o(.bss.xFreeBytesRemaining)
    xIdleTaskHandles                         0x200029c0   Data           4  tasks.o(.bss.xIdleTaskHandles)
    [Anonymous Symbol]                       0x200029c0   Section        0  tasks.o(.bss.xIdleTaskHandles)
    xMinimumEverFreeBytesRemaining           0x200029c4   Data           4  heap_4.o(.bss.xMinimumEverFreeBytesRemaining)
    [Anonymous Symbol]                       0x200029c4   Section        0  heap_4.o(.bss.xMinimumEverFreeBytesRemaining)
    xNextTaskUnblockTime                     0x200029cc   Data           4  tasks.o(.bss.xNextTaskUnblockTime)
    [Anonymous Symbol]                       0x200029cc   Section        0  tasks.o(.bss.xNextTaskUnblockTime)
    xNumOfOverflows                          0x200029d0   Data           4  tasks.o(.bss.xNumOfOverflows)
    [Anonymous Symbol]                       0x200029d0   Section        0  tasks.o(.bss.xNumOfOverflows)
    xNumberOfSuccessfulAllocations           0x200029d4   Data           4  heap_4.o(.bss.xNumberOfSuccessfulAllocations)
    [Anonymous Symbol]                       0x200029d4   Section        0  heap_4.o(.bss.xNumberOfSuccessfulAllocations)
    xNumberOfSuccessfulFrees                 0x200029d8   Data           4  heap_4.o(.bss.xNumberOfSuccessfulFrees)
    [Anonymous Symbol]                       0x200029d8   Section        0  heap_4.o(.bss.xNumberOfSuccessfulFrees)
    xPendedTicks                             0x200029dc   Data           4  tasks.o(.bss.xPendedTicks)
    [Anonymous Symbol]                       0x200029dc   Section        0  tasks.o(.bss.xPendedTicks)
    xPendingReadyList                        0x200029e0   Data          20  tasks.o(.bss.xPendingReadyList)
    [Anonymous Symbol]                       0x200029e0   Section        0  tasks.o(.bss.xPendingReadyList)
    xSchedulerRunning                        0x200029f4   Data           4  tasks.o(.bss.xSchedulerRunning)
    [Anonymous Symbol]                       0x200029f4   Section        0  tasks.o(.bss.xSchedulerRunning)
    xStart                                   0x200029f8   Data           8  heap_4.o(.bss.xStart)
    [Anonymous Symbol]                       0x200029f8   Section        0  heap_4.o(.bss.xStart)
    xSuspendedTaskList                       0x20002a00   Data          20  tasks.o(.bss.xSuspendedTaskList)
    [Anonymous Symbol]                       0x20002a00   Section        0  tasks.o(.bss.xSuspendedTaskList)
    xTasksWaitingTermination                 0x20002a14   Data          20  tasks.o(.bss.xTasksWaitingTermination)
    [Anonymous Symbol]                       0x20002a14   Section        0  tasks.o(.bss.xTasksWaitingTermination)
    xTickCount                               0x20002a28   Data           4  tasks.o(.bss.xTickCount)
    [Anonymous Symbol]                       0x20002a28   Section        0  tasks.o(.bss.xTickCount)
    xTimerQueue                              0x20002a2c   Data           4  timers.o(.bss.xTimerQueue)
    [Anonymous Symbol]                       0x20002a2c   Section        0  timers.o(.bss.xTimerQueue)
    xTimerTaskHandle                         0x20002a30   Data           4  timers.o(.bss.xTimerTaskHandle)
    [Anonymous Symbol]                       0x20002a30   Section        0  timers.o(.bss.xTimerTaskHandle)
    xYieldPendings                           0x20002a34   Data           4  tasks.o(.bss.xYieldPendings)
    [Anonymous Symbol]                       0x20002a34   Section        0  tasks.o(.bss.xYieldPendings)
    STACK                                    0x20002a38   Section      512  startup_tm4c123.o(STACK)

    Global Symbols

    Symbol Name                              Value     Ov Type        Size  Object(Section)

    BuildAttributes$$THM_ISAv4$E$P$D$K$B$S$7EM$VFPi3$EXTD16$VFPS$VFMA$PE$A:L22UL41UL21$X:L11$S22US41US21$IEEE1$IW$~IW$USESV6$~STKCKD$USESV7$~SHL$OTIME$ROPI$EBA8$MICROLIB$REQ8$PRES8$EABIv2 0x00000000   Number         0  anon$$obj.o ABSOLUTE
    __Vectors                                0x00000000   Data           4  startup_tm4c123.o(RESET)
    __cpp_initialize__aeabi_                  - Undefined Weak Reference
    __cxa_finalize                            - Undefined Weak Reference
    __decompress                              - Undefined Weak Reference
    _clock_init                               - Undefined Weak Reference
    _microlib_exit                            - Undefined Weak Reference
    __Vectors_End                            0x0000026c   Data           0  startup_tm4c123.o(RESET)
    __Vectors_Size                           0x0000026c   Number         0  startup_tm4c123.o ABSOLUTE
    __main                                   0x0000026d   Thumb Code     0  entry.o(.ARM.Collect$$$$00000000)
    _main_stk                                0x0000026d   Thumb Code     0  entry2.o(.ARM.Collect$$$$00000001)
    _main_scatterload                        0x00000271   Thumb Code     0  entry5.o(.ARM.Collect$$$$00000004)
    __main_after_scatterload                 0x00000275   Thumb Code     0  entry5.o(.ARM.Collect$$$$00000004)
    _main_clock                              0x00000275   Thumb Code     0  entry7b.o(.ARM.Collect$$$$00000008)
    _main_cpp_init                           0x00000275   Thumb Code     0  entry8b.o(.ARM.Collect$$$$0000000A)
    _main_init                               0x00000275   Thumb Code     0  entry9a.o(.ARM.Collect$$$$0000000B)
    __rt_final_cpp                           0x0000027d   Thumb Code     0  entry10a.o(.ARM.Collect$$$$0000000D)
    __rt_final_exit                          0x0000027d   Thumb Code     0  entry11a.o(.ARM.Collect$$$$0000000F)
    Reset_Handler                            0x00000281   Thumb Code     8  startup_tm4c123.o(.text)
    NMI_Handler                              0x00000289   Thumb Code     2  startup_tm4c123.o(.text)
    HardFault_Handler                        0x0000028b   Thumb Code     2  startup_tm4c123.o(.text)
    MemManage_Handler                        0x0000028d   Thumb Code     2  startup_tm4c123.o(.text)
    BusFault_Handler                         0x0000028f   Thumb Code     2  startup_tm4c123.o(.text)
    UsageFault_Handler                       0x00000291   Thumb Code     2  startup_tm4c123.o(.text)
    DebugMon_Handler                         0x00000295   Thumb Code     2  startup_tm4c123.o(.text)
    GPIOA_Handler                            0x0000029b   Thumb Code     2  startup_tm4c123.o(.text)
    GPIOB_Handler                            0x0000029d   Thumb Code     2  startup_tm4c123.o(.text)
    GPIOC_Handler                            0x0000029f   Thumb Code     2  startup_tm4c123.o(.text)
    GPIOD_Handler                            0x000002a1   Thumb Code     2  startup_tm4c123.o(.text)
    GPIOE_Handler                            0x000002a3   Thumb Code     2  startup_tm4c123.o(.text)
    UART0_Handler                            0x000002a5   Thumb Code     2  startup_tm4c123.o(.text)
    UART1_Handler                            0x000002a7   Thumb Code     2  startup_tm4c123.o(.text)
    SSI0_Handler                             0x000002a9   Thumb Code     2  startup_tm4c123.o(.text)
    I2C0_Handler                             0x000002ab   Thumb Code     2  startup_tm4c123.o(.text)
    PMW0_FAULT_Handler                       0x000002ad   Thumb Code     2  startup_tm4c123.o(.text)
    PWM0_0_Handler                           0x000002af   Thumb Code     2  startup_tm4c123.o(.text)
    PWM0_1_Handler                           0x000002b1   Thumb Code     2  startup_tm4c123.o(.text)
    PWM0_2_Handler                           0x000002b3   Thumb Code     2  startup_tm4c123.o(.text)
    QEI0_Handler                             0x000002b5   Thumb Code     2  startup_tm4c123.o(.text)
    ADC0SS0_Handler                          0x000002b7   Thumb Code     2  startup_tm4c123.o(.text)
    ADC0SS1_Handler                          0x000002b9   Thumb Code     2  startup_tm4c123.o(.text)
    ADC0SS2_Handler                          0x000002bb   Thumb Code     2  startup_tm4c123.o(.text)
    ADC0SS3_Handler                          0x000002bd   Thumb Code     2  startup_tm4c123.o(.text)
    WDT0_Handler                             0x000002bf   Thumb Code     2  startup_tm4c123.o(.text)
    TIMER0A_Handler                          0x000002c1   Thumb Code     2  startup_tm4c123.o(.text)
    TIMER0B_Handler                          0x000002c3   Thumb Code     2  startup_tm4c123.o(.text)
    TIMER1A_Handler                          0x000002c5   Thumb Code     2  startup_tm4c123.o(.text)
    TIMER1B_Handler                          0x000002c7   Thumb Code     2  startup_tm4c123.o(.text)
    TIMER2A_Handler                          0x000002c9   Thumb Code     2  startup_tm4c123.o(.text)
    TIMER2B_Handler                          0x000002cb   Thumb Code     2  startup_tm4c123.o(.text)
    COMP0_Handler                            0x000002cd   Thumb Code     2  startup_tm4c123.o(.text)
    COMP1_Handler                            0x000002cf   Thumb Code     2  startup_tm4c123.o(.text)
    COMP2_Handler                            0x000002d1   Thumb Code     2  startup_tm4c123.o(.text)
    SYSCTL_Handler                           0x000002d3   Thumb Code     2  startup_tm4c123.o(.text)
    FLASH_Handler                            0x000002d5   Thumb Code     2  startup_tm4c123.o(.text)
    GPIOF_Handler                            0x000002d7   Thumb Code     2  startup_tm4c123.o(.text)
    GPIOG_Handler                            0x000002d9   Thumb Code     2  startup_tm4c123.o(.text)
    GPIOH_Handler                            0x000002db   Thumb Code     2  startup_tm4c123.o(.text)
    UART2_Handler                            0x000002dd   Thumb Code     2  startup_tm4c123.o(.text)
    SSI1_Handler                             0x000002df   Thumb Code     2  startup_tm4c123.o(.text)
    TIMER3A_Handler                          0x000002e1   Thumb Code     2  startup_tm4c123.o(.text)
    TIMER3B_Handler                          0x000002e3   Thumb Code     2  startup_tm4c123.o(.text)
    I2C1_Handler                             0x000002e5   Thumb Code     2  startup_tm4c123.o(.text)
    QEI1_Handler                             0x000002e7   Thumb Code     2  startup_tm4c123.o(.text)
    CAN0_Handler                             0x000002e9   Thumb Code     2  startup_tm4c123.o(.text)
    CAN1_Handler                             0x000002eb   Thumb Code     2  startup_tm4c123.o(.text)
    CAN2_Handler                             0x000002ed   Thumb Code     2  startup_tm4c123.o(.text)
    HIB_Handler                              0x000002ef   Thumb Code     2  startup_tm4c123.o(.text)
    USB0_Handler                             0x000002f1   Thumb Code     2  startup_tm4c123.o(.text)
    PWM0_3_Handler                           0x000002f3   Thumb Code     2  startup_tm4c123.o(.text)
    UDMA_Handler                             0x000002f5   Thumb Code     2  startup_tm4c123.o(.text)
    UDMAERR_Handler                          0x000002f7   Thumb Code     2  startup_tm4c123.o(.text)
    ADC1SS0_Handler                          0x000002f9   Thumb Code     2  startup_tm4c123.o(.text)
    ADC1SS1_Handler                          0x000002fb   Thumb Code     2  startup_tm4c123.o(.text)
    ADC1SS2_Handler                          0x000002fd   Thumb Code     2  startup_tm4c123.o(.text)
    ADC1SS3_Handler                          0x000002ff   Thumb Code     2  startup_tm4c123.o(.text)
    GPIOJ_Handler                            0x00000301   Thumb Code     2  startup_tm4c123.o(.text)
    GPIOK_Handler                            0x00000303   Thumb Code     2  startup_tm4c123.o(.text)
    GPIOL_Handler                            0x00000305   Thumb Code     2  startup_tm4c123.o(.text)
    SSI2_Handler                             0x00000307   Thumb Code     2  startup_tm4c123.o(.text)
    SSI3_Handler                             0x00000309   Thumb Code     2  startup_tm4c123.o(.text)
    UART3_Handler                            0x0000030b   Thumb Code     2  startup_tm4c123.o(.text)
    UART4_Handler                            0x0000030d   Thumb Code     2  startup_tm4c123.o(.text)
    UART5_Handler                            0x0000030f   Thumb Code     2  startup_tm4c123.o(.text)
    UART6_Handler                            0x00000311   Thumb Code     2  startup_tm4c123.o(.text)
    UART7_Handler                            0x00000313   Thumb Code     2  startup_tm4c123.o(.text)
    I2C2_Handler                             0x00000315   Thumb Code     2  startup_tm4c123.o(.text)
    I2C3_Handler                             0x00000317   Thumb Code     2  startup_tm4c123.o(.text)
    TIMER4A_Handler                          0x00000319   Thumb Code     2  startup_tm4c123.o(.text)
    TIMER4B_Handler                          0x0000031b   Thumb Code     2  startup_tm4c123.o(.text)
    TIMER5A_Handler                          0x0000031d   Thumb Code     2  startup_tm4c123.o(.text)
    TIMER5B_Handler                          0x0000031f   Thumb Code     2  startup_tm4c123.o(.text)
    WTIMER0A_Handler                         0x00000321   Thumb Code     2  startup_tm4c123.o(.text)
    WTIMER0B_Handler                         0x00000323   Thumb Code     2  startup_tm4c123.o(.text)
    WTIMER1A_Handler                         0x00000325   Thumb Code     2  startup_tm4c123.o(.text)
    WTIMER1B_Handler                         0x00000327   Thumb Code     2  startup_tm4c123.o(.text)
    WTIMER2A_Handler                         0x00000329   Thumb Code     2  startup_tm4c123.o(.text)
    WTIMER2B_Handler                         0x0000032b   Thumb Code     2  startup_tm4c123.o(.text)
    WTIMER3A_Handler                         0x0000032d   Thumb Code     2  startup_tm4c123.o(.text)
    WTIMER3B_Handler                         0x0000032f   Thumb Code     2  startup_tm4c123.o(.text)
    WTIMER4A_Handler                         0x00000331   Thumb Code     2  startup_tm4c123.o(.text)
    WTIMER4B_Handler                         0x00000333   Thumb Code     2  startup_tm4c123.o(.text)
    WTIMER5A_Handler                         0x00000335   Thumb Code     2  startup_tm4c123.o(.text)
    WTIMER5B_Handler                         0x00000337   Thumb Code     2  startup_tm4c123.o(.text)
    FPU_Handler                              0x00000339   Thumb Code     2  startup_tm4c123.o(.text)
    I2C4_Handler                             0x0000033b   Thumb Code     2  startup_tm4c123.o(.text)
    I2C5_Handler                             0x0000033d   Thumb Code     2  startup_tm4c123.o(.text)
    GPIOM_Handler                            0x0000033f   Thumb Code     2  startup_tm4c123.o(.text)
    GPION_Handler                            0x00000341   Thumb Code     2  startup_tm4c123.o(.text)
    QEI2_Handler                             0x00000343   Thumb Code     2  startup_tm4c123.o(.text)
    GPIOP0_Handler                           0x00000345   Thumb Code     2  startup_tm4c123.o(.text)
    GPIOP1_Handler                           0x00000347   Thumb Code     2  startup_tm4c123.o(.text)
    GPIOP2_Handler                           0x00000349   Thumb Code     2  startup_tm4c123.o(.text)
    GPIOP3_Handler                           0x0000034b   Thumb Code     2  startup_tm4c123.o(.text)
    GPIOP4_Handler                           0x0000034d   Thumb Code     2  startup_tm4c123.o(.text)
    GPIOP5_Handler                           0x0000034f   Thumb Code     2  startup_tm4c123.o(.text)
    GPIOP6_Handler                           0x00000351   Thumb Code     2  startup_tm4c123.o(.text)
    GPIOP7_Handler                           0x00000353   Thumb Code     2  startup_tm4c123.o(.text)
    GPIOQ0_Handler                           0x00000355   Thumb Code     2  startup_tm4c123.o(.text)
    GPIOQ1_Handler                           0x00000357   Thumb Code     2  startup_tm4c123.o(.text)
    GPIOQ2_Handler                           0x00000359   Thumb Code     2  startup_tm4c123.o(.text)
    GPIOQ3_Handler                           0x0000035b   Thumb Code     2  startup_tm4c123.o(.text)
    GPIOQ4_Handler                           0x0000035d   Thumb Code     2  startup_tm4c123.o(.text)
    GPIOQ5_Handler                           0x0000035f   Thumb Code     2  startup_tm4c123.o(.text)
    GPIOQ6_Handler                           0x00000361   Thumb Code     2  startup_tm4c123.o(.text)
    GPIOQ7_Handler                           0x00000363   Thumb Code     2  startup_tm4c123.o(.text)
    GPIOR_Handler                            0x00000365   Thumb Code     2  startup_tm4c123.o(.text)
    GPIOS_Handler                            0x00000367   Thumb Code     2  startup_tm4c123.o(.text)
    PMW1_0_Handler                           0x00000369   Thumb Code     2  startup_tm4c123.o(.text)
    PWM1_1_Handler                           0x0000036b   Thumb Code     2  startup_tm4c123.o(.text)
    PWM1_2_Handler                           0x0000036d   Thumb Code     2  startup_tm4c123.o(.text)
    PWM1_3_Handler                           0x0000036f   Thumb Code     2  startup_tm4c123.o(.text)
    PWM1_FAULT_Handler                       0x00000371   Thumb Code     2  startup_tm4c123.o(.text)
    __aeabi_memcpy                           0x0000037d   Thumb Code    36  memcpya.o(.text)
    __aeabi_memcpy4                          0x0000037d   Thumb Code     0  memcpya.o(.text)
    __aeabi_memcpy8                          0x0000037d   Thumb Code     0  memcpya.o(.text)
    __aeabi_memset                           0x000003a1   Thumb Code    14  memseta.o(.text)
    __aeabi_memset4                          0x000003a1   Thumb Code     0  memseta.o(.text)
    __aeabi_memset8                          0x000003a1   Thumb Code     0  memseta.o(.text)
    __aeabi_memclr                           0x000003af   Thumb Code     4  memseta.o(.text)
    __aeabi_memclr4                          0x000003af   Thumb Code     0  memseta.o(.text)
    __aeabi_memclr8                          0x000003af   Thumb Code     0  memseta.o(.text)
    _memset$wrapper                          0x000003b3   Thumb Code    18  memseta.o(.text)
    strlen                                   0x000003c5   Thumb Code    14  strlen.o(.text)
    __aeabi_dmul                             0x000003d3   Thumb Code   228  dmul.o(.text)
    __aeabi_ddiv                             0x000004b7   Thumb Code   222  ddiv.o(.text)
    __aeabi_i2d                              0x00000595   Thumb Code    34  dflti.o(.text)
    __aeabi_f2d                              0x000005b7   Thumb Code    38  f2d.o(.text)
    __aeabi_d2f                              0x000005dd   Thumb Code    56  d2f.o(.text)
    __aeabi_uidiv                            0x00000615   Thumb Code     0  uidiv.o(.text)
    __aeabi_uidivmod                         0x00000615   Thumb Code    44  uidiv.o(.text)
    __aeabi_uldivmod                         0x00000641   Thumb Code    98  uldiv.o(.text)
    __I$use$fp                               0x000006a3   Thumb Code     0  iusefp.o(.text)
    _float_round                             0x000006a3   Thumb Code    18  fepilogue.o(.text)
    _float_epilogue                          0x000006b5   Thumb Code    92  fepilogue.o(.text)
    _double_round                            0x00000711   Thumb Code    30  depilogue.o(.text)
    _double_epilogue                         0x0000072f   Thumb Code   156  depilogue.o(.text)
    __aeabi_dadd                             0x000007cb   Thumb Code   322  dadd.o(.text)
    __aeabi_dsub                             0x0000090d   Thumb Code     6  dadd.o(.text)
    __aeabi_drsub                            0x00000913   Thumb Code     6  dadd.o(.text)
    __aeabi_d2ulz                            0x00000919   Thumb Code    48  dfixul.o(.text)
    __aeabi_cdrcmple                         0x00000949   Thumb Code    48  cdrcmple.o(.text)
    __scatterload                            0x00000979   Thumb Code    28  init.o(.text)
    __scatterload_rt2                        0x00000979   Thumb Code     0  init.o(.text)
    __aeabi_llsl                             0x0000099d   Thumb Code    30  llshl.o(.text)
    _ll_shift_l                              0x0000099d   Thumb Code     0  llshl.o(.text)
    __aeabi_llsr                             0x000009bb   Thumb Code    32  llushr.o(.text)
    _ll_ushift_r                             0x000009bb   Thumb Code     0  llushr.o(.text)
    __aeabi_lasr                             0x000009db   Thumb Code    36  llsshr.o(.text)
    _ll_sshift_r                             0x000009db   Thumb Code     0  llsshr.o(.text)
    ADC_Read                                 0x00000a01   Thumb Code    72  main.o(.text.ADC_Read)
    ButtonControlTask                        0x00000a49   Thumb Code   152  main.o(.text.ButtonControlTask)
    Delay                                    0x00000ae1   Thumb Code    42  main.o(.text.Delay)
    Delay_MicroSecond                        0x00000b0d   Thumb Code   148  main.o(.text.Delay_MicroSecond)
    GearSwitchTask                           0x00000ba1   Thumb Code    62  main.o(.text.GearSwitchTask)
    I2CSendByte                              0x00000be1   Thumb Code    70  main.o(.text.I2CSendByte)
    I2C_Init                                 0x00000c29   Thumb Code   124  main.o(.text.I2C_Init)
    IgnitionMonitorTask                      0x00000ca5   Thumb Code   178  main.o(.text.IgnitionMonitorTask)
    LCDI2CInit                               0x00000d59   Thumb Code    64  main.o(.text.LCDI2CInit)
    Measure_distance                         0x00000d99   Thumb Code   176  main.o(.text.Measure_distance)
    PendSV_Handler                           0x00000e51   Thumb Code   100  port.o(.text.PendSV_Handler)
    SVC_Handler                              0x00000ec1   Thumb Code    36  port.o(.text.SVC_Handler)
    SpeedCheckTask                           0x00000ee5   Thumb Code   292  main.o(.text.SpeedCheckTask)
    SysTick_Handler                          0x00001009   Thumb Code    30  cmsis_os2.o(.text.SysTick_Handler)
    SystemInit                               0x00001029   Thumb Code   268  system_tm4c123.o(.text.SystemInit)
    Timer0ACapture_init                      0x00001135   Thumb Code   196  main.o(.text.Timer0ACapture_init)
    UltrasonicTask                           0x000011f9   Thumb Code   264  main.o(.text.UltrasonicTask)
    VehicleAlertTask                         0x00001301   Thumb Code   158  main.o(.text.VehicleAlertTask)
    begin                                    0x000013a1   Thumb Code   152  main.o(.text.begin)
    clear                                    0x00001439   Thumb Code    24  main.o(.text.clear)
    clearRow                                 0x00001451   Thumb Code    82  main.o(.text.clearRow)
    command                                  0x000014a5   Thumb Code    26  main.o(.text.command)
    controlBuzzer                            0x000014c1   Thumb Code    50  main.o(.text.controlBuzzer)
    controlLEDAndBuzzer                      0x000014f5   Thumb Code   222  main.o(.text.controlLEDAndBuzzer)
    displayTextOnLCD                         0x000015d5   Thumb Code    42  main.o(.text.displayTextOnLCD)
    expanderWrite                            0x00001601   Thumb Code    30  main.o(.text.expanderWrite)
    gearreverseoff                           0x00001621   Thumb Code    14  main.o(.text.gearreverseoff)
    gearreverseon                            0x00001631   Thumb Code    14  main.o(.text.gearreverseon)
    home                                     0x00001641   Thumb Code    24  main.o(.text.home)
    initButtons                              0x00001659   Thumb Code   122  main.o(.text.initButtons)
    initBuzzer                               0x000016d5   Thumb Code    72  main.o(.text.initBuzzer)
    initDriverDoor                           0x0000171d   Thumb Code    88  main.o(.text.initDriverDoor)
    initGearSwitch                           0x00001775   Thumb Code    88  main.o(.text.initGearSwitch)
    initIgnitionSwitch                       0x000017cd   Thumb Code    88  main.o(.text.initIgnitionSwitch)
    initPotentiometer                        0x00001825   Thumb Code   184  main.o(.text.initPotentiometer)
    initUltrasonicLEDs                       0x000018dd   Thumb Code    72  main.o(.text.initUltrasonicLEDs)
    isDoorOpen                               0x00001925   Thumb Code    16  main.o(.text.isDoorOpen)
    main                                     0x00001935   Thumb Code   282  main.o(.text.main)
    print                                    0x00001a51   Thumb Code    34  main.o(.text.print)
    pulseEnable                              0x00002a45   Thumb Code    56  main.o(.text.pulseEnable)
    pvPortMalloc                             0x00002a7d   Thumb Code   438  heap_4.o(.text.pvPortMalloc)
    pvTaskIncrementMutexHeldCount            0x00002c35   Thumb Code    36  tasks.o(.text.pvTaskIncrementMutexHeldCount)
    pxPortInitialiseStack                    0x00002c59   Thumb Code    94  port.o(.text.pxPortInitialiseStack)
    readPotentiometer                        0x00002cb9   Thumb Code   184  main.o(.text.readPotentiometer)
    send                                     0x00002d71   Thumb Code    72  main.o(.text.send)
    setCursor                                0x00002db9   Thumb Code    80  main.o(.text.setCursor)
    showdoorstatus                           0x00002e09   Thumb Code    98  main.o(.text.showdoorstatus)
    toggleDoorLock                           0x00002e6d   Thumb Code   120  main.o(.text.toggleDoorLock)
    uxListRemove                             0x00002ee5   Thumb Code    72  list.o(.text.uxListRemove)
    vApplicationGetIdleTaskMemory            0x00002f2d   Thumb Code    42  tasks.o(.text.vApplicationGetIdleTaskMemory)
    vApplicationGetTimerTaskMemory           0x00002f59   Thumb Code    42  tasks.o(.text.vApplicationGetTimerTaskMemory)
    vApplicationStackOverflowHook            0x00002f85   Thumb Code    10  cmsis_os2.o(.text.vApplicationStackOverflowHook)
    vListInitialise                          0x00002f91   Thumb Code    46  list.o(.text.vListInitialise)
    vListInitialiseItem                      0x00002fc1   Thumb Code    14  list.o(.text.vListInitialiseItem)
    vListInsert                              0x00002fd1   Thumb Code   106  list.o(.text.vListInsert)
    vPortEnterCritical                       0x00003051   Thumb Code    48  port.o(.text.vPortEnterCritical)
    vPortExitCritical                        0x00003081   Thumb Code    38  port.o(.text.vPortExitCritical)
    vPortFree                                0x000030a9   Thumb Code   118  heap_4.o(.text.vPortFree)
    vPortSetupTimerInterrupt                 0x00003121   Thumb Code    68  port.o(.text.vPortSetupTimerInterrupt)
    vQueueWaitForMessageRestricted           0x00003165   Thumb Code   100  queue.o(.text.vQueueWaitForMessageRestricted)
    vTaskDelay                               0x000031c9   Thumb Code    74  tasks.o(.text.vTaskDelay)
    vTaskInternalSetTimeOutState             0x00003215   Thumb Code    36  tasks.o(.text.vTaskInternalSetTimeOutState)
    vTaskMissedYield                         0x00003239   Thumb Code    14  tasks.o(.text.vTaskMissedYield)
    vTaskPlaceOnEventList                    0x00003249   Thumb Code    38  tasks.o(.text.vTaskPlaceOnEventList)
    vTaskPlaceOnEventListRestricted          0x00003271   Thumb Code   100  tasks.o(.text.vTaskPlaceOnEventListRestricted)
    vTaskPriorityDisinheritAfterTimeout      0x000032d5   Thumb Code   312  tasks.o(.text.vTaskPriorityDisinheritAfterTimeout)
    vTaskStartScheduler                      0x0000340d   Thumb Code   114  tasks.o(.text.vTaskStartScheduler)
    vTaskSuspendAll                          0x00003481   Thumb Code    16  tasks.o(.text.vTaskSuspendAll)
    vTaskSwitchContext                       0x00003491   Thumb Code   284  tasks.o(.text.vTaskSwitchContext)
    write                                    0x000035ad   Thumb Code    30  main.o(.text.write)
    write4bits                               0x000035cd   Thumb Code    34  main.o(.text.write4bits)
    write_string                             0x000035f1   Thumb Code    62  main.o(.text.write_string)
    xPortStartScheduler                      0x00003631   Thumb Code   108  port.o(.text.xPortStartScheduler)
    xPortSysTickHandler                      0x0000369d   Thumb Code    62  port.o(.text.xPortSysTickHandler)
    xQueueCreateMutex                        0x000036dd   Thumb Code    38  queue.o(.text.xQueueCreateMutex)
    xQueueGenericCreate                      0x00003705   Thumb Code   134  queue.o(.text.xQueueGenericCreate)
    xQueueGenericCreateStatic                0x0000378d   Thumb Code   108  queue.o(.text.xQueueGenericCreateStatic)
    xQueueGenericReset                       0x000037f9   Thumb Code   208  queue.o(.text.xQueueGenericReset)
    xQueueGenericSend                        0x000038c9   Thumb Code   362  queue.o(.text.xQueueGenericSend)
    xQueueReceive                            0x00003a35   Thumb Code   338  queue.o(.text.xQueueReceive)
    xQueueSemaphoreTake                      0x00003b89   Thumb Code   414  queue.o(.text.xQueueSemaphoreTake)
    xTaskCheckForTimeOut                     0x00003d29   Thumb Code   196  tasks.o(.text.xTaskCheckForTimeOut)
    xTaskCreate                              0x00003ded   Thumb Code    82  tasks.o(.text.xTaskCreate)
    xTaskCreateStatic                        0x00003e41   Thumb Code    92  tasks.o(.text.xTaskCreateStatic)
    xTaskGetSchedulerState                   0x00003e9d   Thumb Code    56  tasks.o(.text.xTaskGetSchedulerState)
    xTaskGetTickCount                        0x00003ed5   Thumb Code    20  tasks.o(.text.xTaskGetTickCount)
    xTaskIncrementTick                       0x00003ee9   Thumb Code   606  tasks.o(.text.xTaskIncrementTick)
    xTaskPriorityDisinherit                  0x00004149   Thumb Code   242  tasks.o(.text.xTaskPriorityDisinherit)
    xTaskPriorityInherit                     0x0000423d   Thumb Code   348  tasks.o(.text.xTaskPriorityInherit)
    xTaskRemoveFromEventList                 0x00004399   Thumb Code   404  tasks.o(.text.xTaskRemoveFromEventList)
    xTaskResumeAll                           0x0000452d   Thumb Code   574  tasks.o(.text.xTaskResumeAll)
    xTimerCreateTimerTask                    0x0000476d   Thumb Code   120  timers.o(.text.xTimerCreateTimerTask)
    GPIODirModeSet                           0x000047e5   Thumb Code    40  gpio.o(i.GPIODirModeSet)
    GPIOPadConfigSet                         0x0000480d   Thumb Code   354  gpio.o(i.GPIOPadConfigSet)
    GPIOPinConfigure                         0x0000497d   Thumb Code    60  gpio.o(i.GPIOPinConfigure)
    GPIOPinTypeI2C                           0x000049c1   Thumb Code    28  gpio.o(i.GPIOPinTypeI2C)
    GPIOPinTypeI2CSCL                        0x000049dd   Thumb Code    28  gpio.o(i.GPIOPinTypeI2CSCL)
    I2CMasterBusy                            0x000049f9   Thumb Code    12  i2c.o(i.I2CMasterBusy)
    I2CMasterControl                         0x00004a05   Thumb Code     4  i2c.o(i.I2CMasterControl)
    I2CMasterDataPut                         0x00004a09   Thumb Code     4  i2c.o(i.I2CMasterDataPut)
    I2CMasterInitExpClk                      0x00004a0d   Thumb Code    72  i2c.o(i.I2CMasterInitExpClk)
    I2CMasterSlaveAddrSet                    0x00004a61   Thumb Code     8  i2c.o(i.I2CMasterSlaveAddrSet)
    SysCtlClockGet                           0x00004a69   Thumb Code   304  sysctl.o(i.SysCtlClockGet)
    SysCtlPeripheralEnable                   0x00004bbd   Thumb Code    36  sysctl.o(i.SysCtlPeripheralEnable)
    SysCtlPeripheralReset                    0x00004be5   Thumb Code    56  sysctl.o(i.SysCtlPeripheralReset)
    __0snprintf                              0x00004c21   Thumb Code    48  printfa.o(i.__0snprintf)
    __1snprintf                              0x00004c21   Thumb Code     0  printfa.o(i.__0snprintf)
    __2snprintf                              0x00004c21   Thumb Code     0  printfa.o(i.__0snprintf)
    __c89snprintf                            0x00004c21   Thumb Code     0  printfa.o(i.__0snprintf)
    snprintf                                 0x00004c21   Thumb Code     0  printfa.o(i.__0snprintf)
    __scatterload_copy                       0x00004c55   Thumb Code    14  handlers.o(i.__scatterload_copy)
    __scatterload_null                       0x00004c63   Thumb Code     2  handlers.o(i.__scatterload_null)
    __scatterload_zeroinit                   0x00004c65   Thumb Code    14  handlers.o(i.__scatterload_zeroinit)
    Region$$Table$$Base                      0x00005a80   Number         0  anon$$obj.o(Region$$Table)
    Region$$Table$$Limit                     0x00005aa0   Number         0  anon$$obj.o(Region$$Table)
    SystemCoreClock                          0x20000000   Data           4  system_tm4c123.o(.data.SystemCoreClock)
    dis                                      0x20000008   Data           8  main.o(.bss.dis)
    distance                                 0x20000010   Data           4  main.o(.bss.distance)
    diststr                                  0x20000014   Data          20  main.o(.bss.diststr)
    doorLocked                               0x20000028   Data           4  main.o(.bss.doorLocked)
    gearReverse                              0x2000002c   Data           4  main.o(.bss.gearReverse)
    gearSwitchState                          0x20000030   Data           4  main.o(.bss.gearSwitchState)
    globalLock                               0x20000034   Data           1  main.o(.bss.globalLock)
    globalSpeed                              0x20000035   Data           1  main.o(.bss.globalSpeed)
    ignitionSwitchState                      0x20000038   Data           4  main.o(.bss.ignitionSwitchState)
    pxCurrentTCB                             0x200000e0   Data           4  tasks.o(.bss.pxCurrentTCB)
    speed                                    0x20000558   Data           4  main.o(.bss.speed)
    time                                     0x2000055c   Data           4  main.o(.bss.time)
    xMutex                                   0x200029c8   Data           4  main.o(.bss.xMutex)
    __initial_sp                             0x20002c38   Data           0  startup_tm4c123.o(STACK)



==============================================================================

Memory Map of the image

  Image Entry point : 0x0000026d

  Load Region LR_IROM1 (Base: 0x00000000, Size: 0x00005aa8, Max: 0x00040000, ABSOLUTE)

    Execution Region ER_IROM1 (Exec base: 0x00000000, Load base: 0x00000000, Size: 0x00005aa0, Max: 0x00040000, ABSOLUTE)

    Exec Addr    Load Addr    Size         Type   Attr      Idx    E Section Name        Object

    0x00000000   0x00000000   0x0000026c   Data   RO          370    RESET               startup_tm4c123.o
    0x0000026c   0x0000026c   0x00000000   Code   RO         2011  * .ARM.Collect$$$$00000000  mc_w.l(entry.o)
    0x0000026c   0x0000026c   0x00000004   Code   RO         2067    .ARM.Collect$$$$00000001  mc_w.l(entry2.o)
    0x00000270   0x00000270   0x00000004   Code   RO         2070    .ARM.Collect$$$$00000004  mc_w.l(entry5.o)
    0x00000274   0x00000274   0x00000000   Code   RO         2072    .ARM.Collect$$$$00000008  mc_w.l(entry7b.o)
    0x00000274   0x00000274   0x00000000   Code   RO         2074    .ARM.Collect$$$$0000000A  mc_w.l(entry8b.o)
    0x00000274   0x00000274   0x00000008   Code   RO         2075    .ARM.Collect$$$$0000000B  mc_w.l(entry9a.o)
    0x0000027c   0x0000027c   0x00000000   Code   RO         2077    .ARM.Collect$$$$0000000D  mc_w.l(entry10a.o)
    0x0000027c   0x0000027c   0x00000000   Code   RO         2079    .ARM.Collect$$$$0000000F  mc_w.l(entry11a.o)
    0x0000027c   0x0000027c   0x00000004   Code   RO         2068    .ARM.Collect$$$$00002712  mc_w.l(entry2.o)
    0x00000280   0x00000280   0x000000fc   Code   RO          371    .text               startup_tm4c123.o
    0x0000037c   0x0000037c   0x00000024   Code   RO         2021    .text               mc_w.l(memcpya.o)
    0x000003a0   0x000003a0   0x00000024   Code   RO         2023    .text               mc_w.l(memseta.o)
    0x000003c4   0x000003c4   0x0000000e   Code   RO         2025    .text               mc_w.l(strlen.o)
    0x000003d2   0x000003d2   0x000000e4   Code   RO         2057    .text               mf_w.l(dmul.o)
    0x000004b6   0x000004b6   0x000000de   Code   RO         2059    .text               mf_w.l(ddiv.o)
    0x00000594   0x00000594   0x00000022   Code   RO         2061    .text               mf_w.l(dflti.o)
    0x000005b6   0x000005b6   0x00000026   Code   RO         2063    .text               mf_w.l(f2d.o)
    0x000005dc   0x000005dc   0x00000038   Code   RO         2065    .text               mf_w.l(d2f.o)
    0x00000614   0x00000614   0x0000002c   Code   RO         2090    .text               mc_w.l(uidiv.o)
    0x00000640   0x00000640   0x00000062   Code   RO         2092    .text               mc_w.l(uldiv.o)
    0x000006a2   0x000006a2   0x00000000   Code   RO         2094    .text               mc_w.l(iusefp.o)
    0x000006a2   0x000006a2   0x0000006e   Code   RO         2095    .text               mf_w.l(fepilogue.o)
    0x00000710   0x00000710   0x000000ba   Code   RO         2097    .text               mf_w.l(depilogue.o)
    0x000007ca   0x000007ca   0x0000014e   Code   RO         2099    .text               mf_w.l(dadd.o)
    0x00000918   0x00000918   0x00000030   Code   RO         2101    .text               mf_w.l(dfixul.o)
    0x00000948   0x00000948   0x00000030   Code   RO         2103    .text               mf_w.l(cdrcmple.o)
    0x00000978   0x00000978   0x00000024   Code   RO         2105    .text               mc_w.l(init.o)
    0x0000099c   0x0000099c   0x0000001e   Code   RO         2107    .text               mc_w.l(llshl.o)
    0x000009ba   0x000009ba   0x00000020   Code   RO         2109    .text               mc_w.l(llushr.o)
    0x000009da   0x000009da   0x00000024   Code   RO         2111    .text               mc_w.l(llsshr.o)
    0x000009fe   0x000009fe   0x00000002   PAD
    0x00000a00   0x00000a00   0x00000048   Code   RO           72    .text.ADC_Read      main.o
    0x00000a48   0x00000a48   0x00000098   Code   RO           68    .text.ButtonControlTask  main.o
    0x00000ae0   0x00000ae0   0x0000002a   Code   RO            2    .text.Delay         main.o
    0x00000b0a   0x00000b0a   0x00000002   PAD
    0x00000b0c   0x00000b0c   0x00000094   Code   RO           80    .text.Delay_MicroSecond  main.o
    0x00000ba0   0x00000ba0   0x0000003e   Code   RO           12    .text.GearSwitchTask  main.o
    0x00000bde   0x00000bde   0x00000002   PAD
    0x00000be0   0x00000be0   0x00000046   Code   RO           16    .text.I2CSendByte   main.o
    0x00000c26   0x00000c26   0x00000002   PAD
    0x00000c28   0x00000c28   0x0000007c   Code   RO           14    .text.I2C_Init      main.o
    0x00000ca4   0x00000ca4   0x000000b2   Code   RO           92    .text.IgnitionMonitorTask  main.o
    0x00000d56   0x00000d56   0x00000002   PAD
    0x00000d58   0x00000d58   0x00000040   Code   RO           42    .text.LCDI2CInit    main.o
    0x00000d98   0x00000d98   0x000000b0   Code   RO           82    .text.Measure_distance  main.o
    0x00000e48   0x00000e48   0x00000008   PAD
    0x00000e50   0x00000e50   0x00000064   Code   RO          469    .text.PendSV_Handler  port.o
    0x00000eb4   0x00000eb4   0x0000000c   PAD
    0x00000ec0   0x00000ec0   0x00000024   Code   RO          453    .text.SVC_Handler   port.o
    0x00000ee4   0x00000ee4   0x00000124   Code   RO           76    .text.SpeedCheckTask  main.o
    0x00001008   0x00001008   0x0000001e   Code   RO          149    .text.SysTick_Handler  cmsis_os2.o
    0x00001026   0x00001026   0x00000002   PAD
    0x00001028   0x00001028   0x0000010c   Code   RO          382    .text.SystemInit    system_tm4c123.o
    0x00001134   0x00001134   0x000000c4   Code   RO           84    .text.Timer0ACapture_init  main.o
    0x000011f8   0x000011f8   0x00000108   Code   RO           88    .text.UltrasonicTask  main.o
    0x00001300   0x00001300   0x0000009e   Code   RO          100    .text.VehicleAlertTask  main.o
    0x0000139e   0x0000139e   0x00000002   PAD
    0x000013a0   0x000013a0   0x00000098   Code   RO           40    .text.begin         main.o
    0x00001438   0x00001438   0x00000018   Code   RO           36    .text.clear         main.o
    0x00001450   0x00001450   0x00000052   Code   RO           58    .text.clearRow      main.o
    0x000014a2   0x000014a2   0x00000002   PAD
    0x000014a4   0x000014a4   0x0000001a   Code   RO           26    .text.command       main.o
    0x000014be   0x000014be   0x00000002   PAD
    0x000014c0   0x000014c0   0x00000032   Code   RO           98    .text.controlBuzzer  main.o
    0x000014f2   0x000014f2   0x00000002   PAD
    0x000014f4   0x000014f4   0x000000de   Code   RO           86    .text.controlLEDAndBuzzer  main.o
    0x000015d2   0x000015d2   0x00000002   PAD
    0x000015d4   0x000015d4   0x0000002a   Code   RO           60    .text.displayTextOnLCD  main.o
    0x000015fe   0x000015fe   0x00000002   PAD
    0x00001600   0x00001600   0x0000001e   Code   RO           18    .text.expanderWrite  main.o
    0x0000161e   0x0000161e   0x00000002   PAD
    0x00001620   0x00001620   0x0000000e   Code   RO           10    .text.gearreverseoff  main.o
    0x0000162e   0x0000162e   0x00000002   PAD
    0x00001630   0x00001630   0x0000000e   Code   RO            8    .text.gearreverseon  main.o
    0x0000163e   0x0000163e   0x00000002   PAD
    0x00001640   0x00001640   0x00000018   Code   RO           38    .text.home          main.o
    0x00001658   0x00001658   0x0000007a   Code   RO           62    .text.initButtons   main.o
    0x000016d2   0x000016d2   0x00000002   PAD
    0x000016d4   0x000016d4   0x00000048   Code   RO            4    .text.initBuzzer    main.o
    0x0000171c   0x0000171c   0x00000058   Code   RO           94    .text.initDriverDoor  main.o
    0x00001774   0x00001774   0x00000058   Code   RO            6    .text.initGearSwitch  main.o
    0x000017cc   0x000017cc   0x00000058   Code   RO           90    .text.initIgnitionSwitch  main.o
    0x00001824   0x00001824   0x000000b8   Code   RO           70    .text.initPotentiometer  main.o
    0x000018dc   0x000018dc   0x00000048   Code   RO           78    .text.initUltrasonicLEDs  main.o
    0x00001924   0x00001924   0x00000010   Code   RO           96    .text.isDoorOpen    main.o
    0x00001934   0x00001934   0x0000011a   Code   RO          102    .text.main          main.o
    0x00001a4e   0x00001a4e   0x00000002   PAD
    0x00001a50   0x00001a50   0x00000022   Code   RO           56    .text.print         main.o
    0x00001a72   0x00001a72   0x00000002   PAD
    0x00001a74   0x00001a74   0x0000010e   Code   RO          622    .text.prvAddCurrentTaskToDelayedList  tasks.o
    0x00001b82   0x00001b82   0x00000002   PAD
    0x00001b84   0x00001b84   0x00000170   Code   RO          606    .text.prvAddNewTaskToReadyList  tasks.o
    0x00001cf4   0x00001cf4   0x0000007e   Code   RO          784    .text.prvCheckForValidListAndQueue  timers.o
    0x00001d72   0x00001d72   0x00000002   PAD
    0x00001d74   0x00001d74   0x0000005a   Code   RO          656    .text.prvCheckTasksWaitingTermination  tasks.o
    0x00001dce   0x00001dce   0x00000002   PAD
    0x00001dd0   0x00001dd0   0x00000042   Code   RO          559    .text.prvCopyDataFromQueue  queue.o
    0x00001e12   0x00001e12   0x00000002   PAD
    0x00001e14   0x00001e14   0x000000cc   Code   RO          547    .text.prvCopyDataToQueue  queue.o
    0x00001ee0   0x00001ee0   0x000000c8   Code   RO          652    .text.prvCreateIdleTasks  tasks.o
    0x00001fa8   0x00001fa8   0x00000078   Code   RO          604    .text.prvCreateStaticTask  tasks.o
    0x00002020   0x00002020   0x0000008e   Code   RO          610    .text.prvCreateTask  tasks.o
    0x000020ae   0x000020ae   0x00000002   PAD
    0x000020b0   0x000020b0   0x0000003c   Code   RO          616    .text.prvDeleteTCB  tasks.o
    0x000020ec   0x000020ec   0x00000026   Code   RO          563    .text.prvGetDisinheritPriorityAfterTimeout  queue.o
    0x00002112   0x00002112   0x00000002   PAD
    0x00002114   0x00002114   0x00000040   Code   RO          830    .text.prvGetNextExpireTime  timers.o
    0x00002154   0x00002154   0x000000aa   Code   RO          483    .text.prvHeapInit   heap_4.o
    0x000021fe   0x000021fe   0x00000002   PAD
    0x00002200   0x00002200   0x00000038   Code   RO          746    .text.prvIdleTask   tasks.o
    0x00002238   0x00002238   0x0000002c   Code   RO          527    .text.prvInitialiseMutex  queue.o
    0x00002264   0x00002264   0x00000048   Code   RO          519    .text.prvInitialiseNewQueue  queue.o
    0x000022ac   0x000022ac   0x000000e6   Code   RO          742    .text.prvInitialiseNewTask  tasks.o
    0x00002392   0x00002392   0x00000002   PAD
    0x00002394   0x00002394   0x0000008e   Code   RO          744    .text.prvInitialiseTaskLists  tasks.o
    0x00002422   0x00002422   0x00000002   PAD
    0x00002424   0x00002424   0x000000d8   Code   RO          487    .text.prvInsertBlockIntoFreeList  heap_4.o
    0x000024fc   0x000024fc   0x00000086   Code   RO          844    .text.prvInsertTimerInActiveList  timers.o
    0x00002582   0x00002582   0x00000002   PAD
    0x00002584   0x00002584   0x00000028   Code   RO          561    .text.prvIsQueueEmpty  queue.o
    0x000025ac   0x000025ac   0x0000002e   Code   RO          549    .text.prvIsQueueFull  queue.o
    0x000025da   0x000025da   0x00000002   PAD
    0x000025dc   0x000025dc   0x00000028   Code   RO          461    .text.prvPortStartFirstTask  port.o
    0x00002604   0x00002604   0x00000054   Code   RO          838    .text.prvProcessExpiredTimer  timers.o
    0x00002658   0x00002658   0x0000014e   Code   RO          834    .text.prvProcessReceivedCommands  timers.o
    0x000027a6   0x000027a6   0x00000002   PAD
    0x000027a8   0x000027a8   0x0000009a   Code   RO          832    .text.prvProcessTimerOrBlockTask  timers.o
    0x00002842   0x00002842   0x00000002   PAD
    0x00002844   0x00002844   0x00000034   Code   RO          842    .text.prvReloadTimer  timers.o
    0x00002878   0x00002878   0x0000003c   Code   RO          614    .text.prvResetNextTaskUnblockTime  tasks.o
    0x000028b4   0x000028b4   0x00000044   Code   RO          836    .text.prvSampleTimeNow  timers.o
    0x000028f8   0x000028f8   0x00000052   Code   RO          840    .text.prvSwitchTimerLists  timers.o
    0x0000294a   0x0000294a   0x00000002   PAD
    0x0000294c   0x0000294c   0x00000026   Code   RO          451    .text.prvTaskExitError  port.o
    0x00002972   0x00002972   0x00000002   PAD
    0x00002974   0x00002974   0x0000001e   Code   RO          786    .text.prvTimerTask  timers.o
    0x00002992   0x00002992   0x00000002   PAD
    0x00002994   0x00002994   0x000000ae   Code   RO          551    .text.prvUnlockQueue  queue.o
    0x00002a42   0x00002a42   0x00000002   PAD
    0x00002a44   0x00002a44   0x00000038   Code   RO           20    .text.pulseEnable   main.o
    0x00002a7c   0x00002a7c   0x000001b6   Code   RO          481    .text.pvPortMalloc  heap_4.o
    0x00002c32   0x00002c32   0x00000002   PAD
    0x00002c34   0x00002c34   0x00000024   Code   RO          720    .text.pvTaskIncrementMutexHeldCount  tasks.o
    0x00002c58   0x00002c58   0x0000005e   Code   RO          449    .text.pxPortInitialiseStack  port.o
    0x00002cb6   0x00002cb6   0x00000002   PAD
    0x00002cb8   0x00002cb8   0x000000b8   Code   RO           74    .text.readPotentiometer  main.o
    0x00002d70   0x00002d70   0x00000048   Code   RO           24    .text.send          main.o
    0x00002db8   0x00002db8   0x00000050   Code   RO           44    .text.setCursor     main.o
    0x00002e08   0x00002e08   0x00000062   Code   RO           66    .text.showdoorstatus  main.o
    0x00002e6a   0x00002e6a   0x00000002   PAD
    0x00002e6c   0x00002e6c   0x00000078   Code   RO           64    .text.toggleDoorLock  main.o
    0x00002ee4   0x00002ee4   0x00000048   Code   RO          440    .text.uxListRemove  list.o
    0x00002f2c   0x00002f2c   0x0000002a   Code   RO          736    .text.vApplicationGetIdleTaskMemory  tasks.o
    0x00002f56   0x00002f56   0x00000002   PAD
    0x00002f58   0x00002f58   0x0000002a   Code   RO          738    .text.vApplicationGetTimerTaskMemory  tasks.o
    0x00002f82   0x00002f82   0x00000002   PAD
    0x00002f84   0x00002f84   0x0000000a   Code   RO          303    .text.vApplicationStackOverflowHook  cmsis_os2.o
    0x00002f8e   0x00002f8e   0x00000002   PAD
    0x00002f90   0x00002f90   0x0000002e   Code   RO          432    .text.vListInitialise  list.o
    0x00002fbe   0x00002fbe   0x00000002   PAD
    0x00002fc0   0x00002fc0   0x0000000e   Code   RO          434    .text.vListInitialiseItem  list.o
    0x00002fce   0x00002fce   0x00000002   PAD
    0x00002fd0   0x00002fd0   0x0000006a   Code   RO          438    .text.vListInsert   list.o
    0x0000303a   0x0000303a   0x00000002   PAD
    0x0000303c   0x0000303c   0x00000014   Code   RO          459    .text.vPortEnableVFP  port.o
    0x00003050   0x00003050   0x00000030   Code   RO          465    .text.vPortEnterCritical  port.o
    0x00003080   0x00003080   0x00000026   Code   RO          467    .text.vPortExitCritical  port.o
    0x000030a6   0x000030a6   0x00000002   PAD
    0x000030a8   0x000030a8   0x00000076   Code   RO          485    .text.vPortFree     heap_4.o
    0x0000311e   0x0000311e   0x00000002   PAD
    0x00003120   0x00003120   0x00000044   Code   RO          457    .text.vPortSetupTimerInterrupt  port.o
    0x00003164   0x00003164   0x00000064   Code   RO          593    .text.vQueueWaitForMessageRestricted  queue.o
    0x000031c8   0x000031c8   0x0000004a   Code   RO          626    .text.vTaskDelay    tasks.o
    0x00003212   0x00003212   0x00000002   PAD
    0x00003214   0x00003214   0x00000024   Code   RO          690    .text.vTaskInternalSetTimeOutState  tasks.o
    0x00003238   0x00003238   0x0000000e   Code   RO          694    .text.vTaskMissedYield  tasks.o
    0x00003246   0x00003246   0x00000002   PAD
    0x00003248   0x00003248   0x00000026   Code   RO          678    .text.vTaskPlaceOnEventList  tasks.o
    0x0000326e   0x0000326e   0x00000002   PAD
    0x00003270   0x00003270   0x00000064   Code   RO          682    .text.vTaskPlaceOnEventListRestricted  tasks.o
    0x000032d4   0x000032d4   0x00000138   Code   RO          716    .text.vTaskPriorityDisinheritAfterTimeout  tasks.o
    0x0000340c   0x0000340c   0x00000072   Code   RO          650    .text.vTaskStartScheduler  tasks.o
    0x0000347e   0x0000347e   0x00000002   PAD
    0x00003480   0x00003480   0x00000010   Code   RO          620    .text.vTaskSuspendAll  tasks.o
    0x00003490   0x00003490   0x0000011c   Code   RO          642    .text.vTaskSwitchContext  tasks.o
    0x000035ac   0x000035ac   0x0000001e   Code   RO           28    .text.write         main.o
    0x000035ca   0x000035ca   0x00000002   PAD
    0x000035cc   0x000035cc   0x00000022   Code   RO           22    .text.write4bits    main.o
    0x000035ee   0x000035ee   0x00000002   PAD
    0x000035f0   0x000035f0   0x0000003e   Code   RO           30    .text.write_string  main.o
    0x0000362e   0x0000362e   0x00000002   PAD
    0x00003630   0x00003630   0x0000006c   Code   RO          455    .text.xPortStartScheduler  port.o
    0x0000369c   0x0000369c   0x0000003e   Code   RO          471    .text.xPortSysTickHandler  port.o
    0x000036da   0x000036da   0x00000002   PAD
    0x000036dc   0x000036dc   0x00000026   Code   RO          525    .text.xQueueCreateMutex  queue.o
    0x00003702   0x00003702   0x00000002   PAD
    0x00003704   0x00003704   0x00000086   Code   RO          523    .text.xQueueGenericCreate  queue.o
    0x0000378a   0x0000378a   0x00000002   PAD
    0x0000378c   0x0000378c   0x0000006c   Code   RO          517    .text.xQueueGenericCreateStatic  queue.o
    0x000037f8   0x000037f8   0x000000d0   Code   RO          515    .text.xQueueGenericReset  queue.o
    0x000038c8   0x000038c8   0x0000016a   Code   RO          537    .text.xQueueGenericSend  queue.o
    0x00003a32   0x00003a32   0x00000002   PAD
    0x00003a34   0x00003a34   0x00000152   Code   RO          557    .text.xQueueReceive  queue.o
    0x00003b86   0x00003b86   0x00000002   PAD
    0x00003b88   0x00003b88   0x0000019e   Code   RO          541    .text.xQueueSemaphoreTake  queue.o
    0x00003d26   0x00003d26   0x00000002   PAD
    0x00003d28   0x00003d28   0x000000c4   Code   RO          692    .text.xTaskCheckForTimeOut  tasks.o
    0x00003dec   0x00003dec   0x00000052   Code   RO          608    .text.xTaskCreate   tasks.o
    0x00003e3e   0x00003e3e   0x00000002   PAD
    0x00003e40   0x00003e40   0x0000005c   Code   RO          602    .text.xTaskCreateStatic  tasks.o
    0x00003e9c   0x00003e9c   0x00000038   Code   RO          710    .text.xTaskGetSchedulerState  tasks.o
    0x00003ed4   0x00003ed4   0x00000014   Code   RO          660    .text.xTaskGetTickCount  tasks.o
    0x00003ee8   0x00003ee8   0x0000025e   Code   RO          658    .text.xTaskIncrementTick  tasks.o
    0x00004146   0x00004146   0x00000002   PAD
    0x00004148   0x00004148   0x000000f2   Code   RO          714    .text.xTaskPriorityDisinherit  tasks.o
    0x0000423a   0x0000423a   0x00000002   PAD
    0x0000423c   0x0000423c   0x0000015c   Code   RO          712    .text.xTaskPriorityInherit  tasks.o
    0x00004398   0x00004398   0x00000194   Code   RO          684    .text.xTaskRemoveFromEventList  tasks.o
    0x0000452c   0x0000452c   0x0000023e   Code   RO          624    .text.xTaskResumeAll  tasks.o
    0x0000476a   0x0000476a   0x00000002   PAD
    0x0000476c   0x0000476c   0x00000078   Code   RO          782    .text.xTimerCreateTimerTask  timers.o
    0x000047e4   0x000047e4   0x00000028   Code   RO          867    i.GPIODirModeSet    driverlib.lib(gpio.o)
    0x0000480c   0x0000480c   0x00000170   Code   RO          879    i.GPIOPadConfigSet  driverlib.lib(gpio.o)
    0x0000497c   0x0000497c   0x00000044   Code   RO          880    i.GPIOPinConfigure  driverlib.lib(gpio.o)
    0x000049c0   0x000049c0   0x0000001c   Code   RO          894    i.GPIOPinTypeI2C    driverlib.lib(gpio.o)
    0x000049dc   0x000049dc   0x0000001c   Code   RO          895    i.GPIOPinTypeI2CSCL  driverlib.lib(gpio.o)
    0x000049f8   0x000049f8   0x0000000c   Code   RO         1211    i.I2CMasterBusy     driverlib.lib(i2c.o)
    0x00004a04   0x00004a04   0x00000004   Code   RO         1212    i.I2CMasterControl  driverlib.lib(i2c.o)
    0x00004a08   0x00004a08   0x00000004   Code   RO         1214    i.I2CMasterDataPut  driverlib.lib(i2c.o)
    0x00004a0c   0x00004a0c   0x00000054   Code   RO         1219    i.I2CMasterInitExpClk  driverlib.lib(i2c.o)
    0x00004a60   0x00004a60   0x00000008   Code   RO         1229    i.I2CMasterSlaveAddrSet  driverlib.lib(i2c.o)
    0x00004a68   0x00004a68   0x00000154   Code   RO         1540    i.SysCtlClockGet    driverlib.lib(sysctl.o)
    0x00004bbc   0x00004bbc   0x00000028   Code   RO         1571    i.SysCtlPeripheralEnable  driverlib.lib(sysctl.o)
    0x00004be4   0x00004be4   0x0000003c   Code   RO         1576    i.SysCtlPeripheralReset  driverlib.lib(sysctl.o)
    0x00004c20   0x00004c20   0x00000034   Code   RO         2031    i.__0snprintf       mc_w.l(printfa.o)
    0x00004c54   0x00004c54   0x0000000e   Code   RO         2115    i.__scatterload_copy  mc_w.l(handlers.o)
    0x00004c62   0x00004c62   0x00000002   Code   RO         2116    i.__scatterload_null  mc_w.l(handlers.o)
    0x00004c64   0x00004c64   0x0000000e   Code   RO         2117    i.__scatterload_zeroinit  mc_w.l(handlers.o)
    0x00004c72   0x00004c72   0x00000002   PAD
    0x00004c74   0x00004c74   0x00000184   Code   RO         2037    i._fp_digits        mc_w.l(printfa.o)
    0x00004df8   0x00004df8   0x000006dc   Code   RO         2038    i._printf_core      mc_w.l(printfa.o)
    0x000054d4   0x000054d4   0x00000024   Code   RO         2039    i._printf_post_padding  mc_w.l(printfa.o)
    0x000054f8   0x000054f8   0x0000002e   Code   RO         2040    i._printf_pre_padding  mc_w.l(printfa.o)
    0x00005526   0x00005526   0x00000016   Code   RO         2041    i._snputc           mc_w.l(printfa.o)
    0x0000553c   0x0000553c   0x00000228   Data   RO          912    .constdata          driverlib.lib(gpio.o)
    0x00005764   0x00005764   0x00000254   Data   RO         1593    .constdata          driverlib.lib(sysctl.o)
    0x000059b8   0x000059b8   0x000000b7   Data   RO          110    .rodata.str1.1      main.o
    0x00005a6f   0x00005a6f   0x00000005   Data   RO          774    .rodata.str1.1      tasks.o
    0x00005a74   0x00005a74   0x00000008   Data   RO          847    .rodata.str1.1      timers.o
    0x00005a7c   0x00005a7c   0x00000004   Data   RO          765    .rodata.uxTopUsedPriority  tasks.o
    0x00005a80   0x00005a80   0x00000020   Data   RO         2114    Region$$Table       anon$$obj.o


    Execution Region RW_IRAM1 (Exec base: 0x20000000, Load base: 0x00005aa0, Size: 0x00002c38, Max: 0x00008000, ABSOLUTE)

    Exec Addr    Load Addr    Size         Type   Attr      Idx    E Section Name        Object

    0x20000000   0x00005aa0   0x00000004   Data   RW          384    .data.SystemCoreClock  system_tm4c123.o
    0x20000004   0x00005aa4   0x00000004   Data   RW          473    .data.uxCriticalNesting  port.o
    0x20000008        -       0x00000008   Zero   RW          111    .bss.dis            main.o
    0x20000010        -       0x00000004   Zero   RW          115    .bss.distance       main.o
    0x20000014        -       0x00000014   Zero   RW          116    .bss.diststr        main.o
    0x20000028        -       0x00000004   Zero   RW          104    .bss.doorLocked     main.o
    0x2000002c        -       0x00000004   Zero   RW          105    .bss.gearReverse    main.o
    0x20000030        -       0x00000004   Zero   RW          108    .bss.gearSwitchState  main.o
    0x20000034        -       0x00000001   Zero   RW          107    .bss.globalLock     main.o
    0x20000035        -       0x00000001   Zero   RW          106    .bss.globalSpeed    main.o
    0x20000036   0x00005aa8   0x00000002   PAD
    0x20000038        -       0x00000004   Zero   RW          117    .bss.ignitionSwitchState  main.o
    0x2000003c        -       0x00000050   Zero   RW          855    .bss.prvCheckForValidListAndQueue.ucStaticTimerQueueStorage  timers.o
    0x2000008c        -       0x00000050   Zero   RW          854    .bss.prvCheckForValidListAndQueue.xStaticTimerQueue  timers.o
    0x200000dc        -       0x00000004   Zero   RW          851    .bss.prvSampleTimeNow.xLastTime  timers.o
    0x200000e0        -       0x00000004   Zero   RW          748    .bss.pxCurrentTCB   tasks.o
    0x200000e4        -       0x00000004   Zero   RW          849    .bss.pxCurrentTimerList  timers.o
    0x200000e8        -       0x00000004   Zero   RW          755    .bss.pxDelayedTaskList  tasks.o
    0x200000ec        -       0x00000004   Zero   RW          501    .bss.pxEnd          heap_4.o
    0x200000f0        -       0x00000004   Zero   RW          756    .bss.pxOverflowDelayedTaskList  tasks.o
    0x200000f4        -       0x00000004   Zero   RW          850    .bss.pxOverflowTimerList  timers.o
    0x200000f8        -       0x00000460   Zero   RW          759    .bss.pxReadyTasksLists  tasks.o
    0x20000558        -       0x00000004   Zero   RW          113    .bss.speed          main.o
    0x2000055c        -       0x00000004   Zero   RW          114    .bss.time           main.o
    0x20000560        -       0x00002000   Zero   RW          507    .bss.ucHeap         heap_4.o
    0x20002560        -       0x00000004   Zero   RW          753    .bss.uxCurrentNumberOfTasks  tasks.o
    0x20002564        -       0x00000004   Zero   RW          752    .bss.uxDeletedTasksWaitingCleanUp  tasks.o
    0x20002568        -       0x00000004   Zero   RW          761    .bss.uxSchedulerSuspended  tasks.o
    0x2000256c        -       0x00000004   Zero   RW          749    .bss.uxTaskNumber   tasks.o
    0x20002570        -       0x00000004   Zero   RW          760    .bss.uxTopReadyPriority  tasks.o
    0x20002574        -       0x00000200   Zero   RW          769    .bss.vApplicationGetIdleTaskMemory.uxIdleTaskStack  tasks.o
    0x20002774        -       0x0000005c   Zero   RW          768    .bss.vApplicationGetIdleTaskMemory.xIdleTaskTCB  tasks.o
    0x200027d0        -       0x00000140   Zero   RW          771    .bss.vApplicationGetTimerTaskMemory.uxTimerTaskStack  tasks.o
    0x20002910        -       0x0000005c   Zero   RW          770    .bss.vApplicationGetTimerTaskMemory.xTimerTaskTCB  tasks.o
    0x2000296c        -       0x00000014   Zero   RW          852    .bss.xActiveTimerList1  timers.o
    0x20002980        -       0x00000014   Zero   RW          853    .bss.xActiveTimerList2  timers.o
    0x20002994        -       0x00000014   Zero   RW          772    .bss.xDelayedTaskList1  tasks.o
    0x200029a8        -       0x00000014   Zero   RW          773    .bss.xDelayedTaskList2  tasks.o
    0x200029bc        -       0x00000004   Zero   RW          502    .bss.xFreeBytesRemaining  heap_4.o
    0x200029c0        -       0x00000004   Zero   RW          764    .bss.xIdleTaskHandles  tasks.o
    0x200029c4        -       0x00000004   Zero   RW          504    .bss.xMinimumEverFreeBytesRemaining  heap_4.o
    0x200029c8        -       0x00000004   Zero   RW          112    .bss.xMutex         main.o
    0x200029cc        -       0x00000004   Zero   RW          763    .bss.xNextTaskUnblockTime  tasks.o
    0x200029d0        -       0x00000004   Zero   RW          767    .bss.xNumOfOverflows  tasks.o
    0x200029d4        -       0x00000004   Zero   RW          505    .bss.xNumberOfSuccessfulAllocations  heap_4.o
    0x200029d8        -       0x00000004   Zero   RW          506    .bss.xNumberOfSuccessfulFrees  heap_4.o
    0x200029dc        -       0x00000004   Zero   RW          766    .bss.xPendedTicks   tasks.o
    0x200029e0        -       0x00000014   Zero   RW          757    .bss.xPendingReadyList  tasks.o
    0x200029f4        -       0x00000004   Zero   RW          750    .bss.xSchedulerRunning  tasks.o
    0x200029f8        -       0x00000008   Zero   RW          503    .bss.xStart         heap_4.o
    0x20002a00        -       0x00000014   Zero   RW          758    .bss.xSuspendedTaskList  tasks.o
    0x20002a14        -       0x00000014   Zero   RW          751    .bss.xTasksWaitingTermination  tasks.o
    0x20002a28        -       0x00000004   Zero   RW          754    .bss.xTickCount     tasks.o
    0x20002a2c        -       0x00000004   Zero   RW          846    .bss.xTimerQueue    timers.o
    0x20002a30        -       0x00000004   Zero   RW          848    .bss.xTimerTaskHandle  timers.o
    0x20002a34        -       0x00000004   Zero   RW          762    .bss.xYieldPendings  tasks.o
    0x20002a38        -       0x00000200   Zero   RW          368    STACK               startup_tm4c123.o


==============================================================================

Image component sizes


      Code (inc. data)   RO Data    RW Data    ZI Data      Debug   Object Name

        40          0          0          0          0      29868   cmsis_os2.o
       942          0          0          0       8220       4523   heap_4.o
       238          0          0          0          0       2338   list.o
      4460         36        183          0         62      15522   main.o
       652         16          0          4          0       2946   port.o
      2386          0          0          0          0      14886   queue.o
       252         10        620          0        512       5468   startup_tm4c123.o
       268          0          0          4          0       6798   system_tm4c123.o
      5466          0          9          0       2296      27375   tasks.o
      1248         10          8          0        220      11204   timers.o

    ----------------------------------------------------------------------
     16096         84        852          8      11312     120928   Object Totals
         0          0         32          0          0          0   (incl. Generated)
       144         12          0          0          2          0   (incl. Padding)

    ----------------------------------------------------------------------

      Code (inc. data)   RO Data    RW Data    ZI Data      Debug   Library Member Name

       532         22        552          0          0       8616   gpio.o
       112         12          0          0          0       3481   i2c.o
       440         44        596          0          0       3730   sysctl.o
         0          0          0          0          0          0   entry.o
         0          0          0          0          0          0   entry10a.o
         0          0          0          0          0          0   entry11a.o
         8          4          0          0          0          0   entry2.o
         4          0          0          0          0          0   entry5.o
         0          0          0          0          0          0   entry7b.o
         0          0          0          0          0          0   entry8b.o
         8          4          0          0          0          0   entry9a.o
        30          0          0          0          0          0   handlers.o
        36          8          0          0          0         68   init.o
         0          0          0          0          0          0   iusefp.o
        30          0          0          0          0         68   llshl.o
        36          0          0          0          0         68   llsshr.o
        32          0          0          0          0         68   llushr.o
        36          0          0          0          0         68   memcpya.o
        36          0          0          0          0        108   memseta.o
      2300         84          0          0          0        524   printfa.o
        14          0          0          0          0         68   strlen.o
        44          0          0          0          0         80   uidiv.o
        98          0          0          0          0         92   uldiv.o
        48          0          0          0          0         68   cdrcmple.o
        56          0          0          0          0         88   d2f.o
       334          0          0          0          0        148   dadd.o
       222          0          0          0          0        100   ddiv.o
       186          0          0          0          0        176   depilogue.o
        48          0          0          0          0         68   dfixul.o
        34          0          0          0          0         76   dflti.o
       228          0          0          0          0         96   dmul.o
        38          0          0          0          0         68   f2d.o
       110          0          0          0          0        168   fepilogue.o

    ----------------------------------------------------------------------
      5104        178       1148          0          0      18095   Library Totals
         4          0          0          0          0          0   (incl. Padding)

    ----------------------------------------------------------------------

      Code (inc. data)   RO Data    RW Data    ZI Data      Debug   Library Name

      1084         78       1148          0          0      15827   driverlib.lib
      2712        100          0          0          0       1212   mc_w.l
      1304          0          0          0          0       1056   mf_w.l

    ----------------------------------------------------------------------
      5104        178       1148          0          0      18095   Library Totals

    ----------------------------------------------------------------------

==============================================================================


      Code (inc. data)   RO Data    RW Data    ZI Data      Debug   

     21200        262       2000          8      11312     137123   Grand Totals
     21200        262       2000          8      11312     137123   ELF Image Totals
     21200        262       2000          8          0          0   ROM Totals

==============================================================================

    Total RO  Size (Code + RO Data)                23200 (  22.66kB)
    Total RW  Size (RW Data + ZI Data)             11320 (  11.05kB)
    Total ROM Size (Code + RO Data + RW Data)      23208 (  22.66kB)

==============================================================================

