Component: Arm Compiler for Embedded 6.19 Tool: armlink [5e73cb00]

==============================================================================

Section Cross References

    main.o(.ARM.exidx.text.initLEDs) refers to main.o(.text.initLEDs) for [Anonymous Symbol]
    main.o(.ARM.exidx.text.initButtons) refers to main.o(.text.initButtons) for [Anonymous Symbol]
    main.o(.text.toggleDoorLock) refers to main.o(.bss.doorLocked) for doorLocked
    main.o(.ARM.exidx.text.toggleDoorLock) refers to main.o(.text.toggleDoorLock) for [Anonymous Symbol]
    main.o(.text.ButtonControlTask) refers to main.o(.bss.doorLocked) for doorLocked
    main.o(.text.ButtonControlTask) refers to main.o(.text.toggleDoorLock) for toggleDoorLock
    main.o(.text.ButtonControlTask) refers to tasks.o(.text.vTaskDelay) for vTaskDelay
    main.o(.ARM.exidx.text.ButtonControlTask) refers to main.o(.text.ButtonControlTask) for [Anonymous Symbol]
    main.o(.ARM.exidx.text.initPotentiometer) refers to main.o(.text.initPotentiometer) for [Anonymous Symbol]
    main.o(.ARM.exidx.text.ADC_Read) refers to main.o(.text.ADC_Read) for [Anonymous Symbol]
    main.o(.text.readPotentiometer) refers to main.o(.text.ADC_Read) for ADC_Read
    main.o(.text.readPotentiometer) refers to dflt_clz.o(x$fpl$dflt) for __aeabi_i2d
    main.o(.text.readPotentiometer) refers to ddiv.o(x$fpl$ddiv) for __aeabi_ddiv
    main.o(.text.readPotentiometer) refers to dmul.o(x$fpl$dmul) for __aeabi_dmul
    main.o(.text.readPotentiometer) refers to d2f.o(x$fpl$d2f) for __aeabi_d2f
    main.o(.text.readPotentiometer) refers to f2d.o(x$fpl$f2d) for __aeabi_f2d
    main.o(.text.readPotentiometer) refers to main.o(.bss.speed) for speed
    main.o(.ARM.exidx.text.readPotentiometer) refers to main.o(.text.readPotentiometer) for [Anonymous Symbol]
    main.o(.text.SpeedCheckTask) refers to main.o(.text.readPotentiometer) for readPotentiometer
    main.o(.text.SpeedCheckTask) refers to tasks.o(.text.vTaskDelay) for vTaskDelay
    main.o(.text.SpeedCheckTask) refers to main.o(.bss.doorLocked) for doorLocked
    main.o(.text.SpeedCheckTask) refers to main.o(.text.toggleDoorLock) for toggleDoorLock
    main.o(.ARM.exidx.text.SpeedCheckTask) refers to main.o(.text.SpeedCheckTask) for [Anonymous Symbol]
    main.o(.ARM.exidx.text.initUltrasonicLEDs) refers to main.o(.text.initUltrasonicLEDs) for [Anonymous Symbol]
    main.o(.ARM.exidx.text.Delay_MicroSecond) refers to main.o(.text.Delay_MicroSecond) for [Anonymous Symbol]
    main.o(.text.Measure_distance) refers to main.o(.text.Delay_MicroSecond) for Delay_MicroSecond
    main.o(.ARM.exidx.text.Measure_distance) refers to main.o(.text.Measure_distance) for [Anonymous Symbol]
    main.o(.ARM.exidx.text.Timer0ACapture_init) refers to main.o(.text.Timer0ACapture_init) for [Anonymous Symbol]
    main.o(.ARM.exidx.text.Delay) refers to main.o(.text.Delay) for [Anonymous Symbol]
    main.o(.text.controlLEDAndBuzzer) refers to tasks.o(.text.vTaskDelay) for vTaskDelay
    main.o(.ARM.exidx.text.controlLEDAndBuzzer) refers to main.o(.text.controlLEDAndBuzzer) for [Anonymous Symbol]
    main.o(.text.UltrasonicTask) refers to main.o(.text.Timer0ACapture_init) for Timer0ACapture_init
    main.o(.text.UltrasonicTask) refers to main.o(.bss.gearReverse) for gearReverse
    main.o(.text.UltrasonicTask) refers to main.o(.text.Measure_distance) for Measure_distance
    main.o(.text.UltrasonicTask) refers to main.o(.bss.time) for time
    main.o(.text.UltrasonicTask) refers to main.o(.bss.distance) for distance
    main.o(.text.UltrasonicTask) refers to main.o(.text.controlLEDAndBuzzer) for controlLEDAndBuzzer
    main.o(.text.UltrasonicTask) refers to tasks.o(.text.vTaskDelay) for vTaskDelay
    main.o(.ARM.exidx.text.UltrasonicTask) refers to main.o(.text.UltrasonicTask) for [Anonymous Symbol]
    main.o(.text.initIgnitionSwitch) refers to main.o(.text.__NVIC_EnableIRQ) for __NVIC_EnableIRQ
    main.o(.ARM.exidx.text.initIgnitionSwitch) refers to main.o(.text.initIgnitionSwitch) for [Anonymous Symbol]
    main.o(.ARM.exidx.text.__NVIC_EnableIRQ) refers to main.o(.text.__NVIC_EnableIRQ) for [Anonymous Symbol]
    main.o(.text.GPIOB_Handler) refers to main.o(.bss.xBinarySemaphore) for xBinarySemaphore
    main.o(.text.GPIOB_Handler) refers to queue.o(.text.xQueueGiveFromISR) for xQueueGiveFromISR
    main.o(.ARM.exidx.text.GPIOB_Handler) refers to main.o(.text.GPIOB_Handler) for [Anonymous Symbol]
    main.o(.text.IgnitionMonitorTask) refers to main.o(.bss.ignitionSwitchState) for ignitionSwitchState
    main.o(.text.IgnitionMonitorTask) refers to main.o(.bss.xBinarySemaphore) for xBinarySemaphore
    main.o(.text.IgnitionMonitorTask) refers to queue.o(.text.xQueueSemaphoreTake) for xQueueSemaphoreTake
    main.o(.text.IgnitionMonitorTask) refers to main.o(.bss.doorLocked) for doorLocked
    main.o(.text.IgnitionMonitorTask) refers to main.o(.text.toggleDoorLock) for toggleDoorLock
[...]
    [Anonymous Symbol]                       0x00001af0   Section        0  queue.o(.text.prvInitialiseNewQueue)
    prvInitialiseNewTask                     0x00001b39   Thumb Code   230  tasks.o(.text.prvInitialiseNewTask)
    [Anonymous Symbol]                       0x00001b38   Section        0  tasks.o(.text.prvInitialiseNewTask)
    prvInitialiseTaskLists                   0x00001c21   Thumb Code   142  tasks.o(.text.prvInitialiseTaskLists)
    [Anonymous Symbol]                       0x00001c20   Section        0  tasks.o(.text.prvInitialiseTaskLists)
    prvInsertBlockIntoFreeList               0x00001cb1   Thumb Code   216  heap_4.o(.text.prvInsertBlockIntoFreeList)
    [Anonymous Symbol]                       0x00001cb0   Section        0  heap_4.o(.text.prvInsertBlockIntoFreeList)
    prvInsertTimerInActiveList               0x00001d89   Thumb Code   134  timers.o(.text.prvInsertTimerInActiveList)
    [Anonymous Symbol]                       0x00001d88   Section        0  timers.o(.text.prvInsertTimerInActiveList)
    prvIsQueueEmpty                          0x00001e11   Thumb Code    40  queue.o(.text.prvIsQueueEmpty)
    [Anonymous Symbol]                       0x00001e10   Section        0  queue.o(.text.prvIsQueueEmpty)
    prvIsQueueFull                           0x00001e39   Thumb Code    46  queue.o(.text.prvIsQueueFull)
    [Anonymous Symbol]                       0x00001e38   Section        0  queue.o(.text.prvIsQueueFull)
    prvPortStartFirstTask                    0x00001e69   Thumb Code    40  port.o(.text.prvPortStartFirstTask)
    [Anonymous Symbol]                       0x00001e68   Section        0  port.o(.text.prvPortStartFirstTask)
    prvProcessExpiredTimer                   0x00001e91   Thumb Code    84  timers.o(.text.prvProcessExpiredTimer)
    [Anonymous Symbol]                       0x00001e90   Section        0  timers.o(.text.prvProcessExpiredTimer)
    prvProcessReceivedCommands               0x00001ee5   Thumb Code   334  timers.o(.text.prvProcessReceivedCommands)
    [Anonymous Symbol]                       0x00001ee4   Section        0  timers.o(.text.prvProcessReceivedCommands)
    prvProcessTimerOrBlockTask               0x00002035   Thumb Code   154  timers.o(.text.prvProcessTimerOrBlockTask)
    [Anonymous Symbol]                       0x00002034   Section        0  timers.o(.text.prvProcessTimerOrBlockTask)
    prvReloadTimer                           0x000020d1   Thumb Code    52  timers.o(.text.prvReloadTimer)
    [Anonymous Symbol]                       0x000020d0   Section        0  timers.o(.text.prvReloadTimer)
    prvResetNextTaskUnblockTime              0x00002105   Thumb Code    60  tasks.o(.text.prvResetNextTaskUnblockTime)
    [Anonymous Symbol]                       0x00002104   Section        0  tasks.o(.text.prvResetNextTaskUnblockTime)
    prvSampleTimeNow                         0x00002141   Thumb Code    68  timers.o(.text.prvSampleTimeNow)
    [Anonymous Symbol]                       0x00002140   Section        0  timers.o(.text.prvSampleTimeNow)
    prvSwitchTimerLists                      0x00002185   Thumb Code    82  timers.o(.text.prvSwitchTimerLists)
    [Anonymous Symbol]                       0x00002184   Section        0  timers.o(.text.prvSwitchTimerLists)
    prvTaskExitError                         0x000021d9   Thumb Code    38  port.o(.text.prvTaskExitError)
    [Anonymous Symbol]                       0x000021d8   Section        0  port.o(.text.prvTaskExitError)
    prvTimerTask                             0x00002201   Thumb Code    30  timers.o(.text.prvTimerTask)
    [Anonymous Symbol]                       0x00002200   Section        0  timers.o(.text.prvTimerTask)
    prvUnlockQueue                           0x00002221   Thumb Code   174  queue.o(.text.prvUnlockQueue)
    [Anonymous Symbol]                       0x00002220   Section        0  queue.o(.text.prvUnlockQueue)
    [Anonymous Symbol]                       0x000022d0   Section        0  heap_4.o(.text.pvPortMalloc)
    [Anonymous Symbol]                       0x00002488   Section        0  tasks.o(.text.pvTaskIncrementMutexHeldCount)
    [Anonymous Symbol]                       0x000024ac   Section        0  port.o(.text.pxPortInitialiseStack)
    [Anonymous Symbol]                       0x00002510   Section        0  main.o(.text.readPotentiometer)
    [Anonymous Symbol]                       0x000025c8   Section        0  main.o(.text.toggleDoorLock)
    [Anonymous Symbol]                       0x00002624   Section        0  list.o(.text.uxListRemove)
    [Anonymous Symbol]                       0x0000266c   Section        0  tasks.o(.text.uxTaskGetNumberOfTasks)
    [Anonymous Symbol]                       0x00002678   Section        0  tasks.o(.text.vApplicationGetIdleTaskMemory)
    [Anonymous Symbol]                       0x000026a4   Section        0  tasks.o(.text.vApplicationGetTimerTaskMemory)
    [Anonymous Symbol]                       0x000026d0   Section        0  cmsis_os2.o(.text.vApplicationStackOverflowHook)
    [Anonymous Symbol]                       0x000026dc   Section        0  list.o(.text.vListInitialise)
    [Anonymous Symbol]                       0x0000270c   Section        0  list.o(.text.vListInitialiseItem)
    [Anonymous Symbol]                       0x0000271c   Section        0  list.o(.text.vListInsert)
    vPortEnableVFP                           0x00002789   Thumb Code    20  port.o(.text.vPortEnableVFP)
    [Anonymous Symbol]                       0x00002788   Section        0  port.o(.text.vPortEnableVFP)
    [Anonymous Symbol]                       0x0000279c   Section        0  port.o(.text.vPortEnterCritical)
    [Anonymous Symbol]                       0x000027cc   Section        0  port.o(.text.vPortExitCritical)
    [Anonymous Symbol]                       0x000027f4   Section        0  heap_4.o(.text.vPortFree)
    [Anonymous Symbol]                       0x0000286c   Section        0  port.o(.text.vPortSetupTimerInterrupt)
    [Anonymous Symbol]                       0x000028b0   Section        0  queue.o(.text.vQueueDelete)
    [Anonymous Symbol]                       0x000028d4   Section        0  queue.o(.text.vQueueWaitForMessageRestricted)
    [Anonymous Symbol]                       0x00002938   Section        0  tasks.o(.text.vTaskDelay)
    [Anonymous Symbol]                       0x00002984   Section        0  tasks.o(.text.vTaskInternalSetTimeOutState)
    [Anonymous Symbol]                       0x000029a8   Section        0  tasks.o(.text.vTaskMissedYield)
    [Anonymous Symbol]                       0x000029b8   Section        0  tasks.o(.text.vTaskPlaceOnEventList)
    [Anonymous Symbol]                       0x000029e0   Section        0  tasks.o(.text.vTaskPlaceOnEventListRestricted)
    [Anonymous Symbol]                       0x00002a44   Section        0  tasks.o(.text.vTaskPriorityDisinheritAfterTimeout)
    [Anonymous Symbol]                       0x00002b7c   Section        0  tasks.o(.text.vTaskStartScheduler)
    [Anonymous Symbol]                       0x00002bf0   Section        0  tasks.o(.text.vTaskSuspendAll)
    __tagsym$$used.0                         0x00002c00   Number         0  tasks.o(.text.vTaskSwitchContext)
    [Anonymous Symbol]                       0x00002c00   Section        0  tasks.o(.text.vTaskSwitchContext)
    [Anonymous Symbol]                       0x00002d1c   Section        0  port.o(.text.xPortStartScheduler)
    [Anonymous Symbol]                       0x00002d88   Section        0  port.o(.text.xPortSysTickHandler)
    [Anonymous Symbol]                       0x00002dc8   Section        0  queue.o(.text.xQueueCreateMutex)
    [Anonymous Symbol]                       0x00002df0   Section        0  queue.o(.text.xQueueCreateMutexStatic)
    [Anonymous Symbol]                       0x00002e24   Section        0  queue.o(.text.xQueueGenericCreate)
    [Anonymous Symbol]                       0x00002eac   Section        0  queue.o(.text.xQueueGenericCreateStatic)
    [Anonymous Symbol]                       0x00002f18   Section        0  queue.o(.text.xQueueGenericReset)
    [Anonymous Symbol]                       0x00002fe8   Section        0  queue.o(.text.xQueueGenericSend)
    [Anonymous Symbol]                       0x00003154   Section        0  queue.o(.text.xQueueGiveFromISR)
    [Anonymous Symbol]                       0x0000321c   Section        0  queue.o(.text.xQueueReceive)
    [Anonymous Symbol]                       0x00003370   Section        0  queue.o(.text.xQueueSemaphoreTake)
    [Anonymous Symbol]                       0x00003510   Section        0  tasks.o(.text.xTaskCheckForTimeOut)
    [Anonymous Symbol]                       0x000035d4   Section        0  tasks.o(.text.xTaskCreate)
    [Anonymous Symbol]                       0x00003628   Section        0  tasks.o(.text.xTaskCreateStatic)
    [Anonymous Symbol]                       0x00003684   Section        0  tasks.o(.text.xTaskGetSchedulerState)
    [Anonymous Symbol]                       0x000036bc   Section        0  tasks.o(.text.xTaskGetTickCount)
    [Anonymous Symbol]                       0x000036d0   Section        0  tasks.o(.text.xTaskIncrementTick)
    [Anonymous Symbol]                       0x00003930   Section        0  tasks.o(.text.xTaskPriorityDisinherit)
    [Anonymous Symbol]                       0x00003a24   Section        0  tasks.o(.text.xTaskPriorityInherit)
    [Anonymous Symbol]                       0x00003b80   Section        0  tasks.o(.text.xTaskRemoveFromEventList)
    [Anonymous Symbol]                       0x00003d14   Section        0  tasks.o(.text.xTaskResumeAll)
    [Anonymous Symbol]                       0x00003f54   Section        0  timers.o(.text.xTimerCreateTimerTask)
    $v0                                      0x00003fcc   Number         0  d2f.o(x$fpl$d2f)
    x$fpl$d2f                                0x00003fcc   Section       98  d2f.o(x$fpl$d2f)
    $v0                                      0x00004030   Number         0  ddiv.o(x$fpl$ddiv)
    x$fpl$ddiv                               0x00004030   Section      692  ddiv.o(x$fpl$ddiv)
    ddiv_entry                               0x00004037   Thumb Code     0  ddiv.o(x$fpl$ddiv)
    $v0                                      0x000042e4   Number         0  dflt_clz.o(x$fpl$dflt)
    x$fpl$dflt                               0x000042e4   Section       46  dflt_clz.o(x$fpl$dflt)
    $v0                                      0x00004314   Number         0  dmul.o(x$fpl$dmul)
    x$fpl$dmul                               0x00004314   Section      340  dmul.o(x$fpl$dmul)
    $v0                                      0x00004468   Number         0  dnaninf.o(x$fpl$dnaninf)
    x$fpl$dnaninf                            0x00004468   Section      156  dnaninf.o(x$fpl$dnaninf)
    $v0                                      0x00004504   Number         0  dretinf.o(x$fpl$dretinf)
    x$fpl$dretinf                            0x00004504   Section       12  dretinf.o(x$fpl$dretinf)
    $v0                                      0x00004510   Number         0  f2d.o(x$fpl$f2d)
    x$fpl$f2d                                0x00004510   Section       86  f2d.o(x$fpl$f2d)
    $v0                                      0x00004566   Number         0  fnaninf.o(x$fpl$fnaninf)
    x$fpl$fnaninf                            0x00004566   Section      140  fnaninf.o(x$fpl$fnaninf)
    $v0                                      0x000045f2   Number         0  fpinit.o(x$fpl$fpinit)
    x$fpl$fpinit                             0x000045f2   Section       26  fpinit.o(x$fpl$fpinit)
    $v0                                      0x0000460c   Number         0  fretinf.o(x$fpl$fretinf)
    x$fpl$fretinf                            0x0000460c   Section       10  fretinf.o(x$fpl$fretinf)
    .L.str.3                                 0x00004616   Data          16  main.o(.rodata.str1.1)
    [Anonymous Symbol]                       0x00004616   Section        0  main.o(.rodata.str1.1)
    x$fpl$usenofp                            0x00004616   Section        0  usenofp.o(x$fpl$usenofp)
    .L.str.4                                 0x00004626   Data          17  main.o(.rodata.str1.1)
    .L.str.2                                 0x00004637   Data          17  main.o(.rodata.str1.1)
    .L.str                                   0x00004648   Data          20  main.o(.rodata.str1.1)
    .L.str.1                                 0x0000465c   Data          17  main.o(.rodata.str1.1)
    .L.str                                   0x0000466d   Data           5  tasks.o(.rodata.str1.1)
    [Anonymous Symbol]                       0x0000466d   Section        0  tasks.o(.rodata.str1.1)
    .L.str                                   0x00004672   Data           8  timers.o(.rodata.str1.1)
    [Anonymous Symbol]                       0x00004672   Section        0  timers.o(.rodata.str1.1)
    uxTopUsedPriority                        0x0000467c   Data           4  tasks.o(.rodata.uxTopUsedPriority)
    [Anonymous Symbol]                       0x0000467c   Section        0  tasks.o(.rodata.uxTopUsedPriority)
    uxCriticalNesting                        0x20000004   Data           4  port.o(.data.uxCriticalNesting)
    [Anonymous Symbol]                       0x20000004   Section        0  port.o(.data.uxCriticalNesting)
    .bss                                     0x20000008   Section       96  libspace.o(.bss)
    clib_mutex_cb                            0x20000068   Data         400  clib_os.o(.bss.clib_mutex_cb)
    [Anonymous Symbol]                       0x20000068   Section        0  clib_os.o(.bss.clib_mutex_cb)
    clib_mutex_id                            0x200001f8   Data          20  clib_os.o(.bss.clib_mutex_id)
    [Anonymous Symbol]                       0x200001f8   Section        0  clib_os.o(.bss.clib_mutex_id)
    prvCheckForValidListAndQueue.ucStaticTimerQueueStorage 0x20000220   Data          80  timers.o(.bss.prvCheckForValidListAndQueue.ucStaticTimerQueueStorage)
    [Anonymous Symbol]                       0x20000220   Section        0  timers.o(.bss.prvCheckForValidListAndQueue.ucStaticTimerQueueStorage)
    prvCheckForValidListAndQueue.xStaticTimerQueue 0x20000270   Data          80  timers.o(.bss.prvCheckForValidListAndQueue.xStaticTimerQueue)
    [Anonymous Symbol]                       0x20000270   Section        0  timers.o(.bss.prvCheckForValidListAndQueue.xStaticTimerQueue)
    prvSampleTimeNow.xLastTime               0x200002c0   Data           4  timers.o(.bss.prvSampleTimeNow.xLastTime)
    [Anonymous Symbol]                       0x200002c0   Section        0  timers.o(.bss.prvSampleTimeNow.xLastTime)
    __tagsym$$used.1                         0x200002c4   Number         0  tasks.o(.bss.pxCurrentTCB)
    pxCurrentTimerList                       0x200002c8   Data           4  timers.o(.bss.pxCurrentTimerList)
    [Anonymous Symbol]                       0x200002c8   Section        0  timers.o(.bss.pxCurrentTimerList)
    pxDelayedTaskList                        0x200002cc   Data           4  tasks.o(.bss.pxDelayedTaskList)
    [Anonymous Symbol]                       0x200002cc   Section        0  tasks.o(.bss.pxDelayedTaskList)
    pxEnd                                    0x200002d0   Data           4  heap_4.o(.bss.pxEnd)
    [Anonymous Symbol]                       0x200002d0   Section        0  heap_4.o(.bss.pxEnd)
    pxOverflowDelayedTaskList                0x200002d4   Data           4  tasks.o(.bss.pxOverflowDelayedTaskList)
    [Anonymous Symbol]                       0x200002d4   Section        0  tasks.o(.bss.pxOverflowDelayedTaskList)
    pxOverflowTimerList                      0x200002d8   Data           4  timers.o(.bss.pxOverflowTimerList)
    [Anonymous Symbol]                       0x200002d8   Section        0  timers.o(.bss.pxOverflowTimerList)
    pxReadyTasksLists                        0x200002dc   Data        1120  tasks.o(.bss.pxReadyTasksLists)
    [Anonymous Symbol]                       0x200002dc   Section        0  tasks.o(.bss.pxReadyTasksLists)
    ucHeap                                   0x20000744   Data        8192  heap_4.o(.bss.ucHeap)
    [Anonymous Symbol]                       0x20000744   Section        0  heap_4.o(.bss.ucHeap)
    uxCurrentNumberOfTasks                   0x20002744   Data           4  tasks.o(.bss.uxCurrentNumberOfTasks)
    [Anonymous Symbol]                       0x20002744   Section        0  tasks.o(.bss.uxCurrentNumberOfTasks)
    uxDeletedTasksWaitingCleanUp             0x20002748   Data           4  tasks.o(.bss.uxDeletedTasksWaitingCleanUp)
    [Anonymous Symbol]                       0x20002748   Section        0  tasks.o(.bss.uxDeletedTasksWaitingCleanUp)
    uxSchedulerSuspended                     0x2000274c   Data           4  tasks.o(.bss.uxSchedulerSuspended)
    [Anonymous Symbol]                       0x2000274c   Section        0  tasks.o(.bss.uxSchedulerSuspended)
    uxTaskNumber                             0x20002750   Data           4  tasks.o(.bss.uxTaskNumber)
    [Anonymous Symbol]                       0x20002750   Section        0  tasks.o(.bss.uxTaskNumber)
    uxTopReadyPriority                       0x20002754   Data           4  tasks.o(.bss.uxTopReadyPriority)
    [Anonymous Symbol]                       0x20002754   Section        0  tasks.o(.bss.uxTopReadyPriority)
    vApplicationGetIdleTaskMemory.uxIdleTaskStack 0x20002758   Data         512  tasks.o(.bss.vApplicationGetIdleTaskMemory.uxIdleTaskStack)
    [Anonymous Symbol]                       0x20002758   Section        0  tasks.o(.bss.vApplicationGetIdleTaskMemory.uxIdleTaskStack)
    vApplicationGetIdleTaskMemory.xIdleTaskTCB 0x20002958   Data          92  tasks.o(.bss.vApplicationGetIdleTaskMemory.xIdleTaskTCB)
    [Anonymous Symbol]                       0x20002958   Section        0  tasks.o(.bss.vApplicationGetIdleTaskMemory.xIdleTaskTCB)
    vApplicationGetTimerTaskMemory.uxTimerTaskStack 0x200029b4   Data         320  tasks.o(.bss.vApplicationGetTimerTaskMemory.uxTimerTaskStack)
    [Anonymous Symbol]                       0x200029b4   Section        0  tasks.o(.bss.vApplicationGetTimerTaskMemory.uxTimerTaskStack)
    vApplicationGetTimerTaskMemory.xTimerTaskTCB 0x20002af4   Data          92  tasks.o(.bss.vApplicationGetTimerTaskMemory.xTimerTaskTCB)
    [Anonymous Symbol]                       0x20002af4   Section        0  tasks.o(.bss.vApplicationGetTimerTaskMemory.xTimerTaskTCB)
    xActiveTimerList1                        0x20002b50   Data          20  timers.o(.bss.xActiveTimerList1)
    [Anonymous Symbol]                       0x20002b50   Section        0  timers.o(.bss.xActiveTimerList1)
    xActiveTimerList2                        0x20002b64   Data          20  timers.o(.bss.xActiveTimerList2)
    [Anonymous Symbol]                       0x20002b64   Section        0  timers.o(.bss.xActiveTimerList2)
    xDelayedTaskList1                        0x20002b7c   Data          20  tasks.o(.bss.xDelayedTaskList1)
    [Anonymous Symbol]                       0x20002b7c   Section        0  tasks.o(.bss.xDelayedTaskList1)
    xDelayedTaskList2                        0x20002b90   Data          20  tasks.o(.bss.xDelayedTaskList2)
    [Anonymous Symbol]                       0x20002b90   Section        0  tasks.o(.bss.xDelayedTaskList2)
    xFreeBytesRemaining                      0x20002ba4   Data           4  heap_4.o(.bss.xFreeBytesRemaining)
    [Anonymous Symbol]                       0x20002ba4   Section        0  heap_4.o(.bss.xFreeBytesRemaining)
    xIdleTaskHandles                         0x20002ba8   Data           4  tasks.o(.bss.xIdleTaskHandles)
    [Anonymous Symbol]                       0x20002ba8   Section        0  tasks.o(.bss.xIdleTaskHandles)
    xMinimumEverFreeBytesRemaining           0x20002bac   Data           4  heap_4.o(.bss.xMinimumEverFreeBytesRemaining)
    [Anonymous Symbol]                       0x20002bac   Section        0  heap_4.o(.bss.xMinimumEverFreeBytesRemaining)
    xNextTaskUnblockTime                     0x20002bb0   Data           4  tasks.o(.bss.xNextTaskUnblockTime)
    [Anonymous Symbol]                       0x20002bb0   Section        0  tasks.o(.bss.xNextTaskUnblockTime)
    xNumOfOverflows                          0x20002bb4   Data           4  tasks.o(.bss.xNumOfOverflows)
    [Anonymous Symbol]                       0x20002bb4   Section        0  tasks.o(.bss.xNumOfOverflows)
    xNumberOfSuccessfulAllocations           0x20002bb8   Data           4  heap_4.o(.bss.xNumberOfSuccessfulAllocations)
    [Anonymous Symbol]                       0x20002bb8   Section        0  heap_4.o(.bss.xNumberOfSuccessfulAllocations)
    xNumberOfSuccessfulFrees                 0x20002bbc   Data           4  heap_4.o(.bss.xNumberOfSuccessfulFrees)
    [Anonymous Symbol]                       0x20002bbc   Section        0  heap_4.o(.bss.xNumberOfSuccessfulFrees)
    xPendedTicks                             0x20002bc0   Data           4  tasks.o(.bss.xPendedTicks)
    [Anonymous Symbol]                       0x20002bc0   Section        0  tasks.o(.bss.xPendedTicks)
    xPendingReadyList                        0x20002bc4   Data          20  tasks.o(.bss.xPendingReadyList)
    [Anonymous Symbol]                       0x20002bc4   Section        0  tasks.o(.bss.xPendingReadyList)
    xSchedulerRunning                        0x20002bd8   Data           4  tasks.o(.bss.xSchedulerRunning)
    [Anonymous Symbol]                       0x20002bd8   Section        0  tasks.o(.bss.xSchedulerRunning)
    xStart                                   0x20002bdc   Data           8  heap_4.o(.bss.xStart)
    [Anonymous Symbol]                       0x20002bdc   Section        0  heap_4.o(.bss.xStart)
    xSuspendedTaskList                       0x20002be4   Data          20  tasks.o(.bss.xSuspendedTaskList)
    [Anonymous Symbol]                       0x20002be4   Section        0  tasks.o(.bss.xSuspendedTaskList)
    xTasksWaitingTermination                 0x20002bf8   Data          20  tasks.o(.bss.xTasksWaitingTermination)
    [Anonymous Symbol]                       0x20002bf8   Section        0  tasks.o(.bss.xTasksWaitingTermination)
    xTickCount                               0x20002c0c   Data           4  tasks.o(.bss.xTickCount)
    [Anonymous Symbol]                       0x20002c0c   Section        0  tasks.o(.bss.xTickCount)
    xTimerQueue                              0x20002c10   Data           4  timers.o(.bss.xTimerQueue)
    [Anonymous Symbol]                       0x20002c10   Section        0  timers.o(.bss.xTimerQueue)
    xTimerTaskHandle                         0x20002c14   Data           4  timers.o(.bss.xTimerTaskHandle)
    [Anonymous Symbol]                       0x20002c14   Section        0  timers.o(.bss.xTimerTaskHandle)
    xYieldPendings                           0x20002c18   Data           4  tasks.o(.bss.xYieldPendings)
    [Anonymous Symbol]                       0x20002c18   Section        0  tasks.o(.bss.xYieldPendings)
    Heap_Mem                                 0x20002c20   Data           0  startup_tm4c123.o(HEAP)
    Stack_Mem                                0x20002c20   Data         512  startup_tm4c123.o(STACK)
    HEAP                                     0x20002c20   Section        0  startup_tm4c123.o(HEAP)
    STACK                                    0x20002c20   Section      512  startup_tm4c123.o(STACK)
    __initial_sp                             0x20002e20   Data           0  startup_tm4c123.o(STACK)

    Global Symbols

    Symbol Name                              Value     Ov Type        Size  Object(Section)

    BuildAttributes$$THM_ISAv4$E$P$D$K$B$S$7EM$VFPi3$EXTD16$VFPS$VFMA$PE$A:L22UL41UL21$X:L11$S22US41US21$IEEE1$IW$~IW$USESV6$~STKCKD$USESV7$~SHL$OSPACE$ROPI$EBA8$UX$STANDARDLIB$REQ8$PRES8$EABIv2 0x00000000   Number         0  anon$$obj.o ABSOLUTE
    __Vectors                                0x00000000   Data           4  startup_tm4c123.o(RESET)
    __ARM_exceptions_init                     - Undefined Weak Reference
    __alloca_initialize                       - Undefined Weak Reference
    __arm_preinit_                            - Undefined Weak Reference
    __arm_relocate_pie_                       - Undefined Weak Reference
    __cpp_initialize__aeabi_                  - Undefined Weak Reference
    __cxa_finalize                            - Undefined Weak Reference
    __rt_locale                               - Undefined Weak Reference
    __sigvec_lookup                           - Undefined Weak Reference
    _atexit_init                              - Undefined Weak Reference
    _call_atexit_fns                          - Undefined Weak Reference
    _clock_init                               - Undefined Weak Reference
    _fp_trap_init                             - Undefined Weak Reference
    _fp_trap_shutdown                         - Undefined Weak Reference
    _get_lc_collate                           - Undefined Weak Reference
    _get_lc_ctype                             - Undefined Weak Reference
    _get_lc_monetary                          - Undefined Weak Reference
    _get_lc_numeric                           - Undefined Weak Reference
    _get_lc_time                              - Undefined Weak Reference
    _getenv_init                              - Undefined Weak Reference
    _handle_redirection                       - Undefined Weak Reference
    _init_alloc                               - Undefined Weak Reference
    _init_user_alloc                          - Undefined Weak Reference
    _initio                                   - Undefined Weak Reference
    _rand_init                                - Undefined Weak Reference
    _signal_finish                            - Undefined Weak Reference
    _signal_init                              - Undefined Weak Reference
    _terminate_alloc                          - Undefined Weak Reference
    _terminate_user_alloc                     - Undefined Weak Reference
    _terminateio                              - Undefined Weak Reference
    __Vectors_End                            0x0000026c   Data           0  startup_tm4c123.o(RESET)
    __Vectors_Size                           0x0000026c   Number         0  startup_tm4c123.o ABSOLUTE
    __main                                   0x0000026d   Thumb Code     8  __main.o(!!!main)
    __scatterload                            0x00000275   Thumb Code     0  __scatter.o(!!!scatter)
    __scatterload_rt2                        0x00000275   Thumb Code    44  __scatter.o(!!!scatter)
    __scatterload_rt2_thumb_only             0x00000275   Thumb Code     0  __scatter.o(!!!scatter)
    __scatterload_null                       0x00000283   Thumb Code     0  __scatter.o(!!!scatter)
    __scatterload_copy                       0x000002a9   Thumb Code    26  __scatter_copy.o(!!handler_copy)
    __scatterload_zeroinit                   0x000002c5   Thumb Code    28  __scatter_zi.o(!!handler_zi)
    __rt_lib_init                            0x000002e1   Thumb Code     0  libinit.o(.ARM.Collect$$libinit$$00000000)
    __rt_lib_init_fp_1                       0x000002e3   Thumb Code     0  libinit2.o(.ARM.Collect$$libinit$$00000001)
    __rt_lib_init_alloca_1                   0x000002e7   Thumb Code     0  libinit2.o(.ARM.Collect$$libinit$$00000030)
    __rt_lib_init_argv_1                     0x000002e7   Thumb Code     0  libinit2.o(.ARM.Collect$$libinit$$0000002E)
    __rt_lib_init_atexit_1                   0x000002e7   Thumb Code     0  libinit2.o(.ARM.Collect$$libinit$$0000001D)
    __rt_lib_init_clock_1                    0x000002e7   Thumb Code     0  libinit2.o(.ARM.Collect$$libinit$$00000023)
    __rt_lib_init_cpp_1                      0x000002e7   Thumb Code     0  libinit2.o(.ARM.Collect$$libinit$$00000034)
    __rt_lib_init_exceptions_1               0x000002e7   Thumb Code     0  libinit2.o(.ARM.Collect$$libinit$$00000032)
    __rt_lib_init_fp_trap_1                  0x000002e7   Thumb Code     0  libinit2.o(.ARM.Collect$$libinit$$00000021)
    __rt_lib_init_getenv_1                   0x000002e7   Thumb Code     0  libinit2.o(.ARM.Collect$$libinit$$00000025)
    __rt_lib_init_heap_1                     0x000002e7   Thumb Code     0  libinit2.o(.ARM.Collect$$libinit$$0000000C)
    __rt_lib_init_lc_collate_1               0x000002e7   Thumb Code     0  libinit2.o(.ARM.Collect$$libinit$$00000013)
    __rt_lib_init_lc_ctype_1                 0x000002e7   Thumb Code     0  libinit2.o(.ARM.Collect$$libinit$$00000015)
    __rt_lib_init_lc_monetary_1              0x000002e7   Thumb Code     0  libinit2.o(.ARM.Collect$$libinit$$00000017)
    __rt_lib_init_lc_numeric_1               0x000002e7   Thumb Code     0  libinit2.o(.ARM.Collect$$libinit$$00000019)
    __rt_lib_init_lc_time_1                  0x000002e7   Thumb Code     0  libinit2.o(.ARM.Collect$$libinit$$0000001B)
    __rt_lib_init_preinit_1                  0x000002e7   Thumb Code     0  libinit2.o(.ARM.Collect$$libinit$$00000006)
    __rt_lib_init_rand_1                     0x000002e7   Thumb Code     0  libinit2.o(.ARM.Collect$$libinit$$00000010)
    __rt_lib_init_relocate_pie_1             0x000002e7   Thumb Code     0  libinit2.o(.ARM.Collect$$libinit$$00000004)
    __rt_lib_init_return                     0x000002e7   Thumb Code     0  libinit2.o(.ARM.Collect$$libinit$$00000035)
    __rt_lib_init_signal_1                   0x000002e7   Thumb Code     0  libinit2.o(.ARM.Collect$$libinit$$0000001F)
    __rt_lib_init_stdio_1                    0x000002e7   Thumb Code     0  libinit2.o(.ARM.Collect$$libinit$$00000027)
    __rt_lib_init_user_alloc_1               0x000002e7   Thumb Code     0  libinit2.o(.ARM.Collect$$libinit$$0000000E)
    __rt_lib_shutdown                        0x000002e9   Thumb Code     0  libshutdown.o(.ARM.Collect$$libshutdown$$00000000)
    __rt_lib_shutdown_cpp_1                  0x000002eb   Thumb Code     0  libshutdown2.o(.ARM.Collect$$libshutdown$$00000002)
    __rt_lib_shutdown_fp_trap_1              0x000002eb   Thumb Code     0  libshutdown2.o(.ARM.Collect$$libshutdown$$00000007)
    __rt_lib_shutdown_heap_1                 0x000002eb   Thumb Code     0  libshutdown2.o(.ARM.Collect$$libshutdown$$0000000F)
    __rt_lib_shutdown_return                 0x000002eb   Thumb Code     0  libshutdown2.o(.ARM.Collect$$libshutdown$$00000010)
    __rt_lib_shutdown_signal_1               0x000002eb   Thumb Code     0  libshutdown2.o(.ARM.Collect$$libshutdown$$0000000A)
    __rt_lib_shutdown_stdio_1                0x000002eb   Thumb Code     0  libshutdown2.o(.ARM.Collect$$libshutdown$$00000004)
    __rt_lib_shutdown_user_alloc_1           0x000002eb   Thumb Code     0  libshutdown2.o(.ARM.Collect$$libshutdown$$0000000C)
    __rt_entry                               0x000002ed   Thumb Code     0  __rtentry.o(.ARM.Collect$$rtentry$$00000000)
    __rt_entry_presh_1                       0x000002ed   Thumb Code     0  __rtentry2.o(.ARM.Collect$$rtentry$$00000002)
    __rt_entry_sh                            0x000002ed   Thumb Code     0  __rtentry4.o(.ARM.Collect$$rtentry$$00000004)
    __rt_entry_postsh_1                      0x000002f3   Thumb Code     0  __rtentry2.o(.ARM.Collect$$rtentry$$00000008)
    __rt_entry_li                            0x000002fb   Thumb Code     0  __rtentry2.o(.ARM.Collect$$rtentry$$0000000A)
    __rt_entry_main                          0x000002ff   Thumb Code     0  __rtentry2.o(.ARM.Collect$$rtentry$$0000000D)
    __rt_entry_postli_1                      0x000002ff   Thumb Code     0  __rtentry2.o(.ARM.Collect$$rtentry$$0000000C)
    __rt_exit                                0x00000307   Thumb Code     0  rtexit.o(.ARM.Collect$$rtexit$$00000000)
    __rt_exit_ls                             0x00000309   Thumb Code     0  rtexit2.o(.ARM.Collect$$rtexit$$00000003)
    __rt_exit_prels_1                        0x00000309   Thumb Code     0  rtexit2.o(.ARM.Collect$$rtexit$$00000002)
    __rt_exit_exit                           0x0000030d   Thumb Code     0  rtexit2.o(.ARM.Collect$$rtexit$$00000004)
    Reset_Handler                            0x00000315   Thumb Code     8  startup_tm4c123.o(.text)
    NMI_Handler                              0x0000031d   Thumb Code     2  startup_tm4c123.o(.text)
    HardFault_Handler                        0x0000031f   Thumb Code     2  startup_tm4c123.o(.text)
    MemManage_Handler                        0x00000321   Thumb Code     2  startup_tm4c123.o(.text)
    BusFault_Handler                         0x00000323   Thumb Code     2  startup_tm4c123.o(.text)
    UsageFault_Handler                       0x00000325   Thumb Code     2  startup_tm4c123.o(.text)
    DebugMon_Handler                         0x00000329   Thumb Code     2  startup_tm4c123.o(.text)
    GPIOA_Handler                            0x0000032f   Thumb Code     2  startup_tm4c123.o(.text)
    GPIOC_Handler                            0x00000333   Thumb Code     2  startup_tm4c123.o(.text)
    GPIOD_Handler                            0x00000335   Thumb Code     2  startup_tm4c123.o(.text)
    GPIOE_Handler                            0x00000337   Thumb Code     2  startup_tm4c123.o(.text)
    UART0_Handler                            0x00000339   Thumb Code     2  startup_tm4c123.o(.text)
    UART1_Handler                            0x0000033b   Thumb Code     2  startup_tm4c123.o(.text)
    SSI0_Handler                             0x0000033d   Thumb Code     2  startup_tm4c123.o(.text)
    I2C0_Handler                             0x0000033f   Thumb Code     2  startup_tm4c123.o(.text)
    PMW0_FAULT_Handler                       0x00000341   Thumb Code     2  startup_tm4c123.o(.text)
    PWM0_0_Handler                           0x00000343   Thumb Code     2  startup_tm4c123.o(.text)
    PWM0_1_Handler                           0x00000345   Thumb Code     2  startup_tm4c123.o(.text)
    PWM0_2_Handler                           0x00000347   Thumb Code     2  startup_tm4c123.o(.text)
    QEI0_Handler                             0x00000349   Thumb Code     2  startup_tm4c123.o(.text)
    ADC0SS0_Handler                          0x0000034b   Thumb Code     2  startup_tm4c123.o(.text)
    ADC0SS1_Handler                          0x0000034d   Thumb Code     2  startup_tm4c123.o(.text)
    ADC0SS2_Handler                          0x0000034f   Thumb Code     2  startup_tm4c123.o(.text)
    ADC0SS3_Handler                          0x00000351   Thumb Code     2  startup_tm4c123.o(.text)
    WDT0_Handler                             0x00000353   Thumb Code     2  startup_tm4c123.o(.text)
    TIMER0A_Handler                          0x00000355   Thumb Code     2  startup_tm4c123.o(.text)
    TIMER0B_Handler                          0x00000357   Thumb Code     2  startup_tm4c123.o(.text)
    TIMER1A_Handler                          0x00000359   Thumb Code     2  startup_tm4c123.o(.text)
    TIMER1B_Handler                          0x0000035b   Thumb Code     2  startup_tm4c123.o(.text)
    TIMER2A_Handler                          0x0000035d   Thumb Code     2  startup_tm4c123.o(.text)
    TIMER2B_Handler                          0x0000035f   Thumb Code     2  startup_tm4c123.o(.text)
    COMP0_Handler                            0x00000361   Thumb Code     2  startup_tm4c123.o(.text)
    COMP1_Handler                            0x00000363   Thumb Code     2  startup_tm4c123.o(.text)
    COMP2_Handler                            0x00000365   Thumb Code     2  startup_tm4c123.o(.text)
    SYSCTL_Handler                           0x00000367   Thumb Code     2  startup_tm4c123.o(.text)
    FLASH_Handler                            0x00000369   Thumb Code     2  startup_tm4c123.o(.text)
    GPIOF_Handler                            0x0000036b   Thumb Code     2  startup_tm4c123.o(.text)
    GPIOG_Handler                            0x0000036d   Thumb Code     2  startup_tm4c123.o(.text)
    GPIOH_Handler                            0x0000036f   Thumb Code     2  startup_tm4c123.o(.text)
    UART2_Handler                            0x00000371   Thumb Code     2  startup_tm4c123.o(.text)
    SSI1_Handler                             0x00000373   Thumb Code     2  startup_tm4c123.o(.text)
    TIMER3A_Handler                          0x00000375   Thumb Code     2  startup_tm4c123.o(.text)
    TIMER3B_Handler                          0x00000377   Thumb Code     2  startup_tm4c123.o(.text)
    I2C1_Handler                             0x00000379   Thumb Code     2  startup_tm4c123.o(.text)
    QEI1_Handler                             0x0000037b   Thumb Code     2  startup_tm4c123.o(.text)
    CAN0_Handler                             0x0000037d   Thumb Code     2  startup_tm4c123.o(.text)
    CAN1_Handler                             0x0000037f   Thumb Code     2  startup_tm4c123.o(.text)
    CAN2_Handler                             0x00000381   Thumb Code     2  startup_tm4c123.o(.text)
    HIB_Handler                              0x00000383   Thumb Code     2  startup_tm4c123.o(.text)
    USB0_Handler                             0x00000385   Thumb Code     2  startup_tm4c123.o(.text)
    PWM0_3_Handler                           0x00000387   Thumb Code     2  startup_tm4c123.o(.text)
    UDMA_Handler                             0x00000389   Thumb Code     2  startup_tm4c123.o(.text)
    UDMAERR_Handler                          0x0000038b   Thumb Code     2  startup_tm4c123.o(.text)
    ADC1SS0_Handler                          0x0000038d   Thumb Code     2  startup_tm4c123.o(.text)
    ADC1SS1_Handler                          0x0000038f   Thumb Code     2  startup_tm4c123.o(.text)
    ADC1SS2_Handler                          0x00000391   Thumb Code     2  startup_tm4c123.o(.text)
    ADC1SS3_Handler                          0x00000393   Thumb Code     2  startup_tm4c123.o(.text)
    GPIOJ_Handler                            0x00000395   Thumb Code     2  startup_tm4c123.o(.text)
    GPIOK_Handler                            0x00000397   Thumb Code     2  startup_tm4c123.o(.text)
    GPIOL_Handler                            0x00000399   Thumb Code     2  startup_tm4c123.o(.text)
    SSI2_Handler                             0x0000039b   Thumb Code     2  startup_tm4c123.o(.text)
    SSI3_Handler                             0x0000039d   Thumb Code     2  startup_tm4c123.o(.text)
    UART3_Handler                            0x0000039f   Thumb Code     2  startup_tm4c123.o(.text)
    UART4_Handler                            0x000003a1   Thumb Code     2  startup_tm4c123.o(.text)
    UART5_Handler                            0x000003a3   Thumb Code     2  startup_tm4c123.o(.text)
    UART6_Handler                            0x000003a5   Thumb Code     2  startup_tm4c123.o(.text)
    UART7_Handler                            0x000003a7   Thumb Code     2  startup_tm4c123.o(.text)
    I2C2_Handler                             0x000003a9   Thumb Code     2  startup_tm4c123.o(.text)
    I2C3_Handler                             0x000003ab   Thumb Code     2  startup_tm4c123.o(.text)
    TIMER4A_Handler                          0x000003ad   Thumb Code     2  startup_tm4c123.o(.text)
    TIMER4B_Handler                          0x000003af   Thumb Code     2  startup_tm4c123.o(.text)
    TIMER5A_Handler                          0x000003b1   Thumb Code     2  startup_tm4c123.o(.text)
    TIMER5B_Handler                          0x000003b3   Thumb Code     2  startup_tm4c123.o(.text)
    WTIMER0A_Handler                         0x000003b5   Thumb Code     2  startup_tm4c123.o(.text)
    WTIMER0B_Handler                         0x000003b7   Thumb Code     2  startup_tm4c123.o(.text)
    WTIMER1A_Handler                         0x000003b9   Thumb Code     2  startup_tm4c123.o(.text)
    WTIMER1B_Handler                         0x000003bb   Thumb Code     2  startup_tm4c123.o(.text)
    WTIMER2A_Handler                         0x000003bd   Thumb Code     2  startup_tm4c123.o(.text)
    WTIMER2B_Handler                         0x000003bf   Thumb Code     2  startup_tm4c123.o(.text)
    WTIMER3A_Handler                         0x000003c1   Thumb Code     2  startup_tm4c123.o(.text)
    WTIMER3B_Handler                         0x000003c3   Thumb Code     2  startup_tm4c123.o(.text)
    WTIMER4A_Handler                         0x000003c5   Thumb Code     2  startup_tm4c123.o(.text)
    WTIMER4B_Handler                         0x000003c7   Thumb Code     2  startup_tm4c123.o(.text)
    WTIMER5A_Handler                         0x000003c9   Thumb Code     2  startup_tm4c123.o(.text)
    WTIMER5B_Handler                         0x000003cb   Thumb Code     2  startup_tm4c123.o(.text)
    FPU_Handler                              0x000003cd   Thumb Code     2  startup_tm4c123.o(.text)
    I2C4_Handler                             0x000003cf   Thumb Code     2  startup_tm4c123.o(.text)
    I2C5_Handler                             0x000003d1   Thumb Code     2  startup_tm4c123.o(.text)
    GPIOM_Handler                            0x000003d3   Thumb Code     2  startup_tm4c123.o(.text)
    GPION_Handler                            0x000003d5   Thumb Code     2  startup_tm4c123.o(.text)
    QEI2_Handler                             0x000003d7   Thumb Code     2  startup_tm4c123.o(.text)
    GPIOP0_Handler                           0x000003d9   Thumb Code     2  startup_tm4c123.o(.text)
    GPIOP1_Handler                           0x000003db   Thumb Code     2  startup_tm4c123.o(.text)
    GPIOP2_Handler                           0x000003dd   Thumb Code     2  startup_tm4c123.o(.text)
    GPIOP3_Handler                           0x000003df   Thumb Code     2  startup_tm4c123.o(.text)
    GPIOP4_Handler                           0x000003e1   Thumb Code     2  startup_tm4c123.o(.text)
    GPIOP5_Handler                           0x000003e3   Thumb Code     2  startup_tm4c123.o(.text)
    GPIOP6_Handler                           0x000003e5   Thumb Code     2  startup_tm4c123.o(.text)
    GPIOP7_Handler                           0x000003e7   Thumb Code     2  startup_tm4c123.o(.text)
    GPIOQ0_Handler                           0x000003e9   Thumb Code     2  startup_tm4c123.o(.text)
    GPIOQ1_Handler                           0x000003eb   Thumb Code     2  startup_tm4c123.o(.text)
    GPIOQ2_Handler                           0x000003ed   Thumb Code     2  startup_tm4c123.o(.text)
    GPIOQ3_Handler                           0x000003ef   Thumb Code     2  startup_tm4c123.o(.text)
    GPIOQ4_Handler                           0x000003f1   Thumb Code     2  startup_tm4c123.o(.text)
    GPIOQ5_Handler                           0x000003f3   Thumb Code     2  startup_tm4c123.o(.text)
    GPIOQ6_Handler                           0x000003f5   Thumb Code     2  startup_tm4c123.o(.text)
    GPIOQ7_Handler                           0x000003f7   Thumb Code     2  startup_tm4c123.o(.text)
    GPIOR_Handler                            0x000003f9   Thumb Code     2  startup_tm4c123.o(.text)
    GPIOS_Handler                            0x000003fb   Thumb Code     2  startup_tm4c123.o(.text)
    PMW1_0_Handler                           0x000003fd   Thumb Code     2  startup_tm4c123.o(.text)
    PWM1_1_Handler                           0x000003ff   Thumb Code     2  startup_tm4c123.o(.text)
    PWM1_2_Handler                           0x00000401   Thumb Code     2  startup_tm4c123.o(.text)
    PWM1_3_Handler                           0x00000403   Thumb Code     2  startup_tm4c123.o(.text)
    PWM1_FAULT_Handler                       0x00000405   Thumb Code     2  startup_tm4c123.o(.text)
    __user_initial_stackheap                 0x00000409   Thumb Code     0  startup_tm4c123.o(.text)
    __aeabi_memcpy                           0x00000429   Thumb Code     0  rt_memcpy_v6.o(.text)
    __rt_memcpy                              0x00000429   Thumb Code   138  rt_memcpy_v6.o(.text)
    _memcpy_lastbytes                        0x0000048f   Thumb Code     0  rt_memcpy_v6.o(.text)
    __aeabi_memset4                          0x000004b3   Thumb Code    16  aeabi_memset4.o(.text)
    __aeabi_memset8                          0x000004b3   Thumb Code     0  aeabi_memset4.o(.text)
    __aeabi_memclr                           0x000004c3   Thumb Code     0  rt_memclr.o(.text)
    __rt_memclr                              0x000004c3   Thumb Code     0  rt_memclr.o(.text)
    _memset                                  0x000004c7   Thumb Code    64  rt_memclr.o(.text)
    __use_two_region_memory                  0x00000507   Thumb Code     2  heapauxi.o(.text)
    __rt_heap_escrow$2region                 0x00000509   Thumb Code     2  heapauxi.o(.text)
    __rt_heap_expand$2region                 0x0000050b   Thumb Code     2  heapauxi.o(.text)
    __aeabi_memcpy4                          0x0000050d   Thumb Code     0  rt_memcpy_w.o(.text)
    __aeabi_memcpy8                          0x0000050d   Thumb Code     0  rt_memcpy_w.o(.text)
    __rt_memcpy_w                            0x0000050d   Thumb Code   100  rt_memcpy_w.o(.text)
    _memcpy_lastbytes_aligned                0x00000555   Thumb Code     0  rt_memcpy_w.o(.text)
    __aeabi_memclr4                          0x00000571   Thumb Code     0  rt_memclr_w.o(.text)
    __aeabi_memclr8                          0x00000571   Thumb Code     0  rt_memclr_w.o(.text)
    __rt_memclr_w                            0x00000571   Thumb Code     0  rt_memclr_w.o(.text)
    _memset_w                                0x00000575   Thumb Code    74  rt_memclr_w.o(.text)
    __user_setup_stackheap                   0x000005bf   Thumb Code    74  sys_stackheap_outer.o(.text)
    exit                                     0x00000609   Thumb Code    18  exit.o(.text)
    __user_libspace                          0x0000061d   Thumb Code     8  libspace.o(.text)
    __user_perproc_libspace                  0x0000061d   Thumb Code     0  libspace.o(.text)
    _sys_exit                                0x00000625   Thumb Code     8  sys_exit.o(.text)
    __I$use$semihosting                      0x00000631   Thumb Code     0  use_no_semi.o(.text)
    __use_no_semihosting_swi                 0x00000631   Thumb Code     2  use_no_semi.o(.text)
    __semihosting_library_function           0x00000633   Thumb Code     0  indicate_semi.o(.text)
    _fp_init                                 0x00000635   Thumb Code    22  clib_os.o(.text.$Sub$$_fp_init)
    ADC_Read                                 0x0000064d   Thumb Code    72  main.o(.text.ADC_Read)
    ButtonControlTask                        0x00000695   Thumb Code   108  main.o(.text.ButtonControlTask)
    Delay_MicroSecond                        0x00000701   Thumb Code   148  main.o(.text.Delay_MicroSecond)
    GPIOB_Handler                            0x00000795   Thumb Code    76  main.o(.text.GPIOB_Handler)
    GearSwitchTask                           0x000007e1   Thumb Code    62  main.o(.text.GearSwitchTask)
    IgnitionMonitorTask                      0x00000821   Thumb Code   100  main.o(.text.IgnitionMonitorTask)
    Measure_distance                         0x00000885   Thumb Code   168  main.o(.text.Measure_distance)
    PendSV_Handler                           0x00000931   Thumb Code   100  port.o(.text.PendSV_Handler)
    SVC_Handler                              0x000009a1   Thumb Code    36  port.o(.text.SVC_Handler)
    SpeedCheckTask                           0x000009c5   Thumb Code   100  main.o(.text.SpeedCheckTask)
    SysTick_Handler                          0x00000a29   Thumb Code    30  cmsis_os2.o(.text.SysTick_Handler)
    SystemInit                               0x00000a49   Thumb Code   268  system_tm4c123.o(.text.SystemInit)
    Timer0ACapture_init                      0x00000b55   Thumb Code   196  main.o(.text.Timer0ACapture_init)
    UltrasonicTask                           0x00000c19   Thumb Code   112  main.o(.text.UltrasonicTask)
    _mutex_acquire                           0x00000cb9   Thumb Code    40  clib_os.o(.text._mutex_acquire)
    _mutex_free                              0x00000ce1   Thumb Code    84  clib_os.o(.text._mutex_free)
    _mutex_initialize                        0x00000d35   Thumb Code   168  clib_os.o(.text._mutex_initialize)
    _mutex_release                           0x00000ddd   Thumb Code    42  clib_os.o(.text._mutex_release)
    _platform_post_stackheap_init            0x00000e09   Thumb Code     2  clib_os.o(.text._platform_post_stackheap_init)
    controlLEDAndBuzzer                      0x00000e0d   Thumb Code   222  main.o(.text.controlLEDAndBuzzer)
    gearreverseoff                           0x00000eed   Thumb Code    14  main.o(.text.gearreverseoff)
    gearreverseon                            0x00000efd   Thumb Code    14  main.o(.text.gearreverseon)
    initButtons                              0x00000f0d   Thumb Code   122  main.o(.text.initButtons)
    initGearSwitch                           0x00000f89   Thumb Code    88  main.o(.text.initGearSwitch)
    initIgnitionSwitch                       0x00000fe1   Thumb Code   160  main.o(.text.initIgnitionSwitch)
    initLEDs                                 0x00001081   Thumb Code    72  main.o(.text.initLEDs)
    initPotentiometer                        0x000010c9   Thumb Code   184  main.o(.text.initPotentiometer)
    initUltrasonicLEDs                       0x00001181   Thumb Code    72  main.o(.text.initUltrasonicLEDs)
    main                                     0x000011e9   Thumb Code   246  main.o(.text.main)
    pvPortMalloc                             0x000022d1   Thumb Code   438  heap_4.o(.text.pvPortMalloc)
    pvTaskIncrementMutexHeldCount            0x00002489   Thumb Code    36  tasks.o(.text.pvTaskIncrementMutexHeldCount)
    pxPortInitialiseStack                    0x000024ad   Thumb Code    94  port.o(.text.pxPortInitialiseStack)
    readPotentiometer                        0x00002511   Thumb Code   184  main.o(.text.readPotentiometer)
    toggleDoorLock                           0x000025c9   Thumb Code    92  main.o(.text.toggleDoorLock)
    uxListRemove                             0x00002625   Thumb Code    72  list.o(.text.uxListRemove)
    uxTaskGetNumberOfTasks                   0x0000266d   Thumb Code    12  tasks.o(.text.uxTaskGetNumberOfTasks)
    vApplicationGetIdleTaskMemory            0x00002679   Thumb Code    42  tasks.o(.text.vApplicationGetIdleTaskMemory)
    vApplicationGetTimerTaskMemory           0x000026a5   Thumb Code    42  tasks.o(.text.vApplicationGetTimerTaskMemory)
    vApplicationStackOverflowHook            0x000026d1   Thumb Code    10  cmsis_os2.o(.text.vApplicationStackOverflowHook)
    vListInitialise                          0x000026dd   Thumb Code    46  list.o(.text.vListInitialise)
    vListInitialiseItem                      0x0000270d   Thumb Code    14  list.o(.text.vListInitialiseItem)
    vListInsert                              0x0000271d   Thumb Code   106  list.o(.text.vListInsert)
    vPortEnterCritical                       0x0000279d   Thumb Code    48  port.o(.text.vPortEnterCritical)
    vPortExitCritical                        0x000027cd   Thumb Code    38  port.o(.text.vPortExitCritical)
    vPortFree                                0x000027f5   Thumb Code   118  heap_4.o(.text.vPortFree)
    vPortSetupTimerInterrupt                 0x0000286d   Thumb Code    68  port.o(.text.vPortSetupTimerInterrupt)
    vQueueDelete                             0x000028b1   Thumb Code    34  queue.o(.text.vQueueDelete)
    vQueueWaitForMessageRestricted           0x000028d5   Thumb Code   100  queue.o(.text.vQueueWaitForMessageRestricted)
    vTaskDelay                               0x00002939   Thumb Code    74  tasks.o(.text.vTaskDelay)
    vTaskInternalSetTimeOutState             0x00002985   Thumb Code    36  tasks.o(.text.vTaskInternalSetTimeOutState)
    vTaskMissedYield                         0x000029a9   Thumb Code    14  tasks.o(.text.vTaskMissedYield)
    vTaskPlaceOnEventList                    0x000029b9   Thumb Code    38  tasks.o(.text.vTaskPlaceOnEventList)
    vTaskPlaceOnEventListRestricted          0x000029e1   Thumb Code   100  tasks.o(.text.vTaskPlaceOnEventListRestricted)
    vTaskPriorityDisinheritAfterTimeout      0x00002a45   Thumb Code   312  tasks.o(.text.vTaskPriorityDisinheritAfterTimeout)
    vTaskStartScheduler                      0x00002b7d   Thumb Code   114  tasks.o(.text.vTaskStartScheduler)
    vTaskSuspendAll                          0x00002bf1   Thumb Code    16  tasks.o(.text.vTaskSuspendAll)
    vTaskSwitchContext                       0x00002c01   Thumb Code   284  tasks.o(.text.vTaskSwitchContext)
    xPortStartScheduler                      0x00002d1d   Thumb Code   108  port.o(.text.xPortStartScheduler)
    xPortSysTickHandler                      0x00002d89   Thumb Code    62  port.o(.text.xPortSysTickHandler)
    xQueueCreateMutex                        0x00002dc9   Thumb Code    38  queue.o(.text.xQueueCreateMutex)
    xQueueCreateMutexStatic                  0x00002df1   Thumb Code    50  queue.o(.text.xQueueCreateMutexStatic)
    xQueueGenericCreate                      0x00002e25   Thumb Code   134  queue.o(.text.xQueueGenericCreate)
    xQueueGenericCreateStatic                0x00002ead   Thumb Code   108  queue.o(.text.xQueueGenericCreateStatic)
    xQueueGenericReset                       0x00002f19   Thumb Code   208  queue.o(.text.xQueueGenericReset)
    xQueueGenericSend                        0x00002fe9   Thumb Code   362  queue.o(.text.xQueueGenericSend)
    xQueueGiveFromISR                        0x00003155   Thumb Code   198  queue.o(.text.xQueueGiveFromISR)
    xQueueReceive                            0x0000321d   Thumb Code   338  queue.o(.text.xQueueReceive)
    xQueueSemaphoreTake                      0x00003371   Thumb Code   414  queue.o(.text.xQueueSemaphoreTake)
    xTaskCheckForTimeOut                     0x00003511   Thumb Code   196  tasks.o(.text.xTaskCheckForTimeOut)
    xTaskCreate                              0x000035d5   Thumb Code    82  tasks.o(.text.xTaskCreate)
    xTaskCreateStatic                        0x00003629   Thumb Code    92  tasks.o(.text.xTaskCreateStatic)
    xTaskGetSchedulerState                   0x00003685   Thumb Code    56  tasks.o(.text.xTaskGetSchedulerState)
    xTaskGetTickCount                        0x000036bd   Thumb Code    20  tasks.o(.text.xTaskGetTickCount)
    xTaskIncrementTick                       0x000036d1   Thumb Code   606  tasks.o(.text.xTaskIncrementTick)
    xTaskPriorityDisinherit                  0x00003931   Thumb Code   242  tasks.o(.text.xTaskPriorityDisinherit)
    xTaskPriorityInherit                     0x00003a25   Thumb Code   348  tasks.o(.text.xTaskPriorityInherit)
    xTaskRemoveFromEventList                 0x00003b81   Thumb Code   404  tasks.o(.text.xTaskRemoveFromEventList)
    xTaskResumeAll                           0x00003d15   Thumb Code   574  tasks.o(.text.xTaskResumeAll)
    xTimerCreateTimerTask                    0x00003f55   Thumb Code   120  timers.o(.text.xTimerCreateTimerTask)
    __aeabi_d2f                              0x00003fcd   Thumb Code     0  d2f.o(x$fpl$d2f)
    _d2f                                     0x00003fcd   Thumb Code    98  d2f.o(x$fpl$d2f)
    __aeabi_ddiv                             0x00004031   Thumb Code     0  ddiv.o(x$fpl$ddiv)
    _ddiv                                    0x00004031   Thumb Code   556  ddiv.o(x$fpl$ddiv)
    __aeabi_i2d                              0x000042e5   Thumb Code     0  dflt_clz.o(x$fpl$dflt)
    _dflt                                    0x000042e5   Thumb Code    46  dflt_clz.o(x$fpl$dflt)
    __aeabi_dmul                             0x00004315   Thumb Code     0  dmul.o(x$fpl$dmul)
    _dmul                                    0x00004315   Thumb Code   332  dmul.o(x$fpl$dmul)
    __fpl_dnaninf                            0x00004469   Thumb Code   156  dnaninf.o(x$fpl$dnaninf)
    __fpl_dretinf                            0x00004505   Thumb Code    12  dretinf.o(x$fpl$dretinf)
    __aeabi_f2d                              0x00004511   Thumb Code     0  f2d.o(x$fpl$f2d)
    _f2d                                     0x00004511   Thumb Code    86  f2d.o(x$fpl$f2d)
    __fpl_fnaninf                            0x00004567   Thumb Code   140  fnaninf.o(x$fpl$fnaninf)
    $Super$$_fp_init                         0x000045f3   Thumb Code    26  fpinit.o(x$fpl$fpinit)
    __fplib_config_fpu_vfp                   0x0000460b   Thumb Code     0  fpinit.o(x$fpl$fpinit)
    __fplib_config_pureend_doubles           0x0000460b   Thumb Code     0  fpinit.o(x$fpl$fpinit)
    __fpl_fretinf                            0x0000460d   Thumb Code    10  fretinf.o(x$fpl$fretinf)
    __I$use$fp                               0x00004616   Number         0  usenofp.o(x$fpl$usenofp)
    Region$$Table$$Base                      0x00004680   Number         0  anon$$obj.o(Region$$Table)
    Region$$Table$$Limit                     0x000046a0   Number         0  anon$$obj.o(Region$$Table)
    SystemCoreClock                          0x20000000   Data           4  system_tm4c123.o(.data.SystemCoreClock)
    __libspace_start                         0x20000008   Data          96  libspace.o(.bss)
    __temporary_stack_top$libspace           0x20000068   Data           0  libspace.o(.bss)
    distance                                 0x2000020c   Data           4  main.o(.bss.distance)
    doorLocked                               0x20000210   Data           4  main.o(.bss.doorLocked)
    gearReverse                              0x20000214   Data           4  main.o(.bss.gearReverse)
    gearSwitchState                          0x20000218   Data           4  main.o(.bss.gearSwitchState)
    ignitionSwitchState                      0x2000021c   Data           4  main.o(.bss.ignitionSwitchState)
    pxCurrentTCB                             0x200002c4   Data           4  tasks.o(.bss.pxCurrentTCB)
    speed                                    0x2000073c   Data           4  main.o(.bss.speed)
    time                                     0x20000740   Data           4  main.o(.bss.time)
    xBinarySemaphore                         0x20002b78   Data           4  main.o(.bss.xBinarySemaphore)



==============================================================================

Memory Map of the image

  Image Entry point : 0x00000315

  Load Region LR_1 (Base: 0x00000000, Size: 0x000046a8, Max: 0xffffffff, ABSOLUTE)

    Execution Region ER_RO (Exec base: 0x00000000, Load base: 0x00000000, Size: 0x000046a0, Max: 0xffffffff, ABSOLUTE)

    Exec Addr    Load Addr    Size         Type   Attr      Idx    E Section Name        Object

    0x00000000   0x00000000   0x0000026c   Data   RO          334    RESET               startup_tm4c123.o
    0x0000026c   0x0000026c   0x00000008   Code   RO          838  * !!!main             c_w.l(__main.o)
    0x00000274   0x00000274   0x00000034   Code   RO         1030    !!!scatter          c_w.l(__scatter.o)
    0x000002a8   0x000002a8   0x0000001a   Code   RO         1032    !!handler_copy      c_w.l(__scatter_copy.o)
    0x000002c2   0x000002c2   0x00000002   PAD
    0x000002c4   0x000002c4   0x0000001c   Code   RO         1034    !!handler_zi        c_w.l(__scatter_zi.o)
    0x000002e0   0x000002e0   0x00000002   Code   RO          894    .ARM.Collect$$libinit$$00000000  c_w.l(libinit.o)
    0x000002e2   0x000002e2   0x00000004   Code   RO          900    .ARM.Collect$$libinit$$00000001  c_w.l(libinit2.o)
    0x000002e6   0x000002e6   0x00000000   Code   RO          903    .ARM.Collect$$libinit$$00000004  c_w.l(libinit2.o)
    0x000002e6   0x000002e6   0x00000000   Code   RO          905    .ARM.Collect$$libinit$$00000006  c_w.l(libinit2.o)
    0x000002e6   0x000002e6   0x00000000   Code   RO          908    .ARM.Collect$$libinit$$0000000C  c_w.l(libinit2.o)
    0x000002e6   0x000002e6   0x00000000   Code   RO          910    .ARM.Collect$$libinit$$0000000E  c_w.l(libinit2.o)
    0x000002e6   0x000002e6   0x00000000   Code   RO          912    .ARM.Collect$$libinit$$00000010  c_w.l(libinit2.o)
    0x000002e6   0x000002e6   0x00000000   Code   RO          915    .ARM.Collect$$libinit$$00000013  c_w.l(libinit2.o)
    0x000002e6   0x000002e6   0x00000000   Code   RO          917    .ARM.Collect$$libinit$$00000015  c_w.l(libinit2.o)
    0x000002e6   0x000002e6   0x00000000   Code   RO          919    .ARM.Collect$$libinit$$00000017  c_w.l(libinit2.o)
    0x000002e6   0x000002e6   0x00000000   Code   RO          921    .ARM.Collect$$libinit$$00000019  c_w.l(libinit2.o)
    0x000002e6   0x000002e6   0x00000000   Code   RO          923    .ARM.Collect$$libinit$$0000001B  c_w.l(libinit2.o)
    0x000002e6   0x000002e6   0x00000000   Code   RO          925    .ARM.Collect$$libinit$$0000001D  c_w.l(libinit2.o)
    0x000002e6   0x000002e6   0x00000000   Code   RO          927    .ARM.Collect$$libinit$$0000001F  c_w.l(libinit2.o)
    0x000002e6   0x000002e6   0x00000000   Code   RO          929    .ARM.Collect$$libinit$$00000021  c_w.l(libinit2.o)
    0x000002e6   0x000002e6   0x00000000   Code   RO          931    .ARM.Collect$$libinit$$00000023  c_w.l(libinit2.o)
    0x000002e6   0x000002e6   0x00000000   Code   RO          933    .ARM.Collect$$libinit$$00000025  c_w.l(libinit2.o)
    0x000002e6   0x000002e6   0x00000000   Code   RO          935    .ARM.Collect$$libinit$$00000027  c_w.l(libinit2.o)
    0x000002e6   0x000002e6   0x00000000   Code   RO          939    .ARM.Collect$$libinit$$0000002E  c_w.l(libinit2.o)
    0x000002e6   0x000002e6   0x00000000   Code   RO          941    .ARM.Collect$$libinit$$00000030  c_w.l(libinit2.o)
    0x000002e6   0x000002e6   0x00000000   Code   RO          943    .ARM.Collect$$libinit$$00000032  c_w.l(libinit2.o)
    0x000002e6   0x000002e6   0x00000000   Code   RO          945    .ARM.Collect$$libinit$$00000034  c_w.l(libinit2.o)
    0x000002e6   0x000002e6   0x00000002   Code   RO          946    .ARM.Collect$$libinit$$00000035  c_w.l(libinit2.o)
    0x000002e8   0x000002e8   0x00000002   Code   RO          966    .ARM.Collect$$libshutdown$$00000000  c_w.l(libshutdown.o)
    0x000002ea   0x000002ea   0x00000000   Code   RO          981    .ARM.Collect$$libshutdown$$00000002  c_w.l(libshutdown2.o)
    0x000002ea   0x000002ea   0x00000000   Code   RO          983    .ARM.Collect$$libshutdown$$00000004  c_w.l(libshutdown2.o)
    0x000002ea   0x000002ea   0x00000000   Code   RO          986    .ARM.Collect$$libshutdown$$00000007  c_w.l(libshutdown2.o)
    0x000002ea   0x000002ea   0x00000000   Code   RO          989    .ARM.Collect$$libshutdown$$0000000A  c_w.l(libshutdown2.o)
    0x000002ea   0x000002ea   0x00000000   Code   RO          991    .ARM.Collect$$libshutdown$$0000000C  c_w.l(libshutdown2.o)
    0x000002ea   0x000002ea   0x00000000   Code   RO          994    .ARM.Collect$$libshutdown$$0000000F  c_w.l(libshutdown2.o)
    0x000002ea   0x000002ea   0x00000002   Code   RO          995    .ARM.Collect$$libshutdown$$00000010  c_w.l(libshutdown2.o)
    0x000002ec   0x000002ec   0x00000000   Code   RO          858    .ARM.Collect$$rtentry$$00000000  c_w.l(__rtentry.o)
    0x000002ec   0x000002ec   0x00000000   Code   RO          873    .ARM.Collect$$rtentry$$00000002  c_w.l(__rtentry2.o)
    0x000002ec   0x000002ec   0x00000006   Code   RO          885    .ARM.Collect$$rtentry$$00000004  c_w.l(__rtentry4.o)
    0x000002f2   0x000002f2   0x00000008   Code   RO          874    .ARM.Collect$$rtentry$$00000008  c_w.l(__rtentry2.o)
    0x000002fa   0x000002fa   0x00000004   Code   RO          876    .ARM.Collect$$rtentry$$0000000A  c_w.l(__rtentry2.o)
    0x000002fe   0x000002fe   0x00000000   Code   RO          878    .ARM.Collect$$rtentry$$0000000C  c_w.l(__rtentry2.o)
    0x000002fe   0x000002fe   0x00000008   Code   RO          879    .ARM.Collect$$rtentry$$0000000D  c_w.l(__rtentry2.o)
    0x00000306   0x00000306   0x00000002   Code   RO          898    .ARM.Collect$$rtexit$$00000000  c_w.l(rtexit.o)
    0x00000308   0x00000308   0x00000000   Code   RO          948    .ARM.Collect$$rtexit$$00000002  c_w.l(rtexit2.o)
    0x00000308   0x00000308   0x00000004   Code   RO          949    .ARM.Collect$$rtexit$$00000003  c_w.l(rtexit2.o)
    0x0000030c   0x0000030c   0x00000006   Code   RO          950    .ARM.Collect$$rtexit$$00000004  c_w.l(rtexit2.o)
    0x00000312   0x00000312   0x00000002   PAD
    0x00000314   0x00000314   0x00000114   Code   RO          335  * .text               startup_tm4c123.o
    0x00000428   0x00000428   0x0000008a   Code   RO          828    .text               c_w.l(rt_memcpy_v6.o)
    0x000004b2   0x000004b2   0x00000010   Code   RO          830    .text               c_w.l(aeabi_memset4.o)
    0x000004c2   0x000004c2   0x00000044   Code   RO          832    .text               c_w.l(rt_memclr.o)
    0x00000506   0x00000506   0x00000006   Code   RO          836    .text               c_w.l(heapauxi.o)
    0x0000050c   0x0000050c   0x00000064   Code   RO          859    .text               c_w.l(rt_memcpy_w.o)
    0x00000570   0x00000570   0x0000004e   Code   RO          861    .text               c_w.l(rt_memclr_w.o)
    0x000005be   0x000005be   0x0000004a   Code   RO          887    .text               c_w.l(sys_stackheap_outer.o)
    0x00000608   0x00000608   0x00000012   Code   RO          889    .text               c_w.l(exit.o)
    0x0000061a   0x0000061a   0x00000002   PAD
    0x0000061c   0x0000061c   0x00000008   Code   RO          895    .text               c_w.l(libspace.o)
    0x00000624   0x00000624   0x0000000c   Code   RO          956    .text               c_w.l(sys_exit.o)
    0x00000630   0x00000630   0x00000002   Code   RO          971    .text               c_w.l(use_no_semi.o)
    0x00000632   0x00000632   0x00000000   Code   RO          973    .text               c_w.l(indicate_semi.o)
    0x00000632   0x00000632   0x00000002   PAD
    0x00000634   0x00000634   0x00000016   Code   RO           81    .text.$Sub$$_fp_init  clib_os.o
    0x0000064a   0x0000064a   0x00000002   PAD
    0x0000064c   0x0000064c   0x00000048   Code   RO           12    .text.ADC_Read      main.o
    0x00000694   0x00000694   0x0000006c   Code   RO            8    .text.ButtonControlTask  main.o
    0x00000700   0x00000700   0x00000094   Code   RO           20    .text.Delay_MicroSecond  main.o
    0x00000794   0x00000794   0x0000004c   Code   RO           36    .text.GPIOB_Handler  main.o
    0x000007e0   0x000007e0   0x0000003e   Code   RO           46    .text.GearSwitchTask  main.o
    0x0000081e   0x0000081e   0x00000002   PAD
    0x00000820   0x00000820   0x00000064   Code   RO           38    .text.IgnitionMonitorTask  main.o
    0x00000884   0x00000884   0x000000a8   Code   RO           22    .text.Measure_distance  main.o
    0x0000092c   0x0000092c   0x00000004   PAD
    0x00000930   0x00000930   0x00000064   Code   RO          433    .text.PendSV_Handler  port.o
    0x00000994   0x00000994   0x0000000c   PAD
    0x000009a0   0x000009a0   0x00000024   Code   RO          417    .text.SVC_Handler   port.o
    0x000009c4   0x000009c4   0x00000064   Code   RO           16    .text.SpeedCheckTask  main.o
    0x00000a28   0x00000a28   0x0000001e   Code   RO          108    .text.SysTick_Handler  cmsis_os2.o
    0x00000a46   0x00000a46   0x00000002   PAD
    0x00000a48   0x00000a48   0x0000010c   Code   RO          346    .text.SystemInit    system_tm4c123.o
    0x00000b54   0x00000b54   0x000000c4   Code   RO           24    .text.Timer0ACapture_init  main.o
    0x00000c18   0x00000c18   0x00000070   Code   RO           30    .text.UltrasonicTask  main.o
    0x00000c88   0x00000c88   0x00000030   Code   RO           34    .text.__NVIC_EnableIRQ  main.o
    0x00000cb8   0x00000cb8   0x00000028   Code   RO           89    .text._mutex_acquire  clib_os.o
    0x00000ce0   0x00000ce0   0x00000054   Code   RO           95    .text._mutex_free   clib_os.o
    0x00000d34   0x00000d34   0x000000a8   Code   RO           87    .text._mutex_initialize  clib_os.o
    0x00000ddc   0x00000ddc   0x0000002a   Code   RO           93    .text._mutex_release  clib_os.o
    0x00000e06   0x00000e06   0x00000002   PAD
    0x00000e08   0x00000e08   0x00000002   Code   RO           79    .text._platform_post_stackheap_init  clib_os.o
    0x00000e0a   0x00000e0a   0x00000002   PAD
    0x00000e0c   0x00000e0c   0x000000de   Code   RO           28    .text.controlLEDAndBuzzer  main.o
    0x00000eea   0x00000eea   0x00000002   PAD
    0x00000eec   0x00000eec   0x0000000e   Code   RO           44    .text.gearreverseoff  main.o
    0x00000efa   0x00000efa   0x00000002   PAD
    0x00000efc   0x00000efc   0x0000000e   Code   RO           42    .text.gearreverseon  main.o
    0x00000f0a   0x00000f0a   0x00000002   PAD
    0x00000f0c   0x00000f0c   0x0000007a   Code   RO            4    .text.initButtons   main.o
    0x00000f86   0x00000f86   0x00000002   PAD
    0x00000f88   0x00000f88   0x00000058   Code   RO           40    .text.initGearSwitch  main.o
    0x00000fe0   0x00000fe0   0x000000a0   Code   RO           32    .text.initIgnitionSwitch  main.o
    0x00001080   0x00001080   0x00000048   Code   RO            2    .text.initLEDs      main.o
    0x000010c8   0x000010c8   0x000000b8   Code   RO           10    .text.initPotentiometer  main.o
    0x00001180   0x00001180   0x00000048   Code   RO           18    .text.initUltrasonicLEDs  main.o
    0x000011c8   0x000011c8   0x00000020   Code   RO           91    .text.is_thread_mode  clib_os.o
    0x000011e8   0x000011e8   0x000000f6   Code   RO           58    .text.main          main.o
    0x000012de   0x000012de   0x00000002   PAD
    0x000012e0   0x000012e0   0x00000020   Code   RO           85    .text.os_kernel_is_active  clib_os.o
    0x00001300   0x00001300   0x0000010e   Code   RO          586    .text.prvAddCurrentTaskToDelayedList  tasks.o
    0x0000140e   0x0000140e   0x00000002   PAD
    0x00001410   0x00001410   0x00000170   Code   RO          570    .text.prvAddNewTaskToReadyList  tasks.o
    0x00001580   0x00001580   0x0000007e   Code   RO          748    .text.prvCheckForValidListAndQueue  timers.o
    0x000015fe   0x000015fe   0x00000002   PAD
    0x00001600   0x00001600   0x0000005a   Code   RO          620    .text.prvCheckTasksWaitingTermination  tasks.o
    0x0000165a   0x0000165a   0x00000002   PAD
    0x0000165c   0x0000165c   0x00000042   Code   RO          523    .text.prvCopyDataFromQueue  queue.o
    0x0000169e   0x0000169e   0x00000002   PAD
    0x000016a0   0x000016a0   0x000000cc   Code   RO          511    .text.prvCopyDataToQueue  queue.o
    0x0000176c   0x0000176c   0x000000c8   Code   RO          616    .text.prvCreateIdleTasks  tasks.o
    0x00001834   0x00001834   0x00000078   Code   RO          568    .text.prvCreateStaticTask  tasks.o
    0x000018ac   0x000018ac   0x0000008e   Code   RO          574    .text.prvCreateTask  tasks.o
    0x0000193a   0x0000193a   0x00000002   PAD
    0x0000193c   0x0000193c   0x0000003c   Code   RO          580    .text.prvDeleteTCB  tasks.o
    0x00001978   0x00001978   0x00000026   Code   RO          527    .text.prvGetDisinheritPriorityAfterTimeout  queue.o
    0x0000199e   0x0000199e   0x00000002   PAD
    0x000019a0   0x000019a0   0x00000040   Code   RO          794    .text.prvGetNextExpireTime  timers.o
    0x000019e0   0x000019e0   0x000000aa   Code   RO          447    .text.prvHeapInit   heap_4.o
    0x00001a8a   0x00001a8a   0x00000002   PAD
    0x00001a8c   0x00001a8c   0x00000038   Code   RO          710    .text.prvIdleTask   tasks.o
    0x00001ac4   0x00001ac4   0x0000002c   Code   RO          491    .text.prvInitialiseMutex  queue.o
    0x00001af0   0x00001af0   0x00000048   Code   RO          483    .text.prvInitialiseNewQueue  queue.o
    0x00001b38   0x00001b38   0x000000e6   Code   RO          706    .text.prvInitialiseNewTask  tasks.o
    0x00001c1e   0x00001c1e   0x00000002   PAD
    0x00001c20   0x00001c20   0x0000008e   Code   RO          708    .text.prvInitialiseTaskLists  tasks.o
    0x00001cae   0x00001cae   0x00000002   PAD
    0x00001cb0   0x00001cb0   0x000000d8   Code   RO          451    .text.prvInsertBlockIntoFreeList  heap_4.o
    0x00001d88   0x00001d88   0x00000086   Code   RO          808    .text.prvInsertTimerInActiveList  timers.o
    0x00001e0e   0x00001e0e   0x00000002   PAD
    0x00001e10   0x00001e10   0x00000028   Code   RO          525    .text.prvIsQueueEmpty  queue.o
    0x00001e38   0x00001e38   0x0000002e   Code   RO          513    .text.prvIsQueueFull  queue.o
    0x00001e66   0x00001e66   0x00000002   PAD
    0x00001e68   0x00001e68   0x00000028   Code   RO          425    .text.prvPortStartFirstTask  port.o
    0x00001e90   0x00001e90   0x00000054   Code   RO          802    .text.prvProcessExpiredTimer  timers.o
    0x00001ee4   0x00001ee4   0x0000014e   Code   RO          798    .text.prvProcessReceivedCommands  timers.o
    0x00002032   0x00002032   0x00000002   PAD
    0x00002034   0x00002034   0x0000009a   Code   RO          796    .text.prvProcessTimerOrBlockTask  timers.o
    0x000020ce   0x000020ce   0x00000002   PAD
    0x000020d0   0x000020d0   0x00000034   Code   RO          806    .text.prvReloadTimer  timers.o
    0x00002104   0x00002104   0x0000003c   Code   RO          578    .text.prvResetNextTaskUnblockTime  tasks.o
    0x00002140   0x00002140   0x00000044   Code   RO          800    .text.prvSampleTimeNow  timers.o
    0x00002184   0x00002184   0x00000052   Code   RO          804    .text.prvSwitchTimerLists  timers.o
    0x000021d6   0x000021d6   0x00000002   PAD
    0x000021d8   0x000021d8   0x00000026   Code   RO          415    .text.prvTaskExitError  port.o
    0x000021fe   0x000021fe   0x00000002   PAD
    0x00002200   0x00002200   0x0000001e   Code   RO          750    .text.prvTimerTask  timers.o
    0x0000221e   0x0000221e   0x00000002   PAD
    0x00002220   0x00002220   0x000000ae   Code   RO          515    .text.prvUnlockQueue  queue.o
    0x000022ce   0x000022ce   0x00000002   PAD
    0x000022d0   0x000022d0   0x000001b6   Code   RO          445    .text.pvPortMalloc  heap_4.o
    0x00002486   0x00002486   0x00000002   PAD
    0x00002488   0x00002488   0x00000024   Code   RO          684    .text.pvTaskIncrementMutexHeldCount  tasks.o
    0x000024ac   0x000024ac   0x0000005e   Code   RO          413    .text.pxPortInitialiseStack  port.o
    0x0000250a   0x0000250a   0x00000006   PAD
    0x00002510   0x00002510   0x000000b8   Code   RO           14    .text.readPotentiometer  main.o
    0x000025c8   0x000025c8   0x0000005c   Code   RO            6    .text.toggleDoorLock  main.o
    0x00002624   0x00002624   0x00000048   Code   RO          404    .text.uxListRemove  list.o
    0x0000266c   0x0000266c   0x0000000c   Code   RO          628    .text.uxTaskGetNumberOfTasks  tasks.o
    0x00002678   0x00002678   0x0000002a   Code   RO          700    .text.vApplicationGetIdleTaskMemory  tasks.o
    0x000026a2   0x000026a2   0x00000002   PAD
    0x000026a4   0x000026a4   0x0000002a   Code   RO          702    .text.vApplicationGetTimerTaskMemory  tasks.o
    0x000026ce   0x000026ce   0x00000002   PAD
    0x000026d0   0x000026d0   0x0000000a   Code   RO          262    .text.vApplicationStackOverflowHook  cmsis_os2.o
    0x000026da   0x000026da   0x00000002   PAD
    0x000026dc   0x000026dc   0x0000002e   Code   RO          396    .text.vListInitialise  list.o
    0x0000270a   0x0000270a   0x00000002   PAD
    0x0000270c   0x0000270c   0x0000000e   Code   RO          398    .text.vListInitialiseItem  list.o
    0x0000271a   0x0000271a   0x00000002   PAD
    0x0000271c   0x0000271c   0x0000006a   Code   RO          402    .text.vListInsert   list.o
    0x00002786   0x00002786   0x00000002   PAD
    0x00002788   0x00002788   0x00000014   Code   RO          423    .text.vPortEnableVFP  port.o
    0x0000279c   0x0000279c   0x00000030   Code   RO          429    .text.vPortEnterCritical  port.o
    0x000027cc   0x000027cc   0x00000026   Code   RO          431    .text.vPortExitCritical  port.o
    0x000027f2   0x000027f2   0x00000002   PAD
    0x000027f4   0x000027f4   0x00000076   Code   RO          449    .text.vPortFree     heap_4.o
    0x0000286a   0x0000286a   0x00000002   PAD
    0x0000286c   0x0000286c   0x00000044   Code   RO          421    .text.vPortSetupTimerInterrupt  port.o
    0x000028b0   0x000028b0   0x00000022   Code   RO          541    .text.vQueueDelete  queue.o
    0x000028d2   0x000028d2   0x00000002   PAD
    0x000028d4   0x000028d4   0x00000064   Code   RO          557    .text.vQueueWaitForMessageRestricted  queue.o
    0x00002938   0x00002938   0x0000004a   Code   RO          590    .text.vTaskDelay    tasks.o
    0x00002982   0x00002982   0x00000002   PAD
    0x00002984   0x00002984   0x00000024   Code   RO          654    .text.vTaskInternalSetTimeOutState  tasks.o
    0x000029a8   0x000029a8   0x0000000e   Code   RO          658    .text.vTaskMissedYield  tasks.o
    0x000029b6   0x000029b6   0x00000002   PAD
    0x000029b8   0x000029b8   0x00000026   Code   RO          642    .text.vTaskPlaceOnEventList  tasks.o
    0x000029de   0x000029de   0x00000002   PAD
    0x000029e0   0x000029e0   0x00000064   Code   RO          646    .text.vTaskPlaceOnEventListRestricted  tasks.o
    0x00002a44   0x00002a44   0x00000138   Code   RO          680    .text.vTaskPriorityDisinheritAfterTimeout  tasks.o
    0x00002b7c   0x00002b7c   0x00000072   Code   RO          614    .text.vTaskStartScheduler  tasks.o
    0x00002bee   0x00002bee   0x00000002   PAD
    0x00002bf0   0x00002bf0   0x00000010   Code   RO          584    .text.vTaskSuspendAll  tasks.o
    0x00002c00   0x00002c00   0x0000011c   Code   RO          606    .text.vTaskSwitchContext  tasks.o
    0x00002d1c   0x00002d1c   0x0000006c   Code   RO          419    .text.xPortStartScheduler  port.o
    0x00002d88   0x00002d88   0x0000003e   Code   RO          435    .text.xPortSysTickHandler  port.o
    0x00002dc6   0x00002dc6   0x00000002   PAD
    0x00002dc8   0x00002dc8   0x00000026   Code   RO          489    .text.xQueueCreateMutex  queue.o
    0x00002dee   0x00002dee   0x00000002   PAD
    0x00002df0   0x00002df0   0x00000032   Code   RO          493    .text.xQueueCreateMutexStatic  queue.o
    0x00002e22   0x00002e22   0x00000002   PAD
    0x00002e24   0x00002e24   0x00000086   Code   RO          487    .text.xQueueGenericCreate  queue.o
    0x00002eaa   0x00002eaa   0x00000002   PAD
    0x00002eac   0x00002eac   0x0000006c   Code   RO          481    .text.xQueueGenericCreateStatic  queue.o
    0x00002f18   0x00002f18   0x000000d0   Code   RO          479    .text.xQueueGenericReset  queue.o
    0x00002fe8   0x00002fe8   0x0000016a   Code   RO          501    .text.xQueueGenericSend  queue.o
    0x00003152   0x00003152   0x00000002   PAD
    0x00003154   0x00003154   0x000000c6   Code   RO          519    .text.xQueueGiveFromISR  queue.o
    0x0000321a   0x0000321a   0x00000002   PAD
    0x0000321c   0x0000321c   0x00000152   Code   RO          521    .text.xQueueReceive  queue.o
    0x0000336e   0x0000336e   0x00000002   PAD
    0x00003370   0x00003370   0x0000019e   Code   RO          505    .text.xQueueSemaphoreTake  queue.o
    0x0000350e   0x0000350e   0x00000002   PAD
    0x00003510   0x00003510   0x000000c4   Code   RO          656    .text.xTaskCheckForTimeOut  tasks.o
    0x000035d4   0x000035d4   0x00000052   Code   RO          572    .text.xTaskCreate   tasks.o
    0x00003626   0x00003626   0x00000002   PAD
    0x00003628   0x00003628   0x0000005c   Code   RO          566    .text.xTaskCreateStatic  tasks.o
    0x00003684   0x00003684   0x00000038   Code   RO          674    .text.xTaskGetSchedulerState  tasks.o
    0x000036bc   0x000036bc   0x00000014   Code   RO          624    .text.xTaskGetTickCount  tasks.o
    0x000036d0   0x000036d0   0x0000025e   Code   RO          622    .text.xTaskIncrementTick  tasks.o
    0x0000392e   0x0000392e   0x00000002   PAD
    0x00003930   0x00003930   0x000000f2   Code   RO          678    .text.xTaskPriorityDisinherit  tasks.o
    0x00003a22   0x00003a22   0x00000002   PAD
    0x00003a24   0x00003a24   0x0000015c   Code   RO          676    .text.xTaskPriorityInherit  tasks.o
    0x00003b80   0x00003b80   0x00000194   Code   RO          648    .text.xTaskRemoveFromEventList  tasks.o
    0x00003d14   0x00003d14   0x0000023e   Code   RO          588    .text.xTaskResumeAll  tasks.o
    0x00003f52   0x00003f52   0x00000002   PAD
    0x00003f54   0x00003f54   0x00000078   Code   RO          746    .text.xTimerCreateTimerTask  timers.o
    0x00003fcc   0x00003fcc   0x00000062   Code   RO          840    x$fpl$d2f           fz_wm.l(d2f.o)
    0x0000402e   0x0000402e   0x00000002   PAD
    0x00004030   0x00004030   0x000002b4   Code   RO          843    x$fpl$ddiv          fz_wm.l(ddiv.o)
    0x000042e4   0x000042e4   0x0000002e   Code   RO          847    x$fpl$dflt          fz_wm.l(dflt_clz.o)
    0x00004312   0x00004312   0x00000002   PAD
    0x00004314   0x00004314   0x00000154   Code   RO          852    x$fpl$dmul          fz_wm.l(dmul.o)
    0x00004468   0x00004468   0x0000009c   Code   RO          863    x$fpl$dnaninf       fz_wm.l(dnaninf.o)
    0x00004504   0x00004504   0x0000000c   Code   RO          865    x$fpl$dretinf       fz_wm.l(dretinf.o)
    0x00004510   0x00004510   0x00000056   Code   RO          854    x$fpl$f2d           fz_wm.l(f2d.o)
    0x00004566   0x00004566   0x0000008c   Code   RO          867    x$fpl$fnaninf       fz_wm.l(fnaninf.o)
    0x000045f2   0x000045f2   0x0000001a   Code   RO          856    x$fpl$fpinit        fz_wm.l(fpinit.o)
    0x0000460c   0x0000460c   0x0000000a   Code   RO          869    x$fpl$fretinf       fz_wm.l(fretinf.o)
    0x00004616   0x00004616   0x00000000   Code   RO          871    x$fpl$usenofp       fz_wm.l(usenofp.o)
    0x00004616   0x00004616   0x00000057   Data   RO           69    .rodata.str1.1      main.o
    0x0000466d   0x0000466d   0x00000005   Data   RO          738    .rodata.str1.1      tasks.o
    0x00004672   0x00004672   0x00000008   Data   RO          811    .rodata.str1.1      timers.o
    0x0000467a   0x0000467a   0x00000002   PAD
    0x0000467c   0x0000467c   0x00000004   Data   RO          729    .rodata.uxTopUsedPriority  tasks.o
    0x00004680   0x00004680   0x00000020   Data   RO         1029    Region$$Table       anon$$obj.o


    Execution Region ER_RW (Exec base: 0x20000000, Load base: 0x000046a0, Size: 0x00000008, Max: 0xffffffff, ABSOLUTE)

    Exec Addr    Load Addr    Size         Type   Attr      Idx    E Section Name        Object

    0x20000000   0x000046a0   0x00000004   Data   RW          348    .data.SystemCoreClock  system_tm4c123.o
    0x20000004   0x000046a4   0x00000004   Data   RW          437    .data.uxCriticalNesting  port.o


    Execution Region ER_ZI (Exec base: 0x20000008, Load base: 0x000046a8, Size: 0x00002e18, Max: 0xffffffff, ABSOLUTE)

    Exec Addr    Load Addr    Size         Type   Attr      Idx    E Section Name        Object

    0x20000008        -       0x00000060   Zero   RW          896    .bss                c_w.l(libspace.o)
    0x20000068        -       0x00000190   Zero   RW          100    .bss.clib_mutex_cb  clib_os.o
    0x200001f8        -       0x00000014   Zero   RW           99    .bss.clib_mutex_id  clib_os.o
    0x2000020c        -       0x00000004   Zero   RW           65    .bss.distance       main.o
    0x20000210        -       0x00000004   Zero   RW           60    .bss.doorLocked     main.o
    0x20000214        -       0x00000004   Zero   RW           61    .bss.gearReverse    main.o
    0x20000218        -       0x00000004   Zero   RW           68    .bss.gearSwitchState  main.o
    0x2000021c        -       0x00000004   Zero   RW           67    .bss.ignitionSwitchState  main.o
    0x20000220        -       0x00000050   Zero   RW          819    .bss.prvCheckForValidListAndQueue.ucStaticTimerQueueStorage  timers.o
    0x20000270        -       0x00000050   Zero   RW          818    .bss.prvCheckForValidListAndQueue.xStaticTimerQueue  timers.o
    0x200002c0        -       0x00000004   Zero   RW          815    .bss.prvSampleTimeNow.xLastTime  timers.o
    0x200002c4        -       0x00000004   Zero   RW          712    .bss.pxCurrentTCB   tasks.o
    0x200002c8        -       0x00000004   Zero   RW          813    .bss.pxCurrentTimerList  timers.o
    0x200002cc        -       0x00000004   Zero   RW          719    .bss.pxDelayedTaskList  tasks.o
    0x200002d0        -       0x00000004   Zero   RW          465    .bss.pxEnd          heap_4.o
    0x200002d4        -       0x00000004   Zero   RW          720    .bss.pxOverflowDelayedTaskList  tasks.o
    0x200002d8        -       0x00000004   Zero   RW          814    .bss.pxOverflowTimerList  timers.o
    0x200002dc        -       0x00000460   Zero   RW          723    .bss.pxReadyTasksLists  tasks.o
    0x2000073c        -       0x00000004   Zero   RW           63    .bss.speed          main.o
    0x20000740        -       0x00000004   Zero   RW           64    .bss.time           main.o
    0x20000744        -       0x00002000   Zero   RW          471    .bss.ucHeap         heap_4.o
    0x20002744        -       0x00000004   Zero   RW          717    .bss.uxCurrentNumberOfTasks  tasks.o
    0x20002748        -       0x00000004   Zero   RW          716    .bss.uxDeletedTasksWaitingCleanUp  tasks.o
    0x2000274c        -       0x00000004   Zero   RW          725    .bss.uxSchedulerSuspended  tasks.o
    0x20002750        -       0x00000004   Zero   RW          713    .bss.uxTaskNumber   tasks.o
    0x20002754        -       0x00000004   Zero   RW          724    .bss.uxTopReadyPriority  tasks.o
    0x20002758        -       0x00000200   Zero   RW          733    .bss.vApplicationGetIdleTaskMemory.uxIdleTaskStack  tasks.o
    0x20002958        -       0x0000005c   Zero   RW          732    .bss.vApplicationGetIdleTaskMemory.xIdleTaskTCB  tasks.o
    0x200029b4        -       0x00000140   Zero   RW          735    .bss.vApplicationGetTimerTaskMemory.uxTimerTaskStack  tasks.o
    0x20002af4        -       0x0000005c   Zero   RW          734    .bss.vApplicationGetTimerTaskMemory.xTimerTaskTCB  tasks.o
    0x20002b50        -       0x00000014   Zero   RW          816    .bss.xActiveTimerList1  timers.o
    0x20002b64        -       0x00000014   Zero   RW          817    .bss.xActiveTimerList2  timers.o
    0x20002b78        -       0x00000004   Zero   RW           66    .bss.xBinarySemaphore  main.o
    0x20002b7c        -       0x00000014   Zero   RW          736    .bss.xDelayedTaskList1  tasks.o
    0x20002b90        -       0x00000014   Zero   RW          737    .bss.xDelayedTaskList2  tasks.o
    0x20002ba4        -       0x00000004   Zero   RW          466    .bss.xFreeBytesRemaining  heap_4.o
    0x20002ba8        -       0x00000004   Zero   RW          728    .bss.xIdleTaskHandles  tasks.o
    0x20002bac        -       0x00000004   Zero   RW          468    .bss.xMinimumEverFreeBytesRemaining  heap_4.o
    0x20002bb0        -       0x00000004   Zero   RW          727    .bss.xNextTaskUnblockTime  tasks.o
    0x20002bb4        -       0x00000004   Zero   RW          731    .bss.xNumOfOverflows  tasks.o
    0x20002bb8        -       0x00000004   Zero   RW          469    .bss.xNumberOfSuccessfulAllocations  heap_4.o
    0x20002bbc        -       0x00000004   Zero   RW          470    .bss.xNumberOfSuccessfulFrees  heap_4.o
    0x20002bc0        -       0x00000004   Zero   RW          730    .bss.xPendedTicks   tasks.o
    0x20002bc4        -       0x00000014   Zero   RW          721    .bss.xPendingReadyList  tasks.o
    0x20002bd8        -       0x00000004   Zero   RW          714    .bss.xSchedulerRunning  tasks.o
    0x20002bdc        -       0x00000008   Zero   RW          467    .bss.xStart         heap_4.o
    0x20002be4        -       0x00000014   Zero   RW          722    .bss.xSuspendedTaskList  tasks.o
    0x20002bf8        -       0x00000014   Zero   RW          715    .bss.xTasksWaitingTermination  tasks.o
    0x20002c0c        -       0x00000004   Zero   RW          718    .bss.xTickCount     tasks.o
    0x20002c10        -       0x00000004   Zero   RW          810    .bss.xTimerQueue    timers.o
    0x20002c14        -       0x00000004   Zero   RW          812    .bss.xTimerTaskHandle  timers.o
    0x20002c18        -       0x00000004   Zero   RW          726    .bss.xYieldPendings  tasks.o
    0x20002c1c   0x000046a8   0x00000004   PAD
    0x20002c20        -       0x00000000   Zero   RW          333    HEAP                startup_tm4c123.o
    0x20002c20        -       0x00000200   Zero   RW          332    STACK               startup_tm4c123.o


==============================================================================

Image component sizes


      Code (inc. data)   RO Data    RW Data    ZI Data      Debug   Object Name

       422          0          0          0        420       4298   clib_os.o
        40          0          0          0          0      29868   cmsis_os2.o
       942          0          0          0       8220       4523   heap_4.o
       238          0          0          0          0       2338   list.o
      2660         28         87          0         32      13635   main.o
       652         16          0          4          0       2946   port.o
      2668          0          0          0          0      14886   queue.o
       276         24        620          0        512       5488   startup_tm4c123.o
       268          0          0          4          0       6798   system_tm4c123.o
      5478          0          9          0       2296      27375   tasks.o
      1248         10          8          0        220      11204   timers.o

    ----------------------------------------------------------------------
     15020         90        758          8      11704     123359   Object Totals
         0          0         32          0          0          0   (incl. Generated)
       128         12          2          0          4          0   (incl. Padding)

    ----------------------------------------------------------------------

      Code (inc. data)   RO Data    RW Data    ZI Data      Debug   Library Member Name

         8          0          0          0          0         68   __main.o
         0          0          0          0          0          0   __rtentry.o
        20          0          0          0          0          0   __rtentry2.o
         6          0          0          0          0          0   __rtentry4.o
        52          8          0          0          0          0   __scatter.o
        26          0          0          0          0          0   __scatter_copy.o
        28          0          0          0          0          0   __scatter_zi.o
        16          0          0          0          0         68   aeabi_memset4.o
        18          0          0          0          0         80   exit.o
         6          0          0          0          0        152   heapauxi.o
         0          0          0          0          0          0   indicate_semi.o
         2          0          0          0          0          0   libinit.o
         6          0          0          0          0          0   libinit2.o
         2          0          0          0          0          0   libshutdown.o
         2          0          0          0          0          0   libshutdown2.o
         8          4          0          0         96         68   libspace.o
        68          0          0          0          0         68   rt_memclr.o
        78          0          0          0          0         80   rt_memclr_w.o
       138          0          0          0          0         68   rt_memcpy_v6.o
       100          0          0          0          0         80   rt_memcpy_w.o
         2          0          0          0          0          0   rtexit.o
        10          0          0          0          0          0   rtexit2.o
        12          4          0          0          0         68   sys_exit.o
        74          0          0          0          0         80   sys_stackheap_outer.o
         2          0          0          0          0         68   use_no_semi.o
        98          4          0          0          0        140   d2f.o
       692        140          0          0          0        264   ddiv.o
        46          0          0          0          0        116   dflt_clz.o
       340         12          0          0          0        152   dmul.o
       156          4          0          0          0        140   dnaninf.o
        12          0          0          0          0        116   dretinf.o
        86          4          0          0          0        132   f2d.o
       140          4          0          0          0        132   fnaninf.o
        26          0          0          0          0        116   fpinit.o
        10          0          0          0          0        116   fretinf.o
         0          0          0          0          0          0   usenofp.o

    ----------------------------------------------------------------------
      2302        184          0          0         96       2372   Library Totals
        12          0          0          0          0          0   (incl. Padding)

    ----------------------------------------------------------------------

      Code (inc. data)   RO Data    RW Data    ZI Data      Debug   Library Name

       684         16          0          0         96        948   c_w.l
      1606        168          0          0          0       1424   fz_wm.l

    ----------------------------------------------------------------------
      2302        184          0          0         96       2372   Library Totals

    ----------------------------------------------------------------------

==============================================================================


      Code (inc. data)   RO Data    RW Data    ZI Data      Debug   

     17322        274        758          8      11800     124235   Grand Totals
     17322        274        758          8      11800     124235   ELF Image Totals
     17322        274        758          8          0          0   ROM Totals

==============================================================================

    Total RO  Size (Code + RO Data)                18080 (  17.66kB)
    Total RW  Size (RW Data + ZI Data)             11808 (  11.53kB)
    Total ROM Size (Code + RO Data + RW Data)      18088 (  17.66kB)

==============================================================================

