Component: Arm Compiler for Embedded 6.19 Tool: armlink [5e73cb00]

==============================================================================

Section Cross References

    main.o(.ARM.exidx.text.main) refers to main.o(.text.main) for [Anonymous Symbol]
    clib_os.o(.ARM.exidx.text._platform_post_stackheap_init) refers to clib_os.o(.text._platform_post_stackheap_init) for [Anonymous Symbol]
    clib_os.o(.text.$Sub$$_fp_init) refers to fpinit.o(x$fpl$fpinit) for $Super$$_fp_init
    clib_os.o(.ARM.exidx.text.$Sub$$_fp_init) refers to clib_os.o(.text.$Sub$$_fp_init) for [Anonymous Symbol]
    clib_os.o(.text.__user_perthread_libspace) refers to clib_os.o(.text.os_kernel_is_active) for os_kernel_is_active
    clib_os.o(.text.__user_perthread_libspace) refers to clib_os.o(.bss.os_libspace) for os_libspace
    clib_os.o(.text.__user_perthread_libspace) refers to tasks.o(.text.xTaskGetCurrentTaskHandle) for xTaskGetCurrentTaskHandle
    clib_os.o(.text.__user_perthread_libspace) refers to clib_os.o(.bss.os_libspace_id) for os_libspace_id
    clib_os.o(.ARM.exidx.text.__user_perthread_libspace) refers to clib_os.o(.text.__user_perthread_libspace) for [Anonymous Symbol]
    clib_os.o(.text.os_kernel_is_active) refers to tasks.o(.text.xTaskGetSchedulerState) for xTaskGetSchedulerState
    clib_os.o(.ARM.exidx.text.os_kernel_is_active) refers to clib_os.o(.text.os_kernel_is_active) for [Anonymous Symbol]
    clib_os.o(.text._mutex_initialize) refers to clib_os.o(.bss.clib_mutex_id) for clib_mutex_id
    clib_os.o(.text._mutex_initialize) refers to clib_os.o(.bss.clib_mutex_cb) for clib_mutex_cb
    clib_os.o(.text._mutex_initialize) refers to queue.o(.text.xQueueCreateMutexStatic) for xQueueCreateMutexStatic
    clib_os.o(.text._mutex_initialize) refers to clib_os.o(.text.os_kernel_is_active) for os_kernel_is_active
    clib_os.o(.text._mutex_initialize) refers to queue.o(.text.xQueueCreateMutex) for xQueueCreateMutex
    clib_os.o(.ARM.exidx.text._mutex_initialize) refers to clib_os.o(.text._mutex_initialize) for [Anonymous Symbol]
    clib_os.o(.text._mutex_acquire) refers to clib_os.o(.text.os_kernel_is_active) for os_kernel_is_active
    clib_os.o(.text._mutex_acquire) refers to clib_os.o(.text.is_thread_mode) for is_thread_mode
    clib_os.o(.text._mutex_acquire) refers to queue.o(.text.xQueueSemaphoreTake) for xQueueSemaphoreTake
    clib_os.o(.ARM.exidx.text._mutex_acquire) refers to clib_os.o(.text._mutex_acquire) for [Anonymous Symbol]
    clib_os.o(.ARM.exidx.text.is_thread_mode) refers to clib_os.o(.text.is_thread_mode) for [Anonymous Symbol]
    clib_os.o(.text._mutex_release) refers to clib_os.o(.text.os_kernel_is_active) for os_kernel_is_active
    clib_os.o(.text._mutex_release) refers to clib_os.o(.text.is_thread_mode) for is_thread_mode
    clib_os.o(.text._mutex_release) refers to queue.o(.text.xQueueGenericSend) for xQueueGenericSend
    clib_os.o(.ARM.exidx.text._mutex_release) refers to clib_os.o(.text._mutex_release) for [Anonymous Symbol]
    clib_os.o(.text._mutex_free) refers to queue.o(.text.vQueueDelete) for vQueueDelete
    clib_os.o(.text._mutex_free) refers to clib_os.o(.bss.clib_mutex_id) for clib_mutex_id
    clib_os.o(.ARM.exidx.text._mutex_free) refers to clib_os.o(.text._mutex_free) for [Anonymous Symbol]
    cmsis_os2.o(.text.SysTick_Handler) refers to tasks.o(.text.xTaskGetSchedulerState) for xTaskGetSchedulerState
    cmsis_os2.o(.text.SysTick_Handler) refers to port.o(.text.xPortSysTickHandler) for xPortSysTickHandler
    cmsis_os2.o(.ARM.exidx.text.SysTick_Handler) refers to cmsis_os2.o(.text.SysTick_Handler) for [Anonymous Symbol]
    cmsis_os2.o(.text.osKernelInitialize) refers to cmsis_os2.o(.text.IRQ_Context) for IRQ_Context
    cmsis_os2.o(.text.osKernelInitialize) refers to tasks.o(.text.xTaskGetSchedulerState) for xTaskGetSchedulerState
    cmsis_os2.o(.text.osKernelInitialize) refers to cmsis_os2.o(.bss.KernelState) for KernelState
    cmsis_os2.o(.ARM.exidx.text.osKernelInitialize) refers to cmsis_os2.o(.text.osKernelInitialize) for [Anonymous Symbol]
    cmsis_os2.o(.text.IRQ_Context) refers to tasks.o(.text.xTaskGetSchedulerState) for xTaskGetSchedulerState
    cmsis_os2.o(.ARM.exidx.text.IRQ_Context) refers to cmsis_os2.o(.text.IRQ_Context) for [Anonymous Symbol]
    cmsis_os2.o(.text.osKernelGetInfo) refers to cmsis_os2.o(.rodata.str1.1) for .L.str
    cmsis_os2.o(.text.osKernelGetInfo) refers to rt_memcpy_v6.o(.text) for __aeabi_memcpy
    cmsis_os2.o(.ARM.exidx.text.osKernelGetInfo) refers to cmsis_os2.o(.text.osKernelGetInfo) for [Anonymous Symbol]
    cmsis_os2.o(.text.osKernelGetState) refers to tasks.o(.text.xTaskGetSchedulerState) for xTaskGetSchedulerState
    cmsis_os2.o(.text.osKernelGetState) refers to cmsis_os2.o(.bss.KernelState) for KernelState
    cmsis_os2.o(.ARM.exidx.text.osKernelGetState) refers to cmsis_os2.o(.text.osKernelGetState) for [Anonymous Symbol]
[...]
    Removing queue.o(.ARM.exidx.text.uxQueueMessagesWaiting), (8 bytes).
    Removing queue.o(.text.uxQueueSpacesAvailable), (34 bytes).
    Removing queue.o(.ARM.exidx.text.uxQueueSpacesAvailable), (8 bytes).
    Removing queue.o(.text.uxQueueMessagesWaitingFromISR), (20 bytes).
    Removing queue.o(.ARM.exidx.text.uxQueueMessagesWaitingFromISR), (8 bytes).
    Removing queue.o(.ARM.exidx.text.vQueueDelete), (8 bytes).
    Removing queue.o(.text.uxQueueGetQueueNumber), (12 bytes).
    Removing queue.o(.ARM.exidx.text.uxQueueGetQueueNumber), (8 bytes).
    Removing queue.o(.text.vQueueSetQueueNumber), (16 bytes).
    Removing queue.o(.ARM.exidx.text.vQueueSetQueueNumber), (8 bytes).
    Removing queue.o(.text.ucQueueGetQueueType), (14 bytes).
    Removing queue.o(.ARM.exidx.text.ucQueueGetQueueType), (8 bytes).
    Removing queue.o(.text.uxQueueGetQueueItemSize), (12 bytes).
    Removing queue.o(.ARM.exidx.text.uxQueueGetQueueItemSize), (8 bytes).
    Removing queue.o(.text.uxQueueGetQueueLength), (12 bytes).
    Removing queue.o(.ARM.exidx.text.uxQueueGetQueueLength), (8 bytes).
    Removing queue.o(.text.xQueueIsQueueEmptyFromISR), (34 bytes).
    Removing queue.o(.ARM.exidx.text.xQueueIsQueueEmptyFromISR), (8 bytes).
    Removing queue.o(.text.xQueueIsQueueFullFromISR), (40 bytes).
    Removing queue.o(.ARM.exidx.text.xQueueIsQueueFullFromISR), (8 bytes).
    Removing queue.o(.text.vQueueWaitForMessageRestricted), (100 bytes).
    Removing queue.o(.ARM.exidx.text.vQueueWaitForMessageRestricted), (8 bytes).
    Removing tasks.o(.text), (0 bytes).
    Removing tasks.o(.text.xTaskCreateStatic), (92 bytes).
    Removing tasks.o(.ARM.exidx.text.xTaskCreateStatic), (8 bytes).
    Removing tasks.o(.text.prvCreateStaticTask), (120 bytes).
    Removing tasks.o(.ARM.exidx.text.prvCreateStaticTask), (8 bytes).
    Removing tasks.o(.text.prvAddNewTaskToReadyList), (368 bytes).
    Removing tasks.o(.ARM.exidx.text.prvAddNewTaskToReadyList), (8 bytes).
    Removing tasks.o(.text.xTaskCreate), (82 bytes).
    Removing tasks.o(.ARM.exidx.text.xTaskCreate), (8 bytes).
    Removing tasks.o(.text.prvCreateTask), (142 bytes).
    Removing tasks.o(.ARM.exidx.text.prvCreateTask), (8 bytes).
    Removing tasks.o(.text.vTaskDelete), (276 bytes).
    Removing tasks.o(.ARM.exidx.text.vTaskDelete), (8 bytes).
    Removing tasks.o(.ARM.exidx.text.prvResetNextTaskUnblockTime), (8 bytes).
    Removing tasks.o(.text.prvDeleteTCB), (60 bytes).
    Removing tasks.o(.ARM.exidx.text.prvDeleteTCB), (8 bytes).
    Removing tasks.o(.text.xTaskDelayUntil), (186 bytes).
    Removing tasks.o(.ARM.exidx.text.xTaskDelayUntil), (8 bytes).
    Removing tasks.o(.ARM.exidx.text.vTaskSuspendAll), (8 bytes).
    Removing tasks.o(.ARM.exidx.text.prvAddCurrentTaskToDelayedList), (8 bytes).
    Removing tasks.o(.ARM.exidx.text.xTaskResumeAll), (8 bytes).
    Removing tasks.o(.text.vTaskDelay), (74 bytes).
    Removing tasks.o(.ARM.exidx.text.vTaskDelay), (8 bytes).
    Removing tasks.o(.text.eTaskGetState), (276 bytes).
    Removing tasks.o(.ARM.exidx.text.eTaskGetState), (8 bytes).
    Removing tasks.o(.text.uxTaskPriorityGet), (56 bytes).
    Removing tasks.o(.ARM.exidx.text.uxTaskPriorityGet), (8 bytes).
    Removing tasks.o(.text.uxTaskPriorityGetFromISR), (84 bytes).
    Removing tasks.o(.ARM.exidx.text.uxTaskPriorityGetFromISR), (8 bytes).
    Removing tasks.o(.text.uxTaskBasePriorityGet), (56 bytes).
    Removing tasks.o(.ARM.exidx.text.uxTaskBasePriorityGet), (8 bytes).
    Removing tasks.o(.text.uxTaskBasePriorityGetFromISR), (84 bytes).
    Removing tasks.o(.ARM.exidx.text.uxTaskBasePriorityGetFromISR), (8 bytes).
    Removing tasks.o(.text.vTaskPrioritySet), (472 bytes).
    Removing tasks.o(.ARM.exidx.text.vTaskPrioritySet), (8 bytes).
    Removing tasks.o(.text.vTaskSuspend), (296 bytes).
    Removing tasks.o(.ARM.exidx.text.vTaskSuspend), (8 bytes).
    Removing tasks.o(.ARM.exidx.text.vTaskSwitchContext), (8 bytes).
    Removing tasks.o(.text.vTaskResume), (264 bytes).
    Removing tasks.o(.ARM.exidx.text.vTaskResume), (8 bytes).
    Removing tasks.o(.text.prvTaskIsTaskSuspended), (124 bytes).
    Removing tasks.o(.ARM.exidx.text.prvTaskIsTaskSuspended), (8 bytes).
    Removing tasks.o(.text.xTaskResumeFromISR), (296 bytes).
    Removing tasks.o(.ARM.exidx.text.xTaskResumeFromISR), (8 bytes).
    Removing tasks.o(.text.vTaskStartScheduler), (114 bytes).
    Removing tasks.o(.ARM.exidx.text.vTaskStartScheduler), (8 bytes).
    Removing tasks.o(.text.prvCreateIdleTasks), (200 bytes).
    Removing tasks.o(.ARM.exidx.text.prvCreateIdleTasks), (8 bytes).
    Removing tasks.o(.text.vTaskEndScheduler), (96 bytes).
    Removing tasks.o(.ARM.exidx.text.vTaskEndScheduler), (8 bytes).
    Removing tasks.o(.text.prvCheckTasksWaitingTermination), (90 bytes).
    Removing tasks.o(.ARM.exidx.text.prvCheckTasksWaitingTermination), (8 bytes).
    Removing tasks.o(.ARM.exidx.text.xTaskIncrementTick), (8 bytes).
    Removing tasks.o(.text.xTaskGetTickCount), (20 bytes).
    Removing tasks.o(.ARM.exidx.text.xTaskGetTickCount), (8 bytes).
    Removing tasks.o(.text.xTaskGetTickCountFromISR), (24 bytes).
    Removing tasks.o(.ARM.exidx.text.xTaskGetTickCountFromISR), (8 bytes).
    Removing tasks.o(.text.uxTaskGetNumberOfTasks), (12 bytes).
    Removing tasks.o(.ARM.exidx.text.uxTaskGetNumberOfTasks), (8 bytes).
    Removing tasks.o(.text.pcTaskGetName), (42 bytes).
    Removing tasks.o(.ARM.exidx.text.pcTaskGetName), (8 bytes).
    Removing tasks.o(.text.xTaskGetStaticBuffers), (116 bytes).
    Removing tasks.o(.ARM.exidx.text.xTaskGetStaticBuffers), (8 bytes).
    Removing tasks.o(.text.uxTaskGetSystemState), (282 bytes).
    Removing tasks.o(.ARM.exidx.text.uxTaskGetSystemState), (8 bytes).
    Removing tasks.o(.text.prvListTasksWithinSingleList), (106 bytes).
    Removing tasks.o(.ARM.exidx.text.prvListTasksWithinSingleList), (8 bytes).
    Removing tasks.o(.text.xTaskCatchUpTicks), (46 bytes).
    Removing tasks.o(.ARM.exidx.text.xTaskCatchUpTicks), (8 bytes).
    Removing tasks.o(.text.xTaskAbortDelay), (266 bytes).
    Removing tasks.o(.ARM.exidx.text.xTaskAbortDelay), (8 bytes).
    Removing tasks.o(.ARM.exidx.text.vTaskPlaceOnEventList), (8 bytes).
    Removing tasks.o(.text.vTaskPlaceOnUnorderedEventList), (104 bytes).
    Removing tasks.o(.ARM.exidx.text.vTaskPlaceOnUnorderedEventList), (8 bytes).
    Removing tasks.o(.text.vTaskPlaceOnEventListRestricted), (100 bytes).
    Removing tasks.o(.ARM.exidx.text.vTaskPlaceOnEventListRestricted), (8 bytes).
    Removing tasks.o(.ARM.exidx.text.xTaskRemoveFromEventList), (8 bytes).
    Removing tasks.o(.text.vTaskRemoveFromUnorderedEventList), (324 bytes).
    Removing tasks.o(.ARM.exidx.text.vTaskRemoveFromUnorderedEventList), (8 bytes).
    Removing tasks.o(.text.vTaskSetTimeOutState), (46 bytes).
    Removing tasks.o(.ARM.exidx.text.vTaskSetTimeOutState), (8 bytes).
    Removing tasks.o(.ARM.exidx.text.vTaskInternalSetTimeOutState), (8 bytes).
    Removing tasks.o(.ARM.exidx.text.xTaskCheckForTimeOut), (8 bytes).
    Removing tasks.o(.ARM.exidx.text.vTaskMissedYield), (8 bytes).
    Removing tasks.o(.text.uxTaskGetTaskNumber), (34 bytes).
    Removing tasks.o(.ARM.exidx.text.uxTaskGetTaskNumber), (8 bytes).
    Removing tasks.o(.text.vTaskSetTaskNumber), (28 bytes).
    Removing tasks.o(.ARM.exidx.text.vTaskSetTaskNumber), (8 bytes).
    Removing tasks.o(.text.vTaskGetInfo), (308 bytes).
    Removing tasks.o(.ARM.exidx.text.vTaskGetInfo), (8 bytes).
    Removing tasks.o(.text.prvTaskCheckFreeStackSpace), (46 bytes).
    Removing tasks.o(.ARM.exidx.text.prvTaskCheckFreeStackSpace), (8 bytes).
    Removing tasks.o(.text.uxTaskGetStackHighWaterMark), (56 bytes).
    Removing tasks.o(.ARM.exidx.text.uxTaskGetStackHighWaterMark), (8 bytes).
    Removing tasks.o(.text.xTaskGetCurrentTaskHandle), (20 bytes).
    Removing tasks.o(.ARM.exidx.text.xTaskGetCurrentTaskHandle), (8 bytes).
    Removing tasks.o(.text.xTaskGetCurrentTaskHandleForCore), (60 bytes).
    Removing tasks.o(.ARM.exidx.text.xTaskGetCurrentTaskHandleForCore), (8 bytes).
    Removing tasks.o(.ARM.exidx.text.xTaskGetSchedulerState), (8 bytes).
    Removing tasks.o(.ARM.exidx.text.xTaskPriorityInherit), (8 bytes).
    Removing tasks.o(.ARM.exidx.text.xTaskPriorityDisinherit), (8 bytes).
    Removing tasks.o(.ARM.exidx.text.vTaskPriorityDisinheritAfterTimeout), (8 bytes).
    Removing tasks.o(.text.uxTaskResetEventItemValue), (34 bytes).
    Removing tasks.o(.ARM.exidx.text.uxTaskResetEventItemValue), (8 bytes).
    Removing tasks.o(.ARM.exidx.text.pvTaskIncrementMutexHeldCount), (8 bytes).
    Removing tasks.o(.text.ulTaskGenericNotifyTake), (268 bytes).
    Removing tasks.o(.ARM.exidx.text.ulTaskGenericNotifyTake), (8 bytes).
    Removing tasks.o(.text.xTaskGenericNotifyWait), (300 bytes).
    Removing tasks.o(.ARM.exidx.text.xTaskGenericNotifyWait), (8 bytes).
    Removing tasks.o(.text.xTaskGenericNotify), (464 bytes).
    Removing tasks.o(.ARM.exidx.text.xTaskGenericNotify), (8 bytes).
    Removing tasks.o(.text.xTaskGenericNotifyFromISR), (572 bytes).
    Removing tasks.o(.ARM.exidx.text.xTaskGenericNotifyFromISR), (8 bytes).
    Removing tasks.o(.text.vTaskGenericNotifyGiveFromISR), (438 bytes).
    Removing tasks.o(.ARM.exidx.text.vTaskGenericNotifyGiveFromISR), (8 bytes).
    Removing tasks.o(.text.xTaskGenericNotifyStateClear), (92 bytes).
    Removing tasks.o(.ARM.exidx.text.xTaskGenericNotifyStateClear), (8 bytes).
    Removing tasks.o(.text.ulTaskGenericNotifyValueClear), (82 bytes).
    Removing tasks.o(.ARM.exidx.text.ulTaskGenericNotifyValueClear), (8 bytes).
    Removing tasks.o(.text.vApplicationGetIdleTaskMemory), (42 bytes).
    Removing tasks.o(.ARM.exidx.text.vApplicationGetIdleTaskMemory), (8 bytes).
    Removing tasks.o(.text.vApplicationGetTimerTaskMemory), (42 bytes).
    Removing tasks.o(.ARM.exidx.text.vApplicationGetTimerTaskMemory), (8 bytes).
    Removing tasks.o(.text.vTaskResetState), (160 bytes).
    Removing tasks.o(.ARM.exidx.text.vTaskResetState), (8 bytes).
    Removing tasks.o(.text.prvInitialiseNewTask), (230 bytes).
    Removing tasks.o(.ARM.exidx.text.prvInitialiseNewTask), (8 bytes).
    Removing tasks.o(.text.prvInitialiseTaskLists), (142 bytes).
    Removing tasks.o(.ARM.exidx.text.prvInitialiseTaskLists), (8 bytes).
    Removing tasks.o(.text.prvIdleTask), (56 bytes).
    Removing tasks.o(.ARM.exidx.text.prvIdleTask), (8 bytes).
    Removing tasks.o(.bss.uxTaskNumber), (4 bytes).
    Removing tasks.o(.bss.xTasksWaitingTermination), (20 bytes).
    Removing tasks.o(.bss.uxDeletedTasksWaitingCleanUp), (4 bytes).
    Removing tasks.o(.bss.xIdleTaskHandles), (4 bytes).
    Removing tasks.o(.rodata.uxTopUsedPriority), (4 bytes).
    Removing tasks.o(.bss.vApplicationGetIdleTaskMemory.xIdleTaskTCB), (92 bytes).
    Removing tasks.o(.bss.vApplicationGetIdleTaskMemory.uxIdleTaskStack), (512 bytes).
    Removing tasks.o(.bss.vApplicationGetTimerTaskMemory.xTimerTaskTCB), (92 bytes).
    Removing tasks.o(.bss.vApplicationGetTimerTaskMemory.uxTimerTaskStack), (320 bytes).
    Removing tasks.o(.bss.xDelayedTaskList1), (20 bytes).
    Removing tasks.o(.bss.xDelayedTaskList2), (20 bytes).
    Removing tasks.o(.rodata.str1.1), (5 bytes).
    Removing timers.o(.text), (0 bytes).
    Removing timers.o(.text.xTimerCreateTimerTask), (120 bytes).
    Removing timers.o(.ARM.exidx.text.xTimerCreateTimerTask), (8 bytes).
    Removing timers.o(.text.prvCheckForValidListAndQueue), (126 bytes).
    Removing timers.o(.ARM.exidx.text.prvCheckForValidListAndQueue), (8 bytes).
    Removing timers.o(.text.prvTimerTask), (30 bytes).
    Removing timers.o(.ARM.exidx.text.prvTimerTask), (8 bytes).
    Removing timers.o(.text.xTimerCreate), (74 bytes).
    Removing timers.o(.ARM.exidx.text.xTimerCreate), (8 bytes).
    Removing timers.o(.text.prvInitialiseNewTimer), (82 bytes).
    Removing timers.o(.ARM.exidx.text.prvInitialiseNewTimer), (8 bytes).
    Removing timers.o(.text.xTimerCreateStatic), (74 bytes).
    Removing timers.o(.ARM.exidx.text.xTimerCreateStatic), (8 bytes).
    Removing timers.o(.text.xTimerGenericCommandFromTask), (124 bytes).
    Removing timers.o(.ARM.exidx.text.xTimerGenericCommandFromTask), (8 bytes).
    Removing timers.o(.text.xTimerGenericCommandFromISR), (88 bytes).
    Removing timers.o(.ARM.exidx.text.xTimerGenericCommandFromISR), (8 bytes).
    Removing timers.o(.text.xTimerGetTimerDaemonTaskHandle), (12 bytes).
    Removing timers.o(.ARM.exidx.text.xTimerGetTimerDaemonTaskHandle), (8 bytes).
    Removing timers.o(.text.xTimerGetPeriod), (16 bytes).
    Removing timers.o(.ARM.exidx.text.xTimerGetPeriod), (8 bytes).
    Removing timers.o(.text.vTimerSetReloadMode), (62 bytes).
    Removing timers.o(.ARM.exidx.text.vTimerSetReloadMode), (8 bytes).
    Removing timers.o(.text.xTimerGetReloadMode), (50 bytes).
    Removing timers.o(.ARM.exidx.text.xTimerGetReloadMode), (8 bytes).
    Removing timers.o(.text.uxTimerGetReloadMode), (20 bytes).
    Removing timers.o(.ARM.exidx.text.uxTimerGetReloadMode), (8 bytes).
    Removing timers.o(.text.xTimerGetExpiryTime), (20 bytes).
    Removing timers.o(.ARM.exidx.text.xTimerGetExpiryTime), (8 bytes).
    Removing timers.o(.text.xTimerGetStaticBuffer), (48 bytes).
    Removing timers.o(.ARM.exidx.text.xTimerGetStaticBuffer), (8 bytes).
    Removing timers.o(.text.pcTimerGetName), (16 bytes).
    Removing timers.o(.ARM.exidx.text.pcTimerGetName), (8 bytes).
    Removing timers.o(.text.xTimerIsTimerActive), (48 bytes).
    Removing timers.o(.ARM.exidx.text.xTimerIsTimerActive), (8 bytes).
    Removing timers.o(.text.pvTimerGetTimerID), (30 bytes).
    Removing timers.o(.ARM.exidx.text.pvTimerGetTimerID), (8 bytes).
    Removing timers.o(.text.vTimerSetTimerID), (30 bytes).
    Removing timers.o(.ARM.exidx.text.vTimerSetTimerID), (8 bytes).
    Removing timers.o(.text.xTimerPendFunctionCallFromISR), (58 bytes).
    Removing timers.o(.ARM.exidx.text.xTimerPendFunctionCallFromISR), (8 bytes).
    Removing timers.o(.text.xTimerPendFunctionCall), (58 bytes).
    Removing timers.o(.ARM.exidx.text.xTimerPendFunctionCall), (8 bytes).
    Removing timers.o(.text.uxTimerGetTimerNumber), (12 bytes).
    Removing timers.o(.ARM.exidx.text.uxTimerGetTimerNumber), (8 bytes).
    Removing timers.o(.text.vTimerSetTimerNumber), (16 bytes).
    Removing timers.o(.ARM.exidx.text.vTimerSetTimerNumber), (8 bytes).
    Removing timers.o(.text.vTimerResetState), (24 bytes).
    Removing timers.o(.ARM.exidx.text.vTimerResetState), (8 bytes).
    Removing timers.o(.text.prvGetNextExpireTime), (64 bytes).
    Removing timers.o(.ARM.exidx.text.prvGetNextExpireTime), (8 bytes).
    Removing timers.o(.text.prvProcessTimerOrBlockTask), (154 bytes).
    Removing timers.o(.ARM.exidx.text.prvProcessTimerOrBlockTask), (8 bytes).
    Removing timers.o(.text.prvProcessReceivedCommands), (334 bytes).
    Removing timers.o(.ARM.exidx.text.prvProcessReceivedCommands), (8 bytes).
    Removing timers.o(.text.prvSampleTimeNow), (68 bytes).
    Removing timers.o(.ARM.exidx.text.prvSampleTimeNow), (8 bytes).
    Removing timers.o(.text.prvProcessExpiredTimer), (84 bytes).
    Removing timers.o(.ARM.exidx.text.prvProcessExpiredTimer), (8 bytes).
    Removing timers.o(.text.prvSwitchTimerLists), (82 bytes).
    Removing timers.o(.ARM.exidx.text.prvSwitchTimerLists), (8 bytes).
    Removing timers.o(.text.prvReloadTimer), (52 bytes).
    Removing timers.o(.ARM.exidx.text.prvReloadTimer), (8 bytes).
    Removing timers.o(.text.prvInsertTimerInActiveList), (134 bytes).
    Removing timers.o(.ARM.exidx.text.prvInsertTimerInActiveList), (8 bytes).
    Removing timers.o(.bss.xTimerQueue), (4 bytes).
    Removing timers.o(.rodata.str1.1), (8 bytes).
    Removing timers.o(.bss.xTimerTaskHandle), (4 bytes).
    Removing timers.o(.bss.pxCurrentTimerList), (4 bytes).
    Removing timers.o(.bss.pxOverflowTimerList), (4 bytes).
    Removing timers.o(.bss.prvSampleTimeNow.xLastTime), (4 bytes).
    Removing timers.o(.bss.xActiveTimerList1), (20 bytes).
    Removing timers.o(.bss.xActiveTimerList2), (20 bytes).
    Removing timers.o(.bss.prvCheckForValidListAndQueue.xStaticTimerQueue), (80 bytes).
    Removing timers.o(.bss.prvCheckForValidListAndQueue.ucStaticTimerQueueStorage), (80 bytes).

591 unused section(s) (total 30351 bytes) removed from the image.

==============================================================================

Image Symbol Table

    Local Symbols

    Symbol Name                              Value     Ov Type        Size  Object(Section)

    ../clib/angel/boardlib.s                 0x00000000   Number         0  boardinit1.o ABSOLUTE
    ../clib/angel/boardlib.s                 0x00000000   Number         0  boardinit3.o ABSOLUTE
    ../clib/angel/boardlib.s                 0x00000000   Number         0  boardshut.o ABSOLUTE
    ../clib/angel/handlers.s                 0x00000000   Number         0  __scatter_copy.o ABSOLUTE
    ../clib/angel/handlers.s                 0x00000000   Number         0  __scatter_zi.o ABSOLUTE
    ../clib/angel/kernel.s                   0x00000000   Number         0  __rtentry.o ABSOLUTE
    ../clib/angel/kernel.s                   0x00000000   Number         0  __rtentry2.o ABSOLUTE
    ../clib/angel/kernel.s                   0x00000000   Number         0  __rtentry4.o ABSOLUTE
    ../clib/angel/kernel.s                   0x00000000   Number         0  rtexit.o ABSOLUTE
    ../clib/angel/kernel.s                   0x00000000   Number         0  rtexit2.o ABSOLUTE
    ../clib/angel/rt.s                       0x00000000   Number         0  rt_raise.o ABSOLUTE
    ../clib/angel/scatter.s                  0x00000000   Number         0  __scatter.o ABSOLUTE
    ../clib/angel/startup.s                  0x00000000   Number         0  __main.o ABSOLUTE
    ../clib/angel/sys.s                      0x00000000   Number         0  sys_stackheap_outer.o ABSOLUTE
    ../clib/angel/sys.s                      0x00000000   Number         0  libspace.o ABSOLUTE
    ../clib/angel/sys.s                      0x00000000   Number         0  use_no_semi.o ABSOLUTE
    ../clib/angel/sys.s                      0x00000000   Number         0  indicate_semi.o ABSOLUTE
    ../clib/angel/sysapp.c                   0x00000000   Number         0  sys_exit.o ABSOLUTE
    ../clib/angel/sysapp.c                   0x00000000   Number         0  sys_exit_hlt.o ABSOLUTE
    ../clib/angel/sysapp.c                   0x00000000   Number         0  sys_command.o ABSOLUTE
    ../clib/angel/sysapp.c                   0x00000000   Number         0  sys_command_hlt.o ABSOLUTE
    ../clib/angel/sysapp.c                   0x00000000   Number         0  sys_wrch.o ABSOLUTE
    ../clib/angel/sysapp.c                   0x00000000   Number         0  sys_wrch_hlt.o ABSOLUTE
    ../clib/armsys.c                         0x00000000   Number         0  argv_veneer.o ABSOLUTE
    ../clib/armsys.c                         0x00000000   Number         0  argv_veneer.o ABSOLUTE
    ../clib/armsys.c                         0x00000000   Number         0  _get_argv_nomalloc.o ABSOLUTE
    ../clib/armsys.c                         0x00000000   Number         0  no_argv.o ABSOLUTE
    ../clib/heapalloc.c                      0x00000000   Number         0  hrguard.o ABSOLUTE
    ../clib/heapaux.c                        0x00000000   Number         0  heapauxi.o ABSOLUTE
    ../clib/libinit.s                        0x00000000   Number         0  libinit.o ABSOLUTE
    ../clib/libinit.s                        0x00000000   Number         0  libinit2.o ABSOLUTE
    ../clib/libinit.s                        0x00000000   Number         0  libshutdown.o ABSOLUTE
    ../clib/libinit.s                        0x00000000   Number         0  libshutdown2.o ABSOLUTE
    ../clib/memcpset.s                       0x00000000   Number         0  rt_memcpy_v6.o ABSOLUTE
    ../clib/memcpset.s                       0x00000000   Number         0  aeabi_memset4.o ABSOLUTE
    ../clib/memcpset.s                       0x00000000   Number         0  rt_memclr.o ABSOLUTE
    ../clib/memcpset.s                       0x00000000   Number         0  strcmpv7em.o ABSOLUTE
    ../clib/memcpset.s                       0x00000000   Number         0  rt_memcpy_w.o ABSOLUTE
    ../clib/memcpset.s                       0x00000000   Number         0  rt_memclr_w.o ABSOLUTE
    ../clib/signal.c                         0x00000000   Number         0  defsig_rtmem_outer.o ABSOLUTE
    ../clib/signal.c                         0x00000000   Number         0  defsig_rtmem_formal.o ABSOLUTE
    ../clib/signal.c                         0x00000000   Number         0  defsig_exit.o ABSOLUTE
    ../clib/signal.c                         0x00000000   Number         0  defsig_rtmem_inner.o ABSOLUTE
    ../clib/signal.c                         0x00000000   Number         0  __raise.o ABSOLUTE
    ../clib/signal.c                         0x00000000   Number         0  defsig_general.o ABSOLUTE
    ../clib/signal.c                         0x00000000   Number         0  defsig_abrt_inner.o ABSOLUTE
    ../clib/signal.c                         0x00000000   Number         0  defsig_fpe_inner.o ABSOLUTE
    ../clib/signal.c                         0x00000000   Number         0  defsig_rtred_inner.o ABSOLUTE
    ../clib/signal.c                         0x00000000   Number         0  defsig_stak_inner.o ABSOLUTE
    ../clib/signal.c                         0x00000000   Number         0  defsig_pvfn_inner.o ABSOLUTE
    ../clib/signal.c                         0x00000000   Number         0  defsig_cppl_inner.o ABSOLUTE
    ../clib/signal.c                         0x00000000   Number         0  defsig_segv_inner.o ABSOLUTE
    ../clib/signal.c                         0x00000000   Number         0  defsig_other.o ABSOLUTE
    ../clib/signal.s                         0x00000000   Number         0  defsig.o ABSOLUTE
    ../clib/stdlib.c                         0x00000000   Number         0  exit.o ABSOLUTE
    ../fplib/fpinit.s                        0x00000000   Number         0  fpinit.o ABSOLUTE
    RTE/Device/TM4C123GH6PM/startup_TM4C123.s 0x00000000   Number         0  startup_tm4c123.o ABSOLUTE
    clib_os.c                                0x00000000   Number         0  clib_os.o ABSOLUTE
    cmsis_os2.c                              0x00000000   Number         0  cmsis_os2.o ABSOLUTE
    dc.s                                     0x00000000   Number         0  dc.o ABSOLUTE
    event_groups.c                           0x00000000   Number         0  event_groups.o ABSOLUTE
    freertos_evr.c                           0x00000000   Number         0  freertos_evr.o ABSOLUTE
    heap_4.c                                 0x00000000   Number         0  heap_4.o ABSOLUTE
    list.c                                   0x00000000   Number         0  list.o ABSOLUTE
    main.c                                   0x00000000   Number         0  main.o ABSOLUTE
    os_systick.c                             0x00000000   Number         0  os_systick.o ABSOLUTE
    port.c                                   0x00000000   Number         0  port.o ABSOLUTE
    queue.c                                  0x00000000   Number         0  queue.o ABSOLUTE
    retarget_io.c                            0x00000000   Number         0  retarget_io.o ABSOLUTE
    system_TM4C123.c                         0x00000000   Number         0  system_tm4c123.o ABSOLUTE
    tasks.c                                  0x00000000   Number         0  tasks.o ABSOLUTE
    timers.c                                 0x00000000   Number         0  timers.o ABSOLUTE
    RESET                                    0x00000000   Section      620  startup_tm4c123.o(RESET)
    !!!main                                  0x0000026c   Section        8  __main.o(!!!main)
    !!!scatter                               0x00000274   Section       52  __scatter.o(!!!scatter)
    !!handler_copy                           0x000002a8   Section       26  __scatter_copy.o(!!handler_copy)
    !!handler_zi                             0x000002c4   Section       28  __scatter_zi.o(!!handler_zi)
    .ARM.Collect$$libinit$$00000000          0x000002e0   Section        2  libinit.o(.ARM.Collect$$libinit$$00000000)
    .ARM.Collect$$libinit$$00000001          0x000002e2   Section        4  libinit2.o(.ARM.Collect$$libinit$$00000001)
    .ARM.Collect$$libinit$$00000004          0x000002e6   Section        0  libinit2.o(.ARM.Collect$$libinit$$00000004)
    .ARM.Collect$$libinit$$00000006          0x000002e6   Section        0  libinit2.o(.ARM.Collect$$libinit$$00000006)
    .ARM.Collect$$libinit$$0000000C          0x000002e6   Section        0  libinit2.o(.ARM.Collect$$libinit$$0000000C)
    .ARM.Collect$$libinit$$0000000E          0x000002e6   Section        0  libinit2.o(.ARM.Collect$$libinit$$0000000E)
    .ARM.Collect$$libinit$$00000010          0x000002e6   Section        0  libinit2.o(.ARM.Collect$$libinit$$00000010)
    .ARM.Collect$$libinit$$00000013          0x000002e6   Section        0  libinit2.o(.ARM.Collect$$libinit$$00000013)
    .ARM.Collect$$libinit$$00000015          0x000002e6   Section        0  libinit2.o(.ARM.Collect$$libinit$$00000015)
    .ARM.Collect$$libinit$$00000017          0x000002e6   Section        0  libinit2.o(.ARM.Collect$$libinit$$00000017)
    .ARM.Collect$$libinit$$00000019          0x000002e6   Section        0  libinit2.o(.ARM.Collect$$libinit$$00000019)
    .ARM.Collect$$libinit$$0000001B          0x000002e6   Section        0  libinit2.o(.ARM.Collect$$libinit$$0000001B)
    .ARM.Collect$$libinit$$0000001D          0x000002e6   Section        0  libinit2.o(.ARM.Collect$$libinit$$0000001D)
    .ARM.Collect$$libinit$$0000001F          0x000002e6   Section        0  libinit2.o(.ARM.Collect$$libinit$$0000001F)
    .ARM.Collect$$libinit$$00000021          0x000002e6   Section        0  libinit2.o(.ARM.Collect$$libinit$$00000021)
    .ARM.Collect$$libinit$$00000023          0x000002e6   Section        0  libinit2.o(.ARM.Collect$$libinit$$00000023)
    .ARM.Collect$$libinit$$00000025          0x000002e6   Section        0  libinit2.o(.ARM.Collect$$libinit$$00000025)
    .ARM.Collect$$libinit$$00000027          0x000002e6   Section        0  libinit2.o(.ARM.Collect$$libinit$$00000027)
    .ARM.Collect$$libinit$$0000002E          0x000002e6   Section        0  libinit2.o(.ARM.Collect$$libinit$$0000002E)
    .ARM.Collect$$libinit$$00000030          0x000002e6   Section        0  libinit2.o(.ARM.Collect$$libinit$$00000030)
    .ARM.Collect$$libinit$$00000032          0x000002e6   Section        0  libinit2.o(.ARM.Collect$$libinit$$00000032)
    .ARM.Collect$$libinit$$00000034          0x000002e6   Section        0  libinit2.o(.ARM.Collect$$libinit$$00000034)
    .ARM.Collect$$libinit$$00000035          0x000002e6   Section        2  libinit2.o(.ARM.Collect$$libinit$$00000035)
    .ARM.Collect$$libshutdown$$00000000      0x000002e8   Section        2  libshutdown.o(.ARM.Collect$$libshutdown$$00000000)
    .ARM.Collect$$libshutdown$$00000002      0x000002ea   Section        0  libshutdown2.o(.ARM.Collect$$libshutdown$$00000002)
    .ARM.Collect$$libshutdown$$00000004      0x000002ea   Section        0  libshutdown2.o(.ARM.Collect$$libshutdown$$00000004)
    .ARM.Collect$$libshutdown$$00000007      0x000002ea   Section        0  libshutdown2.o(.ARM.Collect$$libshutdown$$00000007)
    .ARM.Collect$$libshutdown$$0000000A      0x000002ea   Section        0  libshutdown2.o(.ARM.Collect$$libshutdown$$0000000A)
    .ARM.Collect$$libshutdown$$0000000C      0x000002ea   Section        0  libshutdown2.o(.ARM.Collect$$libshutdown$$0000000C)
    .ARM.Collect$$libshutdown$$0000000F      0x000002ea   Section        0  libshutdown2.o(.ARM.Collect$$libshutdown$$0000000F)
    .ARM.Collect$$libshutdown$$00000010      0x000002ea   Section        2  libshutdown2.o(.ARM.Collect$$libshutdown$$00000010)
    .ARM.Collect$$rtentry$$00000000          0x000002ec   Section        0  __rtentry.o(.ARM.Collect$$rtentry$$00000000)
    .ARM.Collect$$rtentry$$00000002          0x000002ec   Section        0  __rtentry2.o(.ARM.Collect$$rtentry$$00000002)
    .ARM.Collect$$rtentry$$00000004          0x000002ec   Section        6  __rtentry4.o(.ARM.Collect$$rtentry$$00000004)
    .ARM.Collect$$rtentry$$00000008          0x000002f2   Section        8  __rtentry2.o(.ARM.Collect$$rtentry$$00000008)
    .ARM.Collect$$rtentry$$0000000A          0x000002fa   Section        4  __rtentry2.o(.ARM.Collect$$rtentry$$0000000A)
    .ARM.Collect$$rtentry$$0000000C          0x000002fe   Section        0  __rtentry2.o(.ARM.Collect$$rtentry$$0000000C)
    .ARM.Collect$$rtentry$$0000000D          0x000002fe   Section        8  __rtentry2.o(.ARM.Collect$$rtentry$$0000000D)
    .ARM.Collect$$rtexit$$00000000           0x00000306   Section        2  rtexit.o(.ARM.Collect$$rtexit$$00000000)
    .ARM.Collect$$rtexit$$00000002           0x00000308   Section        0  rtexit2.o(.ARM.Collect$$rtexit$$00000002)
    .ARM.Collect$$rtexit$$00000003           0x00000308   Section        4  rtexit2.o(.ARM.Collect$$rtexit$$00000003)
    .ARM.Collect$$rtexit$$00000004           0x0000030c   Section        6  rtexit2.o(.ARM.Collect$$rtexit$$00000004)
    $v0                                      0x00000314   Number         0  startup_tm4c123.o(.text)
    .text                                    0x00000314   Section      276  startup_tm4c123.o(.text)
    .text                                    0x00000428   Section      138  rt_memcpy_v6.o(.text)
    .text                                    0x000004b2   Section        0  heapauxi.o(.text)
    .text                                    0x000004b8   Section      100  rt_memcpy_w.o(.text)
    .text                                    0x0000051c   Section       74  sys_stackheap_outer.o(.text)
    .text                                    0x00000566   Section        0  exit.o(.text)
    .text                                    0x00000578   Section        8  libspace.o(.text)
    .text                                    0x00000580   Section        0  sys_exit.o(.text)
    .text                                    0x0000058c   Section        2  use_no_semi.o(.text)
    .text                                    0x0000058e   Section        0  indicate_semi.o(.text)
    [Anonymous Symbol]                       0x00000590   Section        0  clib_os.o(.text.$Sub$$_fp_init)
    [Anonymous Symbol]                       0x000005b0   Section        0  port.o(.text.PendSV_Handler)
    pxCurrentTCBConst                        0x00000610   Number         0  port.o(.text.PendSV_Handler)
    [Anonymous Symbol]                       0x00000620   Section        0  port.o(.text.SVC_Handler)
    pxCurrentTCBConst2                       0x00000640   Number         0  port.o(.text.SVC_Handler)
    [Anonymous Symbol]                       0x00000644   Section        0  cmsis_os2.o(.text.SysTick_Handler)
    [Anonymous Symbol]                       0x00000664   Section        0  system_tm4c123.o(.text.SystemInit)
    __tagsym$$used.1                         0x00000770   Number         0  clib_os.o(.text._mutex_acquire)
    [Anonymous Symbol]                       0x00000770   Section        0  clib_os.o(.text._mutex_acquire)
    __tagsym$$used.3                         0x00000798   Number         0  clib_os.o(.text._mutex_free)
    [Anonymous Symbol]                       0x00000798   Section        0  clib_os.o(.text._mutex_free)
    __tagsym$$used.0                         0x000007ec   Number         0  clib_os.o(.text._mutex_initialize)
    [Anonymous Symbol]                       0x000007ec   Section        0  clib_os.o(.text._mutex_initialize)
    __tagsym$$used.2                         0x00000894   Number         0  clib_os.o(.text._mutex_release)
    [Anonymous Symbol]                       0x00000894   Section        0  clib_os.o(.text._mutex_release)
    [Anonymous Symbol]                       0x000008c0   Section        0  clib_os.o(.text._platform_post_stackheap_init)
    is_thread_mode                           0x000008c5   Thumb Code    32  clib_os.o(.text.is_thread_mode)
    [Anonymous Symbol]                       0x000008c4   Section        0  clib_os.o(.text.is_thread_mode)
    [Anonymous Symbol]                       0x000008e4   Section        0  main.o(.text.main)
    os_kernel_is_active                      0x000008f1   Thumb Code    32  clib_os.o(.text.os_kernel_is_active)
    [Anonymous Symbol]                       0x000008f0   Section        0  clib_os.o(.text.os_kernel_is_active)
    prvAddCurrentTaskToDelayedList           0x00000911   Thumb Code   270  tasks.o(.text.prvAddCurrentTaskToDelayedList)
    [Anonymous Symbol]                       0x00000910   Section        0  tasks.o(.text.prvAddCurrentTaskToDelayedList)
    prvCopyDataToQueue                       0x00000a21   Thumb Code   204  queue.o(.text.prvCopyDataToQueue)
    [Anonymous Symbol]                       0x00000a20   Section        0  queue.o(.text.prvCopyDataToQueue)
    prvGetDisinheritPriorityAfterTimeout     0x00000aed   Thumb Code    38  queue.o(.text.prvGetDisinheritPriorityAfterTimeout)
    [Anonymous Symbol]                       0x00000aec   Section        0  queue.o(.text.prvGetDisinheritPriorityAfterTimeout)
    prvHeapInit                              0x00000b15   Thumb Code   170  heap_4.o(.text.prvHeapInit)
    [Anonymous Symbol]                       0x00000b14   Section        0  heap_4.o(.text.prvHeapInit)
    prvInitialiseMutex                       0x00000bc1   Thumb Code    44  queue.o(.text.prvInitialiseMutex)
    [Anonymous Symbol]                       0x00000bc0   Section        0  queue.o(.text.prvInitialiseMutex)
    prvInitialiseNewQueue                    0x00000bed   Thumb Code    72  queue.o(.text.prvInitialiseNewQueue)
    [Anonymous Symbol]                       0x00000bec   Section        0  queue.o(.text.prvInitialiseNewQueue)
    prvInsertBlockIntoFreeList               0x00000c35   Thumb Code   216  heap_4.o(.text.prvInsertBlockIntoFreeList)
    [Anonymous Symbol]                       0x00000c34   Section        0  heap_4.o(.text.prvInsertBlockIntoFreeList)
    prvIsQueueEmpty                          0x00000d0d   Thumb Code    40  queue.o(.text.prvIsQueueEmpty)
    [Anonymous Symbol]                       0x00000d0c   Section        0  queue.o(.text.prvIsQueueEmpty)
    prvIsQueueFull                           0x00000d35   Thumb Code    46  queue.o(.text.prvIsQueueFull)
    [Anonymous Symbol]                       0x00000d34   Section        0  queue.o(.text.prvIsQueueFull)
    prvResetNextTaskUnblockTime              0x00000d65   Thumb Code    60  tasks.o(.text.prvResetNextTaskUnblockTime)
    [Anonymous Symbol]                       0x00000d64   Section        0  tasks.o(.text.prvResetNextTaskUnblockTime)
    prvUnlockQueue                           0x00000da1   Thumb Code   174  queue.o(.text.prvUnlockQueue)
    [Anonymous Symbol]                       0x00000da0   Section        0  queue.o(.text.prvUnlockQueue)
    [Anonymous Symbol]                       0x00000e50   Section        0  heap_4.o(.text.pvPortMalloc)
    [Anonymous Symbol]                       0x00001008   Section        0  tasks.o(.text.pvTaskIncrementMutexHeldCount)
    [Anonymous Symbol]                       0x0000102c   Section        0  list.o(.text.uxListRemove)
    [Anonymous Symbol]                       0x00001074   Section        0  cmsis_os2.o(.text.vApplicationStackOverflowHook)
    [Anonymous Symbol]                       0x00001080   Section        0  list.o(.text.vListInitialise)
    [Anonymous Symbol]                       0x000010b0   Section        0  list.o(.text.vListInsert)
    [Anonymous Symbol]                       0x0000111c   Section        0  port.o(.text.vPortEnterCritical)
    [Anonymous Symbol]                       0x0000114c   Section        0  port.o(.text.vPortExitCritical)
    [Anonymous Symbol]                       0x00001174   Section        0  heap_4.o(.text.vPortFree)
    [Anonymous Symbol]                       0x000011ec   Section        0  queue.o(.text.vQueueDelete)
    [Anonymous Symbol]                       0x00001210   Section        0  tasks.o(.text.vTaskInternalSetTimeOutState)
    [Anonymous Symbol]                       0x00001234   Section        0  tasks.o(.text.vTaskMissedYield)
    [Anonymous Symbol]                       0x00001244   Section        0  tasks.o(.text.vTaskPlaceOnEventList)
    [Anonymous Symbol]                       0x0000126c   Section        0  tasks.o(.text.vTaskPriorityDisinheritAfterTimeout)
    [Anonymous Symbol]                       0x000013a4   Section        0  tasks.o(.text.vTaskSuspendAll)
    __tagsym$$used.0                         0x000013b4   Number         0  tasks.o(.text.vTaskSwitchContext)
    [Anonymous Symbol]                       0x000013b4   Section        0  tasks.o(.text.vTaskSwitchContext)
    [Anonymous Symbol]                       0x000014d0   Section        0  port.o(.text.xPortSysTickHandler)
    [Anonymous Symbol]                       0x00001510   Section        0  queue.o(.text.xQueueCreateMutex)
    [Anonymous Symbol]                       0x00001538   Section        0  queue.o(.text.xQueueCreateMutexStatic)
    [Anonymous Symbol]                       0x0000156c   Section        0  queue.o(.text.xQueueGenericCreate)
    [Anonymous Symbol]                       0x000015f4   Section        0  queue.o(.text.xQueueGenericCreateStatic)
    [Anonymous Symbol]                       0x00001660   Section        0  queue.o(.text.xQueueGenericReset)
    [Anonymous Symbol]                       0x00001730   Section        0  queue.o(.text.xQueueGenericSend)
    [Anonymous Symbol]                       0x0000189c   Section        0  queue.o(.text.xQueueSemaphoreTake)
    [Anonymous Symbol]                       0x00001a3c   Section        0  tasks.o(.text.xTaskCheckForTimeOut)
    [Anonymous Symbol]                       0x00001b00   Section        0  tasks.o(.text.xTaskGetSchedulerState)
    [Anonymous Symbol]                       0x00001b38   Section        0  tasks.o(.text.xTaskIncrementTick)
    [Anonymous Symbol]                       0x00001d98   Section        0  tasks.o(.text.xTaskPriorityDisinherit)
    [Anonymous Symbol]                       0x00001e8c   Section        0  tasks.o(.text.xTaskPriorityInherit)
    [Anonymous Symbol]                       0x00001fe8   Section        0  tasks.o(.text.xTaskRemoveFromEventList)
    [Anonymous Symbol]                       0x0000217c   Section        0  tasks.o(.text.xTaskResumeAll)
    $v0                                      0x000023ba   Number         0  fpinit.o(x$fpl$fpinit)
    x$fpl$fpinit                             0x000023ba   Section       26  fpinit.o(x$fpl$fpinit)
    uxCriticalNesting                        0x20000000   Data           4  port.o(.data.uxCriticalNesting)
    [Anonymous Symbol]                       0x20000000   Section        0  port.o(.data.uxCriticalNesting)
    .bss                                     0x20000008   Section       96  libspace.o(.bss)
    clib_mutex_cb                            0x20000068   Data         400  clib_os.o(.bss.clib_mutex_cb)
    [Anonymous Symbol]                       0x20000068   Section        0  clib_os.o(.bss.clib_mutex_cb)
    clib_mutex_id                            0x200001f8   Data          20  clib_os.o(.bss.clib_mutex_id)
    [Anonymous Symbol]                       0x200001f8   Section        0  clib_os.o(.bss.clib_mutex_id)
    __tagsym$$used.1                         0x2000020c   Number         0  tasks.o(.bss.pxCurrentTCB)
    pxDelayedTaskList                        0x20000210   Data           4  tasks.o(.bss.pxDelayedTaskList)
    [Anonymous Symbol]                       0x20000210   Section        0  tasks.o(.bss.pxDelayedTaskList)
    pxEnd                                    0x20000214   Data           4  heap_4.o(.bss.pxEnd)
    [Anonymous Symbol]                       0x20000214   Section        0  heap_4.o(.bss.pxEnd)
    pxOverflowDelayedTaskList                0x20000218   Data           4  tasks.o(.bss.pxOverflowDelayedTaskList)
    [Anonymous Symbol]                       0x20000218   Section        0  tasks.o(.bss.pxOverflowDelayedTaskList)
    pxReadyTasksLists                        0x2000021c   Data        1120  tasks.o(.bss.pxReadyTasksLists)
    [Anonymous Symbol]                       0x2000021c   Section        0  tasks.o(.bss.pxReadyTasksLists)
    ucHeap                                   0x2000067c   Data        8192  heap_4.o(.bss.ucHeap)
    [Anonymous Symbol]                       0x2000067c   Section        0  heap_4.o(.bss.ucHeap)
    uxCurrentNumberOfTasks                   0x2000267c   Data           4  tasks.o(.bss.uxCurrentNumberOfTasks)
    [Anonymous Symbol]                       0x2000267c   Section        0  tasks.o(.bss.uxCurrentNumberOfTasks)
    uxSchedulerSuspended                     0x20002680   Data           4  tasks.o(.bss.uxSchedulerSuspended)
    [Anonymous Symbol]                       0x20002680   Section        0  tasks.o(.bss.uxSchedulerSuspended)
    uxTopReadyPriority                       0x20002684   Data           4  tasks.o(.bss.uxTopReadyPriority)
    [Anonymous Symbol]                       0x20002684   Section        0  tasks.o(.bss.uxTopReadyPriority)
    xFreeBytesRemaining                      0x20002688   Data           4  heap_4.o(.bss.xFreeBytesRemaining)
    [Anonymous Symbol]                       0x20002688   Section        0  heap_4.o(.bss.xFreeBytesRemaining)
    xMinimumEverFreeBytesRemaining           0x2000268c   Data           4  heap_4.o(.bss.xMinimumEverFreeBytesRemaining)
    [Anonymous Symbol]                       0x2000268c   Section        0  heap_4.o(.bss.xMinimumEverFreeBytesRemaining)
    xNextTaskUnblockTime                     0x20002690   Data           4  tasks.o(.bss.xNextTaskUnblockTime)
    [Anonymous Symbol]                       0x20002690   Section        0  tasks.o(.bss.xNextTaskUnblockTime)
    xNumOfOverflows                          0x20002694   Data           4  tasks.o(.bss.xNumOfOverflows)
    [Anonymous Symbol]                       0x20002694   Section        0  tasks.o(.bss.xNumOfOverflows)
    xNumberOfSuccessfulAllocations           0x20002698   Data           4  heap_4.o(.bss.xNumberOfSuccessfulAllocations)
    [Anonymous Symbol]                       0x20002698   Section        0  heap_4.o(.bss.xNumberOfSuccessfulAllocations)
    xNumberOfSuccessfulFrees                 0x2000269c   Data           4  heap_4.o(.bss.xNumberOfSuccessfulFrees)
    [Anonymous Symbol]                       0x2000269c   Section        0  heap_4.o(.bss.xNumberOfSuccessfulFrees)
    xPendedTicks                             0x200026a0   Data           4  tasks.o(.bss.xPendedTicks)
    [Anonymous Symbol]                       0x200026a0   Section        0  tasks.o(.bss.xPendedTicks)
    xPendingReadyList                        0x200026a4   Data          20  tasks.o(.bss.xPendingReadyList)
    [Anonymous Symbol]                       0x200026a4   Section        0  tasks.o(.bss.xPendingReadyList)
    xSchedulerRunning                        0x200026b8   Data           4  tasks.o(.bss.xSchedulerRunning)
    [Anonymous Symbol]                       0x200026b8   Section        0  tasks.o(.bss.xSchedulerRunning)
    xStart                                   0x200026bc   Data           8  heap_4.o(.bss.xStart)
    [Anonymous Symbol]                       0x200026bc   Section        0  heap_4.o(.bss.xStart)
    xSuspendedTaskList                       0x200026c4   Data          20  tasks.o(.bss.xSuspendedTaskList)
    [Anonymous Symbol]                       0x200026c4   Section        0  tasks.o(.bss.xSuspendedTaskList)
    xTickCount                               0x200026d8   Data           4  tasks.o(.bss.xTickCount)
    [Anonymous Symbol]                       0x200026d8   Section        0  tasks.o(.bss.xTickCount)
    xYieldPendings                           0x200026dc   Data           4  tasks.o(.bss.xYieldPendings)
    [Anonymous Symbol]                       0x200026dc   Section        0  tasks.o(.bss.xYieldPendings)
    Heap_Mem                                 0x200026e0   Data           0  startup_tm4c123.o(HEAP)
    Stack_Mem                                0x200026e0   Data         512  startup_tm4c123.o(STACK)
    HEAP                                     0x200026e0   Section        0  startup_tm4c123.o(HEAP)
    STACK                                    0x200026e0   Section      512  startup_tm4c123.o(STACK)
    __initial_sp                             0x200028e0   Data           0  startup_tm4c123.o(STACK)

    Global Symbols

    Symbol Name                              Value     Ov Type        Size  Object(Section)

    BuildAttributes$$THM_ISAv4$E$P$D$K$B$S$7EM$VFPi3$EXTD16$VFPS$VFMA$PE$A:L22UL41UL21$X:L11$S22US41US21$IEEE1$IW$~IW$USESV6$~STKCKD$USESV7$~SHL$OSPACE$ROPI$EBA8$UX$STANDARDLIB$REQ8$PRES8$EABIv2 0x00000000   Number         0  anon$$obj.o ABSOLUTE
    __Vectors                                0x00000000   Data           4  startup_tm4c123.o(RESET)
    __ARM_exceptions_init                     - Undefined Weak Reference
    __alloca_initialize                       - Undefined Weak Reference
    __arm_preinit_                            - Undefined Weak Reference
    __arm_relocate_pie_                       - Undefined Weak Reference
    __cpp_initialize__aeabi_                  - Undefined Weak Reference
    __cxa_finalize                            - Undefined Weak Reference
    __rt_locale                               - Undefined Weak Reference
    __sigvec_lookup                           - Undefined Weak Reference
    _atexit_init                              - Undefined Weak Reference
    _call_atexit_fns                          - Undefined Weak Reference
    _clock_init                               - Undefined Weak Reference
    _fp_trap_init                             - Undefined Weak Reference
    _fp_trap_shutdown                         - Undefined Weak Reference
    _get_lc_collate                           - Undefined Weak Reference
    _get_lc_ctype                             - Undefined Weak Reference
    _get_lc_monetary                          - Undefined Weak Reference
    _get_lc_numeric                           - Undefined Weak Reference
    _get_lc_time                              - Undefined Weak Reference
    _getenv_init                              - Undefined Weak Reference
    _handle_redirection                       - Undefined Weak Reference
    _init_alloc                               - Undefined Weak Reference
    _init_user_alloc                          - Undefined Weak Reference
    _initio                                   - Undefined Weak Reference
    _rand_init                                - Undefined Weak Reference
    _signal_finish                            - Undefined Weak Reference
    _signal_init                              - Undefined Weak Reference
    _terminate_alloc                          - Undefined Weak Reference
    _terminate_user_alloc                     - Undefined Weak Reference
    _terminateio                              - Undefined Weak Reference
    __Vectors_End                            0x0000026c   Data           0  startup_tm4c123.o(RESET)
    __Vectors_Size                           0x0000026c   Number         0  startup_tm4c123.o ABSOLUTE
    __main                                   0x0000026d   Thumb Code     8  __main.o(!!!main)
    __scatterload                            0x00000275   Thumb Code     0  __scatter.o(!!!scatter)
    __scatterload_rt2                        0x00000275   Thumb Code    44  __scatter.o(!!!scatter)
    __scatterload_rt2_thumb_only             0x00000275   Thumb Code     0  __scatter.o(!!!scatter)
    __scatterload_null                       0x00000283   Thumb Code     0  __scatter.o(!!!scatter)
    __scatterload_copy                       0x000002a9   Thumb Code    26  __scatter_copy.o(!!handler_copy)
    __scatterload_zeroinit                   0x000002c5   Thumb Code    28  __scatter_zi.o(!!handler_zi)
    __rt_lib_init                            0x000002e1   Thumb Code     0  libinit.o(.ARM.Collect$$libinit$$00000000)
    __rt_lib_init_fp_1                       0x000002e3   Thumb Code     0  libinit2.o(.ARM.Collect$$libinit$$00000001)
    __rt_lib_init_alloca_1                   0x000002e7   Thumb Code     0  libinit2.o(.ARM.Collect$$libinit$$00000030)
    __rt_lib_init_argv_1                     0x000002e7   Thumb Code     0  libinit2.o(.ARM.Collect$$libinit$$0000002E)
    __rt_lib_init_atexit_1                   0x000002e7   Thumb Code     0  libinit2.o(.ARM.Collect$$libinit$$0000001D)
    __rt_lib_init_clock_1                    0x000002e7   Thumb Code     0  libinit2.o(.ARM.Collect$$libinit$$00000023)
    __rt_lib_init_cpp_1                      0x000002e7   Thumb Code     0  libinit2.o(.ARM.Collect$$libinit$$00000034)
    __rt_lib_init_exceptions_1               0x000002e7   Thumb Code     0  libinit2.o(.ARM.Collect$$libinit$$00000032)
    __rt_lib_init_fp_trap_1                  0x000002e7   Thumb Code     0  libinit2.o(.ARM.Collect$$libinit$$00000021)
    __rt_lib_init_getenv_1                   0x000002e7   Thumb Code     0  libinit2.o(.ARM.Collect$$libinit$$00000025)
    __rt_lib_init_heap_1                     0x000002e7   Thumb Code     0  libinit2.o(.ARM.Collect$$libinit$$0000000C)
    __rt_lib_init_lc_collate_1               0x000002e7   Thumb Code     0  libinit2.o(.ARM.Collect$$libinit$$00000013)
    __rt_lib_init_lc_ctype_1                 0x000002e7   Thumb Code     0  libinit2.o(.ARM.Collect$$libinit$$00000015)
    __rt_lib_init_lc_monetary_1              0x000002e7   Thumb Code     0  libinit2.o(.ARM.Collect$$libinit$$00000017)
    __rt_lib_init_lc_numeric_1               0x000002e7   Thumb Code     0  libinit2.o(.ARM.Collect$$libinit$$00000019)
    __rt_lib_init_lc_time_1                  0x000002e7   Thumb Code     0  libinit2.o(.ARM.Collect$$libinit$$0000001B)
    __rt_lib_init_preinit_1                  0x000002e7   Thumb Code     0  libinit2.o(.ARM.Collect$$libinit$$00000006)
    __rt_lib_init_rand_1                     0x000002e7   Thumb Code     0  libinit2.o(.ARM.Collect$$libinit$$00000010)
    __rt_lib_init_relocate_pie_1             0x000002e7   Thumb Code     0  libinit2.o(.ARM.Collect$$libinit$$00000004)
    __rt_lib_init_return                     0x000002e7   Thumb Code     0  libinit2.o(.ARM.Collect$$libinit$$00000035)
    __rt_lib_init_signal_1                   0x000002e7   Thumb Code     0  libinit2.o(.ARM.Collect$$libinit$$0000001F)
    __rt_lib_init_stdio_1                    0x000002e7   Thumb Code     0  libinit2.o(.ARM.Collect$$libinit$$00000027)
    __rt_lib_init_user_alloc_1               0x000002e7   Thumb Code     0  libinit2.o(.ARM.Collect$$libinit$$0000000E)
    __rt_lib_shutdown                        0x000002e9   Thumb Code     0  libshutdown.o(.ARM.Collect$$libshutdown$$00000000)
    __rt_lib_shutdown_cpp_1                  0x000002eb   Thumb Code     0  libshutdown2.o(.ARM.Collect$$libshutdown$$00000002)
    __rt_lib_shutdown_fp_trap_1              0x000002eb   Thumb Code     0  libshutdown2.o(.ARM.Collect$$libshutdown$$00000007)
    __rt_lib_shutdown_heap_1                 0x000002eb   Thumb Code     0  libshutdown2.o(.ARM.Collect$$libshutdown$$0000000F)
    __rt_lib_shutdown_return                 0x000002eb   Thumb Code     0  libshutdown2.o(.ARM.Collect$$libshutdown$$00000010)
    __rt_lib_shutdown_signal_1               0x000002eb   Thumb Code     0  libshutdown2.o(.ARM.Collect$$libshutdown$$0000000A)
    __rt_lib_shutdown_stdio_1                0x000002eb   Thumb Code     0  libshutdown2.o(.ARM.Collect$$libshutdown$$00000004)
    __rt_lib_shutdown_user_alloc_1           0x000002eb   Thumb Code     0  libshutdown2.o(.ARM.Collect$$libshutdown$$0000000C)
    __rt_entry                               0x000002ed   Thumb Code     0  __rtentry.o(.ARM.Collect$$rtentry$$00000000)
    __rt_entry_presh_1                       0x000002ed   Thumb Code     0  __rtentry2.o(.ARM.Collect$$rtentry$$00000002)
    __rt_entry_sh                            0x000002ed   Thumb Code     0  __rtentry4.o(.ARM.Collect$$rtentry$$00000004)
    __rt_entry_postsh_1                      0x000002f3   Thumb Code     0  __rtentry2.o(.ARM.Collect$$rtentry$$00000008)
    __rt_entry_li                            0x000002fb   Thumb Code     0  __rtentry2.o(.ARM.Collect$$rtentry$$0000000A)
    __rt_entry_main                          0x000002ff   Thumb Code     0  __rtentry2.o(.ARM.Collect$$rtentry$$0000000D)
    __rt_entry_postli_1                      0x000002ff   Thumb Code     0  __rtentry2.o(.ARM.Collect$$rtentry$$0000000C)
    __rt_exit                                0x00000307   Thumb Code     0  rtexit.o(.ARM.Collect$$rtexit$$00000000)
    __rt_exit_ls                             0x00000309   Thumb Code     0  rtexit2.o(.ARM.Collect$$rtexit$$00000003)
    __rt_exit_prels_1                        0x00000309   Thumb Code     0  rtexit2.o(.ARM.Collect$$rtexit$$00000002)
    __rt_exit_exit                           0x0000030d   Thumb Code     0  rtexit2.o(.ARM.Collect$$rtexit$$00000004)
    Reset_Handler                            0x00000315   Thumb Code     8  startup_tm4c123.o(.text)
    NMI_Handler                              0x0000031d   Thumb Code     2  startup_tm4c123.o(.text)
    HardFault_Handler                        0x0000031f   Thumb Code     2  startup_tm4c123.o(.text)
    MemManage_Handler                        0x00000321   Thumb Code     2  startup_tm4c123.o(.text)
    BusFault_Handler                         0x00000323   Thumb Code     2  startup_tm4c123.o(.text)
    UsageFault_Handler                       0x00000325   Thumb Code     2  startup_tm4c123.o(.text)
    DebugMon_Handler                         0x00000329   Thumb Code     2  startup_tm4c123.o(.text)
    GPIOA_Handler                            0x0000032f   Thumb Code     2  startup_tm4c123.o(.text)
    GPIOB_Handler                            0x00000331   Thumb Code     2  startup_tm4c123.o(.text)
    GPIOC_Handler                            0x00000333   Thumb Code     2  startup_tm4c123.o(.text)
    GPIOD_Handler                            0x00000335   Thumb Code     2  startup_tm4c123.o(.text)
    GPIOE_Handler                            0x00000337   Thumb Code     2  startup_tm4c123.o(.text)
    UART0_Handler                            0x00000339   Thumb Code     2  startup_tm4c123.o(.text)
    UART1_Handler                            0x0000033b   Thumb Code     2  startup_tm4c123.o(.text)
    SSI0_Handler                             0x0000033d   Thumb Code     2  startup_tm4c123.o(.text)
    I2C0_Handler                             0x0000033f   Thumb Code     2  startup_tm4c123.o(.text)
    PMW0_FAULT_Handler                       0x00000341   Thumb Code     2  startup_tm4c123.o(.text)
    PWM0_0_Handler                           0x00000343   Thumb Code     2  startup_tm4c123.o(.text)
    PWM0_1_Handler                           0x00000345   Thumb Code     2  startup_tm4c123.o(.text)
    PWM0_2_Handler                           0x00000347   Thumb Code     2  startup_tm4c123.o(.text)
    QEI0_Handler                             0x00000349   Thumb Code     2  startup_tm4c123.o(.text)
    ADC0SS0_Handler                          0x0000034b   Thumb Code     2  startup_tm4c123.o(.text)
    ADC0SS1_Handler                          0x0000034d   Thumb Code     2  startup_tm4c123.o(.text)
    ADC0SS2_Handler                          0x0000034f   Thumb Code     2  startup_tm4c123.o(.text)
    ADC0SS3_Handler                          0x00000351   Thumb Code     2  startup_tm4c123.o(.text)
    WDT0_Handler                             0x00000353   Thumb Code     2  startup_tm4c123.o(.text)
    TIMER0A_Handler                          0x00000355   Thumb Code     2  startup_tm4c123.o(.text)
    TIMER0B_Handler                          0x00000357   Thumb Code     2  startup_tm4c123.o(.text)
    TIMER1A_Handler                          0x00000359   Thumb Code     2  startup_tm4c123.o(.text)
    TIMER1B_Handler                          0x0000035b   Thumb Code     2  startup_tm4c123.o(.text)
    TIMER2A_Handler                          0x0000035d   Thumb Code     2  startup_tm4c123.o(.text)
    TIMER2B_Handler                          0x0000035f   Thumb Code     2  startup_tm4c123.o(.text)
    COMP0_Handler                            0x00000361   Thumb Code     2  startup_tm4c123.o(.text)
    COMP1_Handler                            0x00000363   Thumb Code     2  startup_tm4c123.o(.text)
    COMP2_Handler                            0x00000365   Thumb Code     2  startup_tm4c123.o(.text)
    SYSCTL_Handler                           0x00000367   Thumb Code     2  startup_tm4c123.o(.text)
    FLASH_Handler                            0x00000369   Thumb Code     2  startup_tm4c123.o(.text)
    GPIOF_Handler                            0x0000036b   Thumb Code     2  startup_tm4c123.o(.text)
    GPIOG_Handler                            0x0000036d   Thumb Code     2  startup_tm4c123.o(.text)
    GPIOH_Handler                            0x0000036f   Thumb Code     2  startup_tm4c123.o(.text)
    UART2_Handler                            0x00000371   Thumb Code     2  startup_tm4c123.o(.text)
    SSI1_Handler                             0x00000373   Thumb Code     2  startup_tm4c123.o(.text)
    TIMER3A_Handler                          0x00000375   Thumb Code     2  startup_tm4c123.o(.text)
    TIMER3B_Handler                          0x00000377   Thumb Code     2  startup_tm4c123.o(.text)
    I2C1_Handler                             0x00000379   Thumb Code     2  startup_tm4c123.o(.text)
    QEI1_Handler                             0x0000037b   Thumb Code     2  startup_tm4c123.o(.text)
    CAN0_Handler                             0x0000037d   Thumb Code     2  startup_tm4c123.o(.text)
    CAN1_Handler                             0x0000037f   Thumb Code     2  startup_tm4c123.o(.text)
    CAN2_Handler                             0x00000381   Thumb Code     2  startup_tm4c123.o(.text)
    HIB_Handler                              0x00000383   Thumb Code     2  startup_tm4c123.o(.text)
    USB0_Handler                             0x00000385   Thumb Code     2  startup_tm4c123.o(.text)
    PWM0_3_Handler                           0x00000387   Thumb Code     2  startup_tm4c123.o(.text)
    UDMA_Handler                             0x00000389   Thumb Code     2  startup_tm4c123.o(.text)
    UDMAERR_Handler                          0x0000038b   Thumb Code     2  startup_tm4c123.o(.text)
    ADC1SS0_Handler                          0x0000038d   Thumb Code     2  startup_tm4c123.o(.text)
    ADC1SS1_Handler                          0x0000038f   Thumb Code     2  startup_tm4c123.o(.text)
    ADC1SS2_Handler                          0x00000391   Thumb Code     2  startup_tm4c123.o(.text)
    ADC1SS3_Handler                          0x00000393   Thumb Code     2  startup_tm4c123.o(.text)
    GPIOJ_Handler                            0x00000395   Thumb Code     2  startup_tm4c123.o(.text)
    GPIOK_Handler                            0x00000397   Thumb Code     2  startup_tm4c123.o(.text)
    GPIOL_Handler                            0x00000399   Thumb Code     2  startup_tm4c123.o(.text)
    SSI2_Handler                             0x0000039b   Thumb Code     2  startup_tm4c123.o(.text)
    SSI3_Handler                             0x0000039d   Thumb Code     2  startup_tm4c123.o(.text)
    UART3_Handler                            0x0000039f   Thumb Code     2  startup_tm4c123.o(.text)
    UART4_Handler                            0x000003a1   Thumb Code     2  startup_tm4c123.o(.text)
    UART5_Handler                            0x000003a3   Thumb Code     2  startup_tm4c123.o(.text)
    UART6_Handler                            0x000003a5   Thumb Code     2  startup_tm4c123.o(.text)
    UART7_Handler                            0x000003a7   Thumb Code     2  startup_tm4c123.o(.text)
    I2C2_Handler                             0x000003a9   Thumb Code     2  startup_tm4c123.o(.text)
    I2C3_Handler                             0x000003ab   Thumb Code     2  startup_tm4c123.o(.text)
    TIMER4A_Handler                          0x000003ad   Thumb Code     2  startup_tm4c123.o(.text)
    TIMER4B_Handler                          0x000003af   Thumb Code     2  startup_tm4c123.o(.text)
    TIMER5A_Handler                          0x000003b1   Thumb Code     2  startup_tm4c123.o(.text)
    TIMER5B_Handler                          0x000003b3   Thumb Code     2  startup_tm4c123.o(.text)
    WTIMER0A_Handler                         0x000003b5   Thumb Code     2  startup_tm4c123.o(.text)
    WTIMER0B_Handler                         0x000003b7   Thumb Code     2  startup_tm4c123.o(.text)
    WTIMER1A_Handler                         0x000003b9   Thumb Code     2  startup_tm4c123.o(.text)
    WTIMER1B_Handler                         0x000003bb   Thumb Code     2  startup_tm4c123.o(.text)
    WTIMER2A_Handler                         0x000003bd   Thumb Code     2  startup_tm4c123.o(.text)
    WTIMER2B_Handler                         0x000003bf   Thumb Code     2  startup_tm4c123.o(.text)
    WTIMER3A_Handler                         0x000003c1   Thumb Code     2  startup_tm4c123.o(.text)
    WTIMER3B_Handler                         0x000003c3   Thumb Code     2  startup_tm4c123.o(.text)
    WTIMER4A_Handler                         0x000003c5   Thumb Code     2  startup_tm4c123.o(.text)
    WTIMER4B_Handler                         0x000003c7   Thumb Code     2  startup_tm4c123.o(.text)
    WTIMER5A_Handler                         0x000003c9   Thumb Code     2  startup_tm4c123.o(.text)
    WTIMER5B_Handler                         0x000003cb   Thumb Code     2  startup_tm4c123.o(.text)
    FPU_Handler                              0x000003cd   Thumb Code     2  startup_tm4c123.o(.text)
    I2C4_Handler                             0x000003cf   Thumb Code     2  startup_tm4c123.o(.text)
    I2C5_Handler                             0x000003d1   Thumb Code     2  startup_tm4c123.o(.text)
    GPIOM_Handler                            0x000003d3   Thumb Code     2  startup_tm4c123.o(.text)
    GPION_Handler                            0x000003d5   Thumb Code     2  startup_tm4c123.o(.text)
    QEI2_Handler                             0x000003d7   Thumb Code     2  startup_tm4c123.o(.text)
    GPIOP0_Handler                           0x000003d9   Thumb Code     2  startup_tm4c123.o(.text)
    GPIOP1_Handler                           0x000003db   Thumb Code     2  startup_tm4c123.o(.text)
    GPIOP2_Handler                           0x000003dd   Thumb Code     2  startup_tm4c123.o(.text)
    GPIOP3_Handler                           0x000003df   Thumb Code     2  startup_tm4c123.o(.text)
    GPIOP4_Handler                           0x000003e1   Thumb Code     2  startup_tm4c123.o(.text)
    GPIOP5_Handler                           0x000003e3   Thumb Code     2  startup_tm4c123.o(.text)
    GPIOP6_Handler                           0x000003e5   Thumb Code     2  startup_tm4c123.o(.text)
    GPIOP7_Handler                           0x000003e7   Thumb Code     2  startup_tm4c123.o(.text)
    GPIOQ0_Handler                           0x000003e9   Thumb Code     2  startup_tm4c123.o(.text)
    GPIOQ1_Handler                           0x000003eb   Thumb Code     2  startup_tm4c123.o(.text)
    GPIOQ2_Handler                           0x000003ed   Thumb Code     2  startup_tm4c123.o(.text)
    GPIOQ3_Handler                           0x000003ef   Thumb Code     2  startup_tm4c123.o(.text)
    GPIOQ4_Handler                           0x000003f1   Thumb Code     2  startup_tm4c123.o(.text)
    GPIOQ5_Handler                           0x000003f3   Thumb Code     2  startup_tm4c123.o(.text)
    GPIOQ6_Handler                           0x000003f5   Thumb Code     2  startup_tm4c123.o(.text)
    GPIOQ7_Handler                           0x000003f7   Thumb Code     2  startup_tm4c123.o(.text)
    GPIOR_Handler                            0x000003f9   Thumb Code     2  startup_tm4c123.o(.text)
    GPIOS_Handler                            0x000003fb   Thumb Code     2  startup_tm4c123.o(.text)
    PMW1_0_Handler                           0x000003fd   Thumb Code     2  startup_tm4c123.o(.text)
    PWM1_1_Handler                           0x000003ff   Thumb Code     2  startup_tm4c123.o(.text)
    PWM1_2_Handler                           0x00000401   Thumb Code     2  startup_tm4c123.o(.text)
    PWM1_3_Handler                           0x00000403   Thumb Code     2  startup_tm4c123.o(.text)
    PWM1_FAULT_Handler                       0x00000405   Thumb Code     2  startup_tm4c123.o(.text)
    __user_initial_stackheap                 0x00000409   Thumb Code     0  startup_tm4c123.o(.text)
    __aeabi_memcpy                           0x00000429   Thumb Code     0  rt_memcpy_v6.o(.text)
    __rt_memcpy                              0x00000429   Thumb Code   138  rt_memcpy_v6.o(.text)
    _memcpy_lastbytes                        0x0000048f   Thumb Code     0  rt_memcpy_v6.o(.text)
    __use_two_region_memory                  0x000004b3   Thumb Code     2  heapauxi.o(.text)
    __rt_heap_escrow$2region                 0x000004b5   Thumb Code     2  heapauxi.o(.text)
    __rt_heap_expand$2region                 0x000004b7   Thumb Code     2  heapauxi.o(.text)
    __aeabi_memcpy4                          0x000004b9   Thumb Code     0  rt_memcpy_w.o(.text)
    __aeabi_memcpy8                          0x000004b9   Thumb Code     0  rt_memcpy_w.o(.text)
    __rt_memcpy_w                            0x000004b9   Thumb Code   100  rt_memcpy_w.o(.text)
    _memcpy_lastbytes_aligned                0x00000501   Thumb Code     0  rt_memcpy_w.o(.text)
    __user_setup_stackheap                   0x0000051d   Thumb Code    74  sys_stackheap_outer.o(.text)
    exit                                     0x00000567   Thumb Code    18  exit.o(.text)
    __user_libspace                          0x00000579   Thumb Code     8  libspace.o(.text)
    __user_perproc_libspace                  0x00000579   Thumb Code     0  libspace.o(.text)
    _sys_exit                                0x00000581   Thumb Code     8  sys_exit.o(.text)
    __I$use$semihosting                      0x0000058d   Thumb Code     0  use_no_semi.o(.text)
    __use_no_semihosting_swi                 0x0000058d   Thumb Code     2  use_no_semi.o(.text)
    __semihosting_library_function           0x0000058f   Thumb Code     0  indicate_semi.o(.text)
    _fp_init                                 0x00000591   Thumb Code    22  clib_os.o(.text.$Sub$$_fp_init)
    PendSV_Handler                           0x000005b1   Thumb Code   100  port.o(.text.PendSV_Handler)
    SVC_Handler                              0x00000621   Thumb Code    36  port.o(.text.SVC_Handler)
    SysTick_Handler                          0x00000645   Thumb Code    30  cmsis_os2.o(.text.SysTick_Handler)
    SystemInit                               0x00000665   Thumb Code   268  system_tm4c123.o(.text.SystemInit)
    _mutex_acquire                           0x00000771   Thumb Code    40  clib_os.o(.text._mutex_acquire)
    _mutex_free                              0x00000799   Thumb Code    84  clib_os.o(.text._mutex_free)
    _mutex_initialize                        0x000007ed   Thumb Code   168  clib_os.o(.text._mutex_initialize)
    _mutex_release                           0x00000895   Thumb Code    42  clib_os.o(.text._mutex_release)
    _platform_post_stackheap_init            0x000008c1   Thumb Code     2  clib_os.o(.text._platform_post_stackheap_init)
    main                                     0x000008e5   Thumb Code    10  main.o(.text.main)
    pvPortMalloc                             0x00000e51   Thumb Code   438  heap_4.o(.text.pvPortMalloc)
    pvTaskIncrementMutexHeldCount            0x00001009   Thumb Code    36  tasks.o(.text.pvTaskIncrementMutexHeldCount)
    uxListRemove                             0x0000102d   Thumb Code    72  list.o(.text.uxListRemove)
    vApplicationStackOverflowHook            0x00001075   Thumb Code    10  cmsis_os2.o(.text.vApplicationStackOverflowHook)
    vListInitialise                          0x00001081   Thumb Code    46  list.o(.text.vListInitialise)
    vListInsert                              0x000010b1   Thumb Code   106  list.o(.text.vListInsert)
    vPortEnterCritical                       0x0000111d   Thumb Code    48  port.o(.text.vPortEnterCritical)
    vPortExitCritical                        0x0000114d   Thumb Code    38  port.o(.text.vPortExitCritical)
    vPortFree                                0x00001175   Thumb Code   118  heap_4.o(.text.vPortFree)
    vQueueDelete                             0x000011ed   Thumb Code    34  queue.o(.text.vQueueDelete)
    vTaskInternalSetTimeOutState             0x00001211   Thumb Code    36  tasks.o(.text.vTaskInternalSetTimeOutState)
    vTaskMissedYield                         0x00001235   Thumb Code    14  tasks.o(.text.vTaskMissedYield)
    vTaskPlaceOnEventList                    0x00001245   Thumb Code    38  tasks.o(.text.vTaskPlaceOnEventList)
    vTaskPriorityDisinheritAfterTimeout      0x0000126d   Thumb Code   312  tasks.o(.text.vTaskPriorityDisinheritAfterTimeout)
    vTaskSuspendAll                          0x000013a5   Thumb Code    16  tasks.o(.text.vTaskSuspendAll)
    vTaskSwitchContext                       0x000013b5   Thumb Code   284  tasks.o(.text.vTaskSwitchContext)
    xPortSysTickHandler                      0x000014d1   Thumb Code    62  port.o(.text.xPortSysTickHandler)
    xQueueCreateMutex                        0x00001511   Thumb Code    38  queue.o(.text.xQueueCreateMutex)
    xQueueCreateMutexStatic                  0x00001539   Thumb Code    50  queue.o(.text.xQueueCreateMutexStatic)
    xQueueGenericCreate                      0x0000156d   Thumb Code   134  queue.o(.text.xQueueGenericCreate)
    xQueueGenericCreateStatic                0x000015f5   Thumb Code   108  queue.o(.text.xQueueGenericCreateStatic)
    xQueueGenericReset                       0x00001661   Thumb Code   208  queue.o(.text.xQueueGenericReset)
    xQueueGenericSend                        0x00001731   Thumb Code   362  queue.o(.text.xQueueGenericSend)
    xQueueSemaphoreTake                      0x0000189d   Thumb Code   414  queue.o(.text.xQueueSemaphoreTake)
    xTaskCheckForTimeOut                     0x00001a3d   Thumb Code   196  tasks.o(.text.xTaskCheckForTimeOut)
    xTaskGetSchedulerState                   0x00001b01   Thumb Code    56  tasks.o(.text.xTaskGetSchedulerState)
    xTaskIncrementTick                       0x00001b39   Thumb Code   606  tasks.o(.text.xTaskIncrementTick)
    xTaskPriorityDisinherit                  0x00001d99   Thumb Code   242  tasks.o(.text.xTaskPriorityDisinherit)
    xTaskPriorityInherit                     0x00001e8d   Thumb Code   348  tasks.o(.text.xTaskPriorityInherit)
    xTaskRemoveFromEventList                 0x00001fe9   Thumb Code   404  tasks.o(.text.xTaskRemoveFromEventList)
    xTaskResumeAll                           0x0000217d   Thumb Code   574  tasks.o(.text.xTaskResumeAll)
    $Super$$_fp_init                         0x000023bb   Thumb Code    26  fpinit.o(x$fpl$fpinit)
    __fplib_config_fpu_vfp                   0x000023d3   Thumb Code     0  fpinit.o(x$fpl$fpinit)
    __fplib_config_pureend_doubles           0x000023d3   Thumb Code     0  fpinit.o(x$fpl$fpinit)
    Region$$Table$$Base                      0x000023d4   Number         0  anon$$obj.o(Region$$Table)
    Region$$Table$$Limit                     0x000023f4   Number         0  anon$$obj.o(Region$$Table)
    __libspace_start                         0x20000008   Data          96  libspace.o(.bss)
    __temporary_stack_top$libspace           0x20000068   Data           0  libspace.o(.bss)
    pxCurrentTCB                             0x2000020c   Data           4  tasks.o(.bss.pxCurrentTCB)



==============================================================================

Memory Map of the image

  Image Entry point : 0x00000315

  Load Region LR_1 (Base: 0x00000000, Size: 0x000023f8, Max: 0xffffffff, ABSOLUTE)

    Execution Region ER_RO (Exec base: 0x00000000, Load base: 0x00000000, Size: 0x000023f4, Max: 0xffffffff, ABSOLUTE)

    Exec Addr    Load Addr    Size         Type   Attr      Idx    E Section Name        Object

    0x00000000   0x00000000   0x0000026c   Data   RO          266    RESET               startup_tm4c123.o
    0x0000026c   0x0000026c   0x00000008   Code   RO          770  * !!!main             c_w.l(__main.o)
    0x00000274   0x00000274   0x00000034   Code   RO          937    !!!scatter          c_w.l(__scatter.o)
    0x000002a8   0x000002a8   0x0000001a   Code   RO          939    !!handler_copy      c_w.l(__scatter_copy.o)
    0x000002c2   0x000002c2   0x00000002   PAD
    0x000002c4   0x000002c4   0x0000001c   Code   RO          941    !!handler_zi        c_w.l(__scatter_zi.o)
    0x000002e0   0x000002e0   0x00000002   Code   RO          801    .ARM.Collect$$libinit$$00000000  c_w.l(libinit.o)
    0x000002e2   0x000002e2   0x00000004   Code   RO          807    .ARM.Collect$$libinit$$00000001  c_w.l(libinit2.o)
    0x000002e6   0x000002e6   0x00000000   Code   RO          810    .ARM.Collect$$libinit$$00000004  c_w.l(libinit2.o)
    0x000002e6   0x000002e6   0x00000000   Code   RO          812    .ARM.Collect$$libinit$$00000006  c_w.l(libinit2.o)
    0x000002e6   0x000002e6   0x00000000   Code   RO          815    .ARM.Collect$$libinit$$0000000C  c_w.l(libinit2.o)
    0x000002e6   0x000002e6   0x00000000   Code   RO          817    .ARM.Collect$$libinit$$0000000E  c_w.l(libinit2.o)
    0x000002e6   0x000002e6   0x00000000   Code   RO          819    .ARM.Collect$$libinit$$00000010  c_w.l(libinit2.o)
    0x000002e6   0x000002e6   0x00000000   Code   RO          822    .ARM.Collect$$libinit$$00000013  c_w.l(libinit2.o)
    0x000002e6   0x000002e6   0x00000000   Code   RO          824    .ARM.Collect$$libinit$$00000015  c_w.l(libinit2.o)
    0x000002e6   0x000002e6   0x00000000   Code   RO          826    .ARM.Collect$$libinit$$00000017  c_w.l(libinit2.o)
    0x000002e6   0x000002e6   0x00000000   Code   RO          828    .ARM.Collect$$libinit$$00000019  c_w.l(libinit2.o)
    0x000002e6   0x000002e6   0x00000000   Code   RO          830    .ARM.Collect$$libinit$$0000001B  c_w.l(libinit2.o)
    0x000002e6   0x000002e6   0x00000000   Code   RO          832    .ARM.Collect$$libinit$$0000001D  c_w.l(libinit2.o)
    0x000002e6   0x000002e6   0x00000000   Code   RO          834    .ARM.Collect$$libinit$$0000001F  c_w.l(libinit2.o)
    0x000002e6   0x000002e6   0x00000000   Code   RO          836    .ARM.Collect$$libinit$$00000021  c_w.l(libinit2.o)
    0x000002e6   0x000002e6   0x00000000   Code   RO          838    .ARM.Collect$$libinit$$00000023  c_w.l(libinit2.o)
    0x000002e6   0x000002e6   0x00000000   Code   RO          840    .ARM.Collect$$libinit$$00000025  c_w.l(libinit2.o)
    0x000002e6   0x000002e6   0x00000000   Code   RO          842    .ARM.Collect$$libinit$$00000027  c_w.l(libinit2.o)
    0x000002e6   0x000002e6   0x00000000   Code   RO          846    .ARM.Collect$$libinit$$0000002E  c_w.l(libinit2.o)
    0x000002e6   0x000002e6   0x00000000   Code   RO          848    .ARM.Collect$$libinit$$00000030  c_w.l(libinit2.o)
    0x000002e6   0x000002e6   0x00000000   Code   RO          850    .ARM.Collect$$libinit$$00000032  c_w.l(libinit2.o)
    0x000002e6   0x000002e6   0x00000000   Code   RO          852    .ARM.Collect$$libinit$$00000034  c_w.l(libinit2.o)
    0x000002e6   0x000002e6   0x00000002   Code   RO          853    .ARM.Collect$$libinit$$00000035  c_w.l(libinit2.o)
    0x000002e8   0x000002e8   0x00000002   Code   RO          873    .ARM.Collect$$libshutdown$$00000000  c_w.l(libshutdown.o)
    0x000002ea   0x000002ea   0x00000000   Code   RO          888    .ARM.Collect$$libshutdown$$00000002  c_w.l(libshutdown2.o)
    0x000002ea   0x000002ea   0x00000000   Code   RO          890    .ARM.Collect$$libshutdown$$00000004  c_w.l(libshutdown2.o)
    0x000002ea   0x000002ea   0x00000000   Code   RO          893    .ARM.Collect$$libshutdown$$00000007  c_w.l(libshutdown2.o)
    0x000002ea   0x000002ea   0x00000000   Code   RO          896    .ARM.Collect$$libshutdown$$0000000A  c_w.l(libshutdown2.o)
    0x000002ea   0x000002ea   0x00000000   Code   RO          898    .ARM.Collect$$libshutdown$$0000000C  c_w.l(libshutdown2.o)
    0x000002ea   0x000002ea   0x00000000   Code   RO          901    .ARM.Collect$$libshutdown$$0000000F  c_w.l(libshutdown2.o)
    0x000002ea   0x000002ea   0x00000002   Code   RO          902    .ARM.Collect$$libshutdown$$00000010  c_w.l(libshutdown2.o)
    0x000002ec   0x000002ec   0x00000000   Code   RO          774    .ARM.Collect$$rtentry$$00000000  c_w.l(__rtentry.o)
    0x000002ec   0x000002ec   0x00000000   Code   RO          780    .ARM.Collect$$rtentry$$00000002  c_w.l(__rtentry2.o)
    0x000002ec   0x000002ec   0x00000006   Code   RO          792    .ARM.Collect$$rtentry$$00000004  c_w.l(__rtentry4.o)
    0x000002f2   0x000002f2   0x00000008   Code   RO          781    .ARM.Collect$$rtentry$$00000008  c_w.l(__rtentry2.o)
    0x000002fa   0x000002fa   0x00000004   Code   RO          783    .ARM.Collect$$rtentry$$0000000A  c_w.l(__rtentry2.o)
    0x000002fe   0x000002fe   0x00000000   Code   RO          785    .ARM.Collect$$rtentry$$0000000C  c_w.l(__rtentry2.o)
    0x000002fe   0x000002fe   0x00000008   Code   RO          786    .ARM.Collect$$rtentry$$0000000D  c_w.l(__rtentry2.o)
    0x00000306   0x00000306   0x00000002   Code   RO          805    .ARM.Collect$$rtexit$$00000000  c_w.l(rtexit.o)
    0x00000308   0x00000308   0x00000000   Code   RO          855    .ARM.Collect$$rtexit$$00000002  c_w.l(rtexit2.o)
    0x00000308   0x00000308   0x00000004   Code   RO          856    .ARM.Collect$$rtexit$$00000003  c_w.l(rtexit2.o)
    0x0000030c   0x0000030c   0x00000006   Code   RO          857    .ARM.Collect$$rtexit$$00000004  c_w.l(rtexit2.o)
    0x00000312   0x00000312   0x00000002   PAD
    0x00000314   0x00000314   0x00000114   Code   RO          267  * .text               startup_tm4c123.o
    0x00000428   0x00000428   0x0000008a   Code   RO          760    .text               c_w.l(rt_memcpy_v6.o)
    0x000004b2   0x000004b2   0x00000006   Code   RO          768    .text               c_w.l(heapauxi.o)
    0x000004b8   0x000004b8   0x00000064   Code   RO          775    .text               c_w.l(rt_memcpy_w.o)
    0x0000051c   0x0000051c   0x0000004a   Code   RO          794    .text               c_w.l(sys_stackheap_outer.o)
    0x00000566   0x00000566   0x00000012   Code   RO          796    .text               c_w.l(exit.o)
    0x00000578   0x00000578   0x00000008   Code   RO          802    .text               c_w.l(libspace.o)
    0x00000580   0x00000580   0x0000000c   Code   RO          863    .text               c_w.l(sys_exit.o)
    0x0000058c   0x0000058c   0x00000002   Code   RO          878    .text               c_w.l(use_no_semi.o)
    0x0000058e   0x0000058e   0x00000000   Code   RO          880    .text               c_w.l(indicate_semi.o)
    0x0000058e   0x0000058e   0x00000002   PAD
    0x00000590   0x00000590   0x00000016   Code   RO           13    .text.$Sub$$_fp_init  clib_os.o
    0x000005a6   0x000005a6   0x0000000a   PAD
    0x000005b0   0x000005b0   0x00000064   Code   RO          365    .text.PendSV_Handler  port.o
    0x00000614   0x00000614   0x0000000c   PAD
    0x00000620   0x00000620   0x00000024   Code   RO          349    .text.SVC_Handler   port.o
    0x00000644   0x00000644   0x0000001e   Code   RO           40    .text.SysTick_Handler  cmsis_os2.o
    0x00000662   0x00000662   0x00000002   PAD
    0x00000664   0x00000664   0x0000010c   Code   RO          278    .text.SystemInit    system_tm4c123.o
    0x00000770   0x00000770   0x00000028   Code   RO           21    .text._mutex_acquire  clib_os.o
    0x00000798   0x00000798   0x00000054   Code   RO           27    .text._mutex_free   clib_os.o
    0x000007ec   0x000007ec   0x000000a8   Code   RO           19    .text._mutex_initialize  clib_os.o
    0x00000894   0x00000894   0x0000002a   Code   RO           25    .text._mutex_release  clib_os.o
    0x000008be   0x000008be   0x00000002   PAD
    0x000008c0   0x000008c0   0x00000002   Code   RO           11    .text._platform_post_stackheap_init  clib_os.o
    0x000008c2   0x000008c2   0x00000002   PAD
    0x000008c4   0x000008c4   0x00000020   Code   RO           23    .text.is_thread_mode  clib_os.o
    0x000008e4   0x000008e4   0x0000000a   Code   RO            2    .text.main          main.o
    0x000008ee   0x000008ee   0x00000002   PAD
    0x000008f0   0x000008f0   0x00000020   Code   RO           17    .text.os_kernel_is_active  clib_os.o
    0x00000910   0x00000910   0x0000010e   Code   RO          518    .text.prvAddCurrentTaskToDelayedList  tasks.o
    0x00000a1e   0x00000a1e   0x00000002   PAD
    0x00000a20   0x00000a20   0x000000cc   Code   RO          443    .text.prvCopyDataToQueue  queue.o
    0x00000aec   0x00000aec   0x00000026   Code   RO          459    .text.prvGetDisinheritPriorityAfterTimeout  queue.o
    0x00000b12   0x00000b12   0x00000002   PAD
    0x00000b14   0x00000b14   0x000000aa   Code   RO          379    .text.prvHeapInit   heap_4.o
    0x00000bbe   0x00000bbe   0x00000002   PAD
    0x00000bc0   0x00000bc0   0x0000002c   Code   RO          423    .text.prvInitialiseMutex  queue.o
    0x00000bec   0x00000bec   0x00000048   Code   RO          415    .text.prvInitialiseNewQueue  queue.o
    0x00000c34   0x00000c34   0x000000d8   Code   RO          383    .text.prvInsertBlockIntoFreeList  heap_4.o
    0x00000d0c   0x00000d0c   0x00000028   Code   RO          457    .text.prvIsQueueEmpty  queue.o
    0x00000d34   0x00000d34   0x0000002e   Code   RO          445    .text.prvIsQueueFull  queue.o
    0x00000d62   0x00000d62   0x00000002   PAD
    0x00000d64   0x00000d64   0x0000003c   Code   RO          510    .text.prvResetNextTaskUnblockTime  tasks.o
    0x00000da0   0x00000da0   0x000000ae   Code   RO          447    .text.prvUnlockQueue  queue.o
    0x00000e4e   0x00000e4e   0x00000002   PAD
    0x00000e50   0x00000e50   0x000001b6   Code   RO          377    .text.pvPortMalloc  heap_4.o
    0x00001006   0x00001006   0x00000002   PAD
    0x00001008   0x00001008   0x00000024   Code   RO          616    .text.pvTaskIncrementMutexHeldCount  tasks.o
    0x0000102c   0x0000102c   0x00000048   Code   RO          336    .text.uxListRemove  list.o
    0x00001074   0x00001074   0x0000000a   Code   RO          194    .text.vApplicationStackOverflowHook  cmsis_os2.o
    0x0000107e   0x0000107e   0x00000002   PAD
    0x00001080   0x00001080   0x0000002e   Code   RO          328    .text.vListInitialise  list.o
    0x000010ae   0x000010ae   0x00000002   PAD
    0x000010b0   0x000010b0   0x0000006a   Code   RO          334    .text.vListInsert   list.o
    0x0000111a   0x0000111a   0x00000002   PAD
    0x0000111c   0x0000111c   0x00000030   Code   RO          361    .text.vPortEnterCritical  port.o
    0x0000114c   0x0000114c   0x00000026   Code   RO          363    .text.vPortExitCritical  port.o
    0x00001172   0x00001172   0x00000002   PAD
    0x00001174   0x00001174   0x00000076   Code   RO          381    .text.vPortFree     heap_4.o
    0x000011ea   0x000011ea   0x00000002   PAD
    0x000011ec   0x000011ec   0x00000022   Code   RO          473    .text.vQueueDelete  queue.o
    0x0000120e   0x0000120e   0x00000002   PAD
    0x00001210   0x00001210   0x00000024   Code   RO          586    .text.vTaskInternalSetTimeOutState  tasks.o
    0x00001234   0x00001234   0x0000000e   Code   RO          590    .text.vTaskMissedYield  tasks.o
    0x00001242   0x00001242   0x00000002   PAD
    0x00001244   0x00001244   0x00000026   Code   RO          574    .text.vTaskPlaceOnEventList  tasks.o
    0x0000126a   0x0000126a   0x00000002   PAD
    0x0000126c   0x0000126c   0x00000138   Code   RO          612    .text.vTaskPriorityDisinheritAfterTimeout  tasks.o
    0x000013a4   0x000013a4   0x00000010   Code   RO          516    .text.vTaskSuspendAll  tasks.o
    0x000013b4   0x000013b4   0x0000011c   Code   RO          538    .text.vTaskSwitchContext  tasks.o
    0x000014d0   0x000014d0   0x0000003e   Code   RO          367    .text.xPortSysTickHandler  port.o
    0x0000150e   0x0000150e   0x00000002   PAD
    0x00001510   0x00001510   0x00000026   Code   RO          421    .text.xQueueCreateMutex  queue.o
    0x00001536   0x00001536   0x00000002   PAD
    0x00001538   0x00001538   0x00000032   Code   RO          425    .text.xQueueCreateMutexStatic  queue.o
    0x0000156a   0x0000156a   0x00000002   PAD
    0x0000156c   0x0000156c   0x00000086   Code   RO          419    .text.xQueueGenericCreate  queue.o
    0x000015f2   0x000015f2   0x00000002   PAD
    0x000015f4   0x000015f4   0x0000006c   Code   RO          413    .text.xQueueGenericCreateStatic  queue.o
    0x00001660   0x00001660   0x000000d0   Code   RO          411    .text.xQueueGenericReset  queue.o
    0x00001730   0x00001730   0x0000016a   Code   RO          433    .text.xQueueGenericSend  queue.o
    0x0000189a   0x0000189a   0x00000002   PAD
    0x0000189c   0x0000189c   0x0000019e   Code   RO          437    .text.xQueueSemaphoreTake  queue.o
    0x00001a3a   0x00001a3a   0x00000002   PAD
    0x00001a3c   0x00001a3c   0x000000c4   Code   RO          588    .text.xTaskCheckForTimeOut  tasks.o
    0x00001b00   0x00001b00   0x00000038   Code   RO          606    .text.xTaskGetSchedulerState  tasks.o
    0x00001b38   0x00001b38   0x0000025e   Code   RO          554    .text.xTaskIncrementTick  tasks.o
    0x00001d96   0x00001d96   0x00000002   PAD
    0x00001d98   0x00001d98   0x000000f2   Code   RO          610    .text.xTaskPriorityDisinherit  tasks.o
    0x00001e8a   0x00001e8a   0x00000002   PAD
    0x00001e8c   0x00001e8c   0x0000015c   Code   RO          608    .text.xTaskPriorityInherit  tasks.o
    0x00001fe8   0x00001fe8   0x00000194   Code   RO          580    .text.xTaskRemoveFromEventList  tasks.o
    0x0000217c   0x0000217c   0x0000023e   Code   RO          520    .text.xTaskResumeAll  tasks.o
    0x000023ba   0x000023ba   0x0000001a   Code   RO          772    x$fpl$fpinit        fz_wm.l(fpinit.o)
    0x000023d4   0x000023d4   0x00000020   Data   RO          936    Region$$Table       anon$$obj.o


    Execution Region ER_RW (Exec base: 0x20000000, Load base: 0x000023f4, Size: 0x00000004, Max: 0xffffffff, ABSOLUTE)

    Exec Addr    Load Addr    Size         Type   Attr      Idx    E Section Name        Object

    0x20000000   0x000023f4   0x00000004   Data   RW          369    .data.uxCriticalNesting  port.o


    Execution Region ER_ZI (Exec base: 0x20000008, Load base: 0x000023f8, Size: 0x000028d8, Max: 0xffffffff, ABSOLUTE)

    Exec Addr    Load Addr    Size         Type   Attr      Idx    E Section Name        Object

    0x20000008        -       0x00000060   Zero   RW          803    .bss                c_w.l(libspace.o)
    0x20000068        -       0x00000190   Zero   RW           32    .bss.clib_mutex_cb  clib_os.o
    0x200001f8        -       0x00000014   Zero   RW           31    .bss.clib_mutex_id  clib_os.o
    0x2000020c        -       0x00000004   Zero   RW          644    .bss.pxCurrentTCB   tasks.o
    0x20000210        -       0x00000004   Zero   RW          651    .bss.pxDelayedTaskList  tasks.o
    0x20000214        -       0x00000004   Zero   RW          397    .bss.pxEnd          heap_4.o
    0x20000218        -       0x00000004   Zero   RW          652    .bss.pxOverflowDelayedTaskList  tasks.o
    0x2000021c        -       0x00000460   Zero   RW          655    .bss.pxReadyTasksLists  tasks.o
    0x2000067c        -       0x00002000   Zero   RW          403    .bss.ucHeap         heap_4.o
    0x2000267c        -       0x00000004   Zero   RW          649    .bss.uxCurrentNumberOfTasks  tasks.o
    0x20002680        -       0x00000004   Zero   RW          657    .bss.uxSchedulerSuspended  tasks.o
    0x20002684        -       0x00000004   Zero   RW          656    .bss.uxTopReadyPriority  tasks.o
    0x20002688        -       0x00000004   Zero   RW          398    .bss.xFreeBytesRemaining  heap_4.o
    0x2000268c        -       0x00000004   Zero   RW          400    .bss.xMinimumEverFreeBytesRemaining  heap_4.o
    0x20002690        -       0x00000004   Zero   RW          659    .bss.xNextTaskUnblockTime  tasks.o
    0x20002694        -       0x00000004   Zero   RW          663    .bss.xNumOfOverflows  tasks.o
    0x20002698        -       0x00000004   Zero   RW          401    .bss.xNumberOfSuccessfulAllocations  heap_4.o
    0x2000269c        -       0x00000004   Zero   RW          402    .bss.xNumberOfSuccessfulFrees  heap_4.o
    0x200026a0        -       0x00000004   Zero   RW          662    .bss.xPendedTicks   tasks.o
    0x200026a4        -       0x00000014   Zero   RW          653    .bss.xPendingReadyList  tasks.o
    0x200026b8        -       0x00000004   Zero   RW          646    .bss.xSchedulerRunning  tasks.o
    0x200026bc        -       0x00000008   Zero   RW          399    .bss.xStart         heap_4.o
    0x200026c4        -       0x00000014   Zero   RW          654    .bss.xSuspendedTaskList  tasks.o
    0x200026d8        -       0x00000004   Zero   RW          650    .bss.xTickCount     tasks.o
    0x200026dc        -       0x00000004   Zero   RW          658    .bss.xYieldPendings  tasks.o
    0x200026e0        -       0x00000000   Zero   RW          265    HEAP                startup_tm4c123.o
    0x200026e0        -       0x00000200   Zero   RW          264    STACK               startup_tm4c123.o


==============================================================================

Image component sizes


      Code (inc. data)   RO Data    RW Data    ZI Data      Debug   Object Name

       422          0          0          0        420       4298   clib_os.o
        40          0          0          0          0      29868   cmsis_os2.o
       942          0          0          0       8220       4523   heap_4.o
       224          0          0          0          0       2338   list.o
        10          0          0          0          0        360   main.o
       284          8          0          4          0       2946   port.o
      1966          0          0          0          0      14886   queue.o
       276         24        620          0        512       5488   startup_tm4c123.o
       268          0          0          0          0       6798   system_tm4c123.o
      3492          0          0          0       1208      27375   tasks.o

    ----------------------------------------------------------------------
      7998         44        652          4      10360      98880   Object Totals
         0          0         32          0          0          0   (incl. Generated)
        74         12          0          0          0          0   (incl. Padding)

    ----------------------------------------------------------------------

      Code (inc. data)   RO Data    RW Data    ZI Data      Debug   Library Member Name

         8          0          0          0          0         68   __main.o
         0          0          0          0          0          0   __rtentry.o
        20          0          0          0          0          0   __rtentry2.o
         6          0          0          0          0          0   __rtentry4.o
        52          8          0          0          0          0   __scatter.o
        26          0          0          0          0          0   __scatter_copy.o
        28          0          0          0          0          0   __scatter_zi.o
        18          0          0          0          0         80   exit.o
         6          0          0          0          0        152   heapauxi.o
         0          0          0          0          0          0   indicate_semi.o
         2          0          0          0          0          0   libinit.o
         6          0          0          0          0          0   libinit2.o
         2          0          0          0          0          0   libshutdown.o
         2          0          0          0          0          0   libshutdown2.o
         8          4          0          0         96         68   libspace.o
       138          0          0          0          0         68   rt_memcpy_v6.o
       100          0          0          0          0         80   rt_memcpy_w.o
         2          0          0          0          0          0   rtexit.o
        10          0          0          0          0          0   rtexit2.o
        12          4          0          0          0         68   sys_exit.o
        74          0          0          0          0         80   sys_stackheap_outer.o
         2          0          0          0          0         68   use_no_semi.o
        26          0          0          0          0        116   fpinit.o

    ----------------------------------------------------------------------
       554         16          0          0         96        848   Library Totals
         6          0          0          0          0          0   (incl. Padding)

    ----------------------------------------------------------------------

      Code (inc. data)   RO Data    RW Data    ZI Data      Debug   Library Name

       522         16          0          0         96        732   c_w.l
        26          0          0          0          0        116   fz_wm.l

    ----------------------------------------------------------------------
       554         16          0          0         96        848   Library Totals

    ----------------------------------------------------------------------

==============================================================================


      Code (inc. data)   RO Data    RW Data    ZI Data      Debug   

      8552         60        652          4      10456      99308   Grand Totals
      8552         60        652          4      10456      99308   ELF Image Totals
      8552         60        652          4          0          0   ROM Totals

==============================================================================

    Total RO  Size (Code + RO Data)                 9204 (   8.99kB)
    Total RW  Size (RW Data + ZI Data)             10460 (  10.21kB)
    Total ROM Size (Code + RO Data + RW Data)       9208 (   8.99kB)

==============================================================================

